Component: ARM Compiler 5.06 update 2 (build 183) Tool: armlink [4d35b7]

==============================================================================

Section Cross References

    startup_stm32f10x_md.o(STACK) refers (Special) to heapauxi.o(.text) for __use_two_region_memory
    startup_stm32f10x_md.o(HEAP) refers (Special) to heapauxi.o(.text) for __use_two_region_memory
    startup_stm32f10x_md.o(RESET) refers (Special) to heapauxi.o(.text) for __use_two_region_memory
    startup_stm32f10x_md.o(RESET) refers to startup_stm32f10x_md.o(STACK) for __initial_sp
    startup_stm32f10x_md.o(RESET) refers to startup_stm32f10x_md.o(.text) for Reset_Handler
    startup_stm32f10x_md.o(RESET) refers to stm32f10x_it.o(i.NMI_Handler) for NMI_Handler
    startup_stm32f10x_md.o(RESET) refers to stm32f10x_it.o(i.HardFault_Handler) for HardFault_Handler
    startup_stm32f10x_md.o(RESET) refers to stm32f10x_it.o(i.MemManage_Handler) for MemManage_Handler
    startup_stm32f10x_md.o(RESET) refers to stm32f10x_it.o(i.BusFault_Handler) for BusFault_Handler
    startup_stm32f10x_md.o(RESET) refers to stm32f10x_it.o(i.UsageFault_Handler) for UsageFault_Handler
    startup_stm32f10x_md.o(RESET) refers to stm32f10x_it.o(i.SVC_Handler) for SVC_Handler
    startup_stm32f10x_md.o(RESET) refers to stm32f10x_it.o(i.DebugMon_Handler) for DebugMon_Handler
    startup_stm32f10x_md.o(RESET) refers to stm32f10x_it.o(i.PendSV_Handler) for PendSV_Handler
    startup_stm32f10x_md.o(RESET) refers to stm32f10x_it.o(i.SysTick_Handler) for SysTick_Handler
    startup_stm32f10x_md.o(RESET) refers to rtc.o(i.RTC_IRQHandler) for RTC_IRQHandler
    startup_stm32f10x_md.o(RESET) refers to usart1.o(i.USART1_IRQHandler) for USART1_IRQHandler
    startup_stm32f10x_md.o(RESET) refers to usart2.o(i.USART2_IRQHandler) for USART2_IRQHandler
    startup_stm32f10x_md.o(.text) refers (Special) to heapauxi.o(.text) for __use_two_region_memory
    startup_stm32f10x_md.o(.text) refers to system_stm32f10x.o(i.SystemInit) for SystemInit
    startup_stm32f10x_md.o(.text) refers to __main.o(!!!main) for __main
    startup_stm32f10x_md.o(.text) refers to startup_stm32f10x_md.o(HEAP) for Heap_Mem
    startup_stm32f10x_md.o(.text) refers to startup_stm32f10x_md.o(STACK) for Stack_Mem
    stm32f10x_rcc.o(i.RCC_GetClocksFreq) refers to stm32f10x_rcc.o(.data) for APBAHBPrescTable
    stm32f10x_rcc.o(i.RCC_WaitForHSEStartUp) refers to stm32f10x_rcc.o(i.RCC_GetFlagStatus) for RCC_GetFlagStatus
    stm32f10x_gpio.o(i.GPIO_AFIODeInit) refers to stm32f10x_rcc.o(i.RCC_APB2PeriphResetCmd) for RCC_APB2PeriphResetCmd
    stm32f10x_gpio.o(i.GPIO_DeInit) refers to stm32f10x_rcc.o(i.RCC_APB2PeriphResetCmd) for RCC_APB2PeriphResetCmd
    stm32f10x_usart.o(i.USART_DeInit) refers to stm32f10x_rcc.o(i.RCC_APB2PeriphResetCmd) for RCC_APB2PeriphResetCmd
    stm32f10x_usart.o(i.USART_DeInit) refers to stm32f10x_rcc.o(i.RCC_APB1PeriphResetCmd) for RCC_APB1PeriphResetCmd
    stm32f10x_usart.o(i.USART_Init) refers to stm32f10x_rcc.o(i.RCC_GetClocksFreq) for RCC_GetClocksFreq
    stm32f10x_i2c.o(i.I2C_DeInit) refers to stm32f10x_rcc.o(i.RCC_APB1PeriphResetCmd) for RCC_APB1PeriphResetCmd
    stm32f10x_i2c.o(i.I2C_Init) refers to stm32f10x_rcc.o(i.RCC_GetClocksFreq) for RCC_GetClocksFreq
    stm32f10x_adc.o(i.ADC_DeInit) refers to stm32f10x_rcc.o(i.RCC_APB2PeriphResetCmd) for RCC_APB2PeriphResetCmd
    stm32f10x_bkp.o(i.BKP_DeInit) refers to stm32f10x_rcc.o(i.RCC_BackupResetCmd) for RCC_BackupResetCmd
    stm32f10x_pwr.o(i.PWR_DeInit) refers to stm32f10x_rcc.o(i.RCC_APB1PeriphResetCmd) for RCC_APB1PeriphResetCmd
    stm32f10x_rtc.o(i.RTC_SetAlarm) refers to stm32f10x_rtc.o(i.RTC_EnterConfigMode) for RTC_EnterConfigMode
    stm32f10x_rtc.o(i.RTC_SetAlarm) refers to stm32f10x_rtc.o(i.RTC_ExitConfigMode) for RTC_ExitConfigMode
    stm32f10x_rtc.o(i.RTC_SetCounter) refers to stm32f10x_rtc.o(i.RTC_EnterConfigMode) for RTC_EnterConfigMode
    stm32f10x_rtc.o(i.RTC_SetCounter) refers to stm32f10x_rtc.o(i.RTC_ExitConfigMode) for RTC_ExitConfigMode
    stm32f10x_rtc.o(i.RTC_SetPrescaler) refers to stm32f10x_rtc.o(i.RTC_EnterConfigMode) for RTC_EnterConfigMode
    stm32f10x_rtc.o(i.RTC_SetPrescaler) refers to stm32f10x_rtc.o(i.RTC_ExitConfigMode) for RTC_ExitConfigMode
    led.o(i.led_init) refers to stm32f10x_rcc.o(i.RCC_APB2PeriphClockCmd) for RCC_APB2PeriphClockCmd
    led.o(i.led_init) refers to stm32f10x_gpio.o(i.GPIO_Init) for GPIO_Init
    buzzer.o(i.buzzer_init) refers to stm32f10x_rcc.o(i.RCC_APB2PeriphClockCmd) for RCC_APB2PeriphClockCmd
    buzzer.o(i.buzzer_init) refers to stm32f10x_gpio.o(i.GPIO_Init) for GPIO_Init
    button.o(i.button_init) refers to stm32f10x_rcc.o(i.RCC_APB2PeriphClockCmd) for RCC_APB2PeriphClockCmd
    button.o(i.button_init) refers to stm32f10x_gpio.o(i.GPIO_Init) for GPIO_Init
    delay.o(i.delay_init) refers to misc.o(i.SysTick_CLKSourceConfig) for SysTick_CLKSourceConfig
[...]
    i.IIC_Stop                               0x08001b3c   Section        0  gpio_iic.o(i.IIC_Stop)
    i.IIC_Wait_Ack                           0x08001b78   Section        0  gpio_iic.o(i.IIC_Wait_Ack)
    i.IWDG_Enable                            0x08001bc4   Section        0  stm32f10x_iwdg.o(i.IWDG_Enable)
    i.IWDG_ReloadCounter                     0x08001bd4   Section        0  stm32f10x_iwdg.o(i.IWDG_ReloadCounter)
    i.IWDG_SetPrescaler                      0x08001be4   Section        0  stm32f10x_iwdg.o(i.IWDG_SetPrescaler)
    i.IWDG_SetReload                         0x08001bf0   Section        0  stm32f10x_iwdg.o(i.IWDG_SetReload)
    i.IWDG_WriteAccessCmd                    0x08001bfc   Section        0  stm32f10x_iwdg.o(i.IWDG_WriteAccessCmd)
    i.MemManage_Handler                      0x08001c08   Section        0  stm32f10x_it.o(i.MemManage_Handler)
    i.NMI_Handler                            0x08001c0c   Section        0  stm32f10x_it.o(i.NMI_Handler)
    i.NVIC_Configuration                     0x08001c0e   Section        0  rtc.o(i.NVIC_Configuration)
    i.NVIC_Init                              0x08001c38   Section        0  misc.o(i.NVIC_Init)
    i.NVIC_PriorityGroupConfig               0x08001ca8   Section        0  misc.o(i.NVIC_PriorityGroupConfig)
    i.OLED_Clear                             0x08001cbc   Section        0  oled.o(i.OLED_Clear)
    i.OLED_Init                              0x08001cfc   Section        0  oled.o(i.OLED_Init)
    i.OLED_Set_Pos                           0x08001de4   Section        0  oled.o(i.OLED_Set_Pos)
    i.OLED_ShowChar                          0x08001e30   Section        0  oled.o(i.OLED_ShowChar)
    i.OLED_ShowFIre                          0x08001ed4   Section        0  oled.o(i.OLED_ShowFIre)
    i.OLED_ShowString                        0x08001f3c   Section        0  oled.o(i.OLED_ShowString)
    i.OLED_ShowTEmp                          0x08001f78   Section        0  oled.o(i.OLED_ShowTEmp)
    i.OLED_WR_Byte                           0x08001fe0   Section        0  oled.o(i.OLED_WR_Byte)
    i.PWR_BackupAccessCmd                    0x08001ff8   Section        0  stm32f10x_pwr.o(i.PWR_BackupAccessCmd)
    i.PendSV_Handler                         0x08002004   Section        0  stm32f10x_it.o(i.PendSV_Handler)
    i.RCC_APB1PeriphClockCmd                 0x08002008   Section        0  stm32f10x_rcc.o(i.RCC_APB1PeriphClockCmd)
    i.RCC_APB2PeriphClockCmd                 0x08002028   Section        0  stm32f10x_rcc.o(i.RCC_APB2PeriphClockCmd)
    i.RCC_BackupResetCmd                     0x08002048   Section        0  stm32f10x_rcc.o(i.RCC_BackupResetCmd)
    i.RCC_GetClocksFreq                      0x08002054   Section        0  stm32f10x_rcc.o(i.RCC_GetClocksFreq)
    i.RCC_GetFlagStatus                      0x08002128   Section        0  stm32f10x_rcc.o(i.RCC_GetFlagStatus)
    i.RCC_LSEConfig                          0x08002164   Section        0  stm32f10x_rcc.o(i.RCC_LSEConfig)
    i.RCC_RTCCLKCmd                          0x08002198   Section        0  stm32f10x_rcc.o(i.RCC_RTCCLKCmd)
    i.RCC_RTCCLKConfig                       0x080021a4   Section        0  stm32f10x_rcc.o(i.RCC_RTCCLKConfig)
    i.RTC_ClearITPendingBit                  0x080021b4   Section        0  stm32f10x_rtc.o(i.RTC_ClearITPendingBit)
    i.RTC_Configuration                      0x080021c4   Section        0  rtc.o(i.RTC_Configuration)
    i.RTC_EnterConfigMode                    0x08002224   Section        0  stm32f10x_rtc.o(i.RTC_EnterConfigMode)
    i.RTC_ExitConfigMode                     0x08002238   Section        0  stm32f10x_rtc.o(i.RTC_ExitConfigMode)
    i.RTC_GetCounter                         0x0800224c   Section        0  stm32f10x_rtc.o(i.RTC_GetCounter)
    i.RTC_GetITStatus                        0x08002260   Section        0  stm32f10x_rtc.o(i.RTC_GetITStatus)
    i.RTC_IRQHandler                         0x08002284   Section        0  rtc.o(i.RTC_IRQHandler)
    i.RTC_ITConfig                           0x080022a4   Section        0  stm32f10x_rtc.o(i.RTC_ITConfig)
    i.RTC_SetCounter                         0x080022c4   Section        0  stm32f10x_rtc.o(i.RTC_SetCounter)
    i.RTC_SetPrescaler                       0x080022e0   Section        0  stm32f10x_rtc.o(i.RTC_SetPrescaler)
    i.RTC_WaitForLastTask                    0x08002300   Section        0  stm32f10x_rtc.o(i.RTC_WaitForLastTask)
    i.RTC_WaitForSynchro                     0x08002314   Section        0  stm32f10x_rtc.o(i.RTC_WaitForSynchro)
    i.SVC_Handler                            0x08002338   Section        0  stm32f10x_it.o(i.SVC_Handler)
    i.SetSysClock                            0x0800233a   Section        0  system_stm32f10x.o(i.SetSysClock)
    SetSysClock                              0x0800233b   Thumb Code     8  system_stm32f10x.o(i.SetSysClock)
    i.SetSysClockTo72                        0x08002344   Section        0  system_stm32f10x.o(i.SetSysClockTo72)
    SetSysClockTo72                          0x08002345   Thumb Code   214  system_stm32f10x.o(i.SetSysClockTo72)
    i.SysTick_CLKSourceConfig                0x08002424   Section        0  misc.o(i.SysTick_CLKSourceConfig)
    i.SysTick_Handler                        0x0800244c   Section        0  stm32f10x_it.o(i.SysTick_Handler)
    i.SystemInit                             0x08002450   Section        0  system_stm32f10x.o(i.SystemInit)
    i.USART1_IRQHandler                      0x080024b0   Section        0  usart1.o(i.USART1_IRQHandler)
    i.USART2_IRQHandler                      0x08002530   Section        0  usart2.o(i.USART2_IRQHandler)
    i.USART_ClearFlag                        0x08002560   Section        0  stm32f10x_usart.o(i.USART_ClearFlag)
    i.USART_ClearITPendingBit                0x08002572   Section        0  stm32f10x_usart.o(i.USART_ClearITPendingBit)
    i.USART_Cmd                              0x08002590   Section        0  stm32f10x_usart.o(i.USART_Cmd)
    i.USART_GetFlagStatus                    0x080025a8   Section        0  stm32f10x_usart.o(i.USART_GetFlagStatus)
    i.USART_GetITStatus                      0x080025c2   Section        0  stm32f10x_usart.o(i.USART_GetITStatus)
    i.USART_ITConfig                         0x08002616   Section        0  stm32f10x_usart.o(i.USART_ITConfig)
    i.USART_Init                             0x08002660   Section        0  stm32f10x_usart.o(i.USART_Init)
    i.USART_ReceiveData                      0x08002738   Section        0  stm32f10x_usart.o(i.USART_ReceiveData)
    i.USART_SendData                         0x08002742   Section        0  stm32f10x_usart.o(i.USART_SendData)
    i.UsageFault_Handler                     0x0800274a   Section        0  stm32f10x_it.o(i.UsageFault_Handler)
    i.Write_IIC_Command                      0x0800274e   Section        0  oled.o(i.Write_IIC_Command)
    i.Write_IIC_Data                         0x0800277a   Section        0  oled.o(i.Write_IIC_Data)
    i.__ARM_fpclassify                       0x080027a6   Section        0  fpclassify.o(i.__ARM_fpclassify)
    i._is_digit                              0x080027ce   Section        0  __printf_wp.o(i._is_digit)
    i.adc_get_value                          0x080027dc   Section        0  mq5.o(i.adc_get_value)
    i.adc_init                               0x080027ec   Section        0  mq5.o(i.adc_init)
    i.adc_start                              0x08002868   Section        0  mq5.o(i.adc_start)
    i.adc_wait                               0x08002878   Section        0  mq5.o(i.adc_wait)
    i.buzzer_init                            0x08002898   Section        0  buzzer.o(i.buzzer_init)
    i.buzzer_off                             0x080028cc   Section        0  buzzer.o(i.buzzer_off)
    i.buzzer_on                              0x080028d8   Section        0  buzzer.o(i.buzzer_on)
    i.conv_time                              0x080028e4   Section        0  rtc.o(i.conv_time)
    i.dataHandler                            0x080029cc   Section        0  esp8266.o(i.dataHandler)
    i.delay_init                             0x08002b84   Section        0  delay.o(i.delay_init)
    i.delay_ms                               0x08002bb8   Section        0  delay.o(i.delay_ms)
    i.delay_us                               0x08002bf0   Section        0  delay.o(i.delay_us)
    i.delay_xms                              0x08002c3c   Section        0  delay.o(i.delay_xms)
    i.digit_show_data                        0x08002c88   Section        0  ldt.o(i.digit_show_data)
    i.download_sensor_status                 0x08002d20   Section        0  iot.o(i.download_sensor_status)
    i.esp8266_connect                        0x08002d84   Section        0  esp8266.o(i.esp8266_connect)
    i.esp8266_disconnect                     0x08002dfc   Section        0  esp8266.o(i.esp8266_disconnect)
    i.esp8266_init                           0x08002e18   Section        0  esp8266.o(i.esp8266_init)
    i.esp8266_link_wifi                      0x08002e20   Section        0  esp8266.o(i.esp8266_link_wifi)
    i.esp8266_send                           0x08002f24   Section        0  esp8266.o(i.esp8266_send)
    i.fan_init                               0x08002f88   Section        0  fan.o(i.fan_init)
    i.fan_off                                0x08002fbc   Section        0  fan.o(i.fan_off)
    i.fan_on                                 0x08002fc8   Section        0  fan.o(i.fan_on)
    i.fire_get_state                         0x08002fd4   Section        0  fire.o(i.fire_get_state)
    i.fire_init                              0x08002fe0   Section        0  fire.o(i.fire_init)
    i.get_time                               0x08003004   Section        0  rtc.o(i.get_time)
    i.hc138_out_data                         0x08003018   Section        0  ldt.o(i.hc138_out_data)
    i.hc595_send_data                        0x08003088   Section        0  ldt.o(i.hc595_send_data)
    i.isLeapYear                             0x080030cc   Section        0  rtc.o(i.isLeapYear)
    isLeapYear                               0x080030cd   Thumb Code    52  rtc.o(i.isLeapYear)
    i.iwdg_feed_dog                          0x08003100   Section        0  iwdg.o(i.iwdg_feed_dog)
    i.iwdg_init                              0x08003108   Section        0  iwdg.o(i.iwdg_init)
    i.ldt_init                               0x0800312c   Section        0  ldt.o(i.ldt_init)
    i.led_init                               0x080031bc   Section        0  led.o(i.led_init)
    i.led_off                                0x08003200   Section        0  led.o(i.led_off)
    i.led_on                                 0x08003234   Section        0  led.o(i.led_on)
    i.main                                   0x08003268   Section        0  main.o(i.main)
    i.mq5_get_value                          0x08003664   Section        0  mq5.o(i.mq5_get_value)
    i.mq5_init                               0x08003674   Section        0  mq5.o(i.mq5_init)
    i.recv_handler                           0x0800367c   Section        0  main.o(i.recv_handler)
    i.rtc_init                               0x08003700   Section        0  rtc.o(i.rtc_init)
    i.set_time                               0x08003754   Section        0  rtc.o(i.set_time)
    i.set_wifi_recv_handler                  0x0800381c   Section        0  esp8266.o(i.set_wifi_recv_handler)
    i.sht_init                               0x08003828   Section        0  sht.o(i.sht_init)
    i.sht_read_data                          0x08003830   Section        0  sht.o(i.sht_read_data)
    i.sht_write_mode                         0x080038fc   Section        0  sht.o(i.sht_write_mode)
    i.sht_write_read_cmd                     0x0800393e   Section        0  sht.o(i.sht_write_read_cmd)
    i.upload_sensor_data                     0x08003974   Section        0  iot.o(i.upload_sensor_data)
    i.upload_sensor_status                   0x080039e8   Section        0  iot.o(i.upload_sensor_status)
    i.usart_2_init                           0x08003a5c   Section        0  usart2.o(i.usart_2_init)
    i.usart_2_send_byte                      0x08003b14   Section        0  usart2.o(i.usart_2_send_byte)
    i.usart_2_send_data                      0x08003b3c   Section        0  usart2.o(i.usart_2_send_data)
    locale$$code                             0x08003b54   Section       44  lc_numeric_c.o(locale$$code)
    locale$$code                             0x08003b80   Section       44  lc_ctype_c.o(locale$$code)
    x$fpl$dadd                               0x08003bac   Section      336  daddsub_clz.o(x$fpl$dadd)
    _dadd1                                   0x08003bbd   Thumb Code     0  daddsub_clz.o(x$fpl$dadd)
    x$fpl$dcmpinf                            0x08003cfc   Section       24  dcmpi.o(x$fpl$dcmpinf)
    x$fpl$ddiv                               0x08003d14   Section      688  ddiv.o(x$fpl$ddiv)
    ddiv_entry                               0x08003d1b   Thumb Code     0  ddiv.o(x$fpl$ddiv)
    x$fpl$dflt                               0x08003fc4   Section       46  dflt_clz.o(x$fpl$dflt)
    x$fpl$dfltu                              0x08003ff2   Section       38  dflt_clz.o(x$fpl$dfltu)
    x$fpl$dleqf                              0x08004018   Section      120  dleqf.o(x$fpl$dleqf)
    x$fpl$dmul                               0x08004090   Section      340  dmul.o(x$fpl$dmul)
    x$fpl$dnaninf                            0x080041e4   Section      156  dnaninf.o(x$fpl$dnaninf)
    x$fpl$dretinf                            0x08004280   Section       12  dretinf.o(x$fpl$dretinf)
    x$fpl$drleqf                             0x0800428c   Section      108  drleqf.o(x$fpl$drleqf)
    x$fpl$dsub                               0x080042f8   Section      468  daddsub_clz.o(x$fpl$dsub)
    _dsub1                                   0x08004309   Thumb Code     0  daddsub_clz.o(x$fpl$dsub)
    x$fpl$printf1                            0x080044cc   Section        4  printf1.o(x$fpl$printf1)
    .constdata                               0x080044d0   Section     2072  oled.o(.constdata)
    x$fpl$usenofp                            0x080044d0   Section        0  usenofp.o(x$fpl$usenofp)
    F6x8                                     0x080044d0   Data         552  oled.o(.constdata)
    F8X16                                    0x080046f8   Data        1520  oled.o(.constdata)
    .constdata                               0x08004ce8   Section       12  rtc.o(.constdata)
    .constdata                               0x08004cf4   Section     2100  main.o(.constdata)
    F6x8                                     0x08004cf4   Data         552  main.o(.constdata)
    F8X16                                    0x08004f1c   Data        1520  main.o(.constdata)
    .constdata                               0x08005528   Section       17  __printf_flags_wp.o(.constdata)
    maptable                                 0x08005528   Data          17  __printf_flags_wp.o(.constdata)
    .constdata                               0x0800553c   Section      148  bigflt0.o(.constdata)
    tenpwrs_x                                0x0800553c   Data          60  bigflt0.o(.constdata)
    tenpwrs_i                                0x08005578   Data          64  bigflt0.o(.constdata)
    .conststring                             0x080055d0   Section      232  iot.o(.conststring)
    locale$$data                             0x080056d8   Section       28  lc_numeric_c.o(locale$$data)
    __lcnum_c_name                           0x080056dc   Data           2  lc_numeric_c.o(locale$$data)
    __lcnum_c_start                          0x080056e4   Data           0  lc_numeric_c.o(locale$$data)
    __lcnum_c_point                          0x080056f0   Data           0  lc_numeric_c.o(locale$$data)
    __lcnum_c_thousands                      0x080056f2   Data           0  lc_numeric_c.o(locale$$data)
    __lcnum_c_grouping                       0x080056f3   Data           0  lc_numeric_c.o(locale$$data)
    locale$$data                             0x080056f4   Section      272  lc_ctype_c.o(locale$$data)
    __lcnum_c_end                            0x080056f4   Data           0  lc_numeric_c.o(locale$$data)
    __lcctype_c_name                         0x080056f8   Data           2  lc_ctype_c.o(locale$$data)
    __lcctype_c_start                        0x08005700   Data           0  lc_ctype_c.o(locale$$data)
    __lcctype_c_end                          0x08005804   Data           0  lc_ctype_c.o(locale$$data)
    .data                                    0x20000000   Section       20  stm32f10x_rcc.o(.data)
    APBAHBPrescTable                         0x20000000   Data          16  stm32f10x_rcc.o(.data)
    ADCPrescTable                            0x20000010   Data           4  stm32f10x_rcc.o(.data)
    .data                                    0x20000014   Section        4  delay.o(.data)
    fac_us                                   0x20000014   Data           1  delay.o(.data)
    fac_ms                                   0x20000016   Data           2  delay.o(.data)
    .data                                    0x20000018   Section       12  usart1.o(.data)
    i                                        0x2000001c   Data           4  usart1.o(.data)
    recv_flag                                0x20000020   Data           4  usart1.o(.data)
    .data                                    0x20000024   Section       12  gpio_iic.o(.data)
    .data                                    0x20000030   Section     1472  oled.o(.data)
    Temp                                     0x20000030   Data         128  oled.o(.data)
    Hum                                      0x200000b0   Data         128  oled.o(.data)
    T                                        0x20000130   Data          64  oled.o(.data)
    Fire                                     0x20000170   Data         128  oled.o(.data)
    Frame                                    0x200001f0   Data        1024  oled.o(.data)
    .data                                    0x200005f0   Section       40  esp8266.o(.data)
    flag                                     0x200005f0   Data           4  esp8266.o(.data)
    ok_flag                                  0x200005f4   Data           4  esp8266.o(.data)
    len                                      0x200005f8   Data           4  esp8266.o(.data)
    data_flag                                0x200005fc   Data           4  esp8266.o(.data)
    len_buf                                  0x20000604   Data           5  esp8266.o(.data)
    i                                        0x2000060c   Data           4  esp8266.o(.data)
    index                                    0x20000610   Data           4  esp8266.o(.data)
    done                                     0x20000614   Data           4  esp8266.o(.data)
    .data                                    0x20000618   Section     1476  main.o(.data)
    Temp                                     0x20000618   Data         128  main.o(.data)
    Hum                                      0x20000698   Data         128  main.o(.data)
    T                                        0x20000718   Data          64  main.o(.data)
    Fire                                     0x20000758   Data         128  main.o(.data)
    Frame                                    0x200007d8   Data        1024  main.o(.data)
    buzzer_cmd                               0x20000bd8   Data           4  main.o(.data)
    .bss                                     0x20000bdc   Section      128  usart1.o(.bss)
    recv_str                                 0x20000bdc   Data         128  usart1.o(.bss)
    .bss                                     0x20000c5c   Section      539  esp8266.o(.bss)
    data_buf                                 0x20000c5c   Data         512  esp8266.o(.bss)
    res_buf                                  0x20000e5c   Data          27  esp8266.o(.bss)
    .bss                                     0x20000e78   Section       28  rtc.o(.bss)
    T                                        0x20000e78   Data          28  rtc.o(.bss)
    .bss                                     0x20000e94   Section       96  libspace.o(.bss)
    HEAP                                     0x20000ef8   Section      512  startup_stm32f10x_md.o(HEAP)
    Heap_Mem                                 0x20000ef8   Data         512  startup_stm32f10x_md.o(HEAP)
    STACK                                    0x200010f8   Section     1024  startup_stm32f10x_md.o(STACK)
    Stack_Mem                                0x200010f8   Data        1024  startup_stm32f10x_md.o(STACK)
    __initial_sp                             0x200014f8   Data           0  startup_stm32f10x_md.o(STACK)

    Global Symbols

    Symbol Name                              Value     Ov Type        Size  Object(Section)

    BuildAttributes$$THM_ISAv4$P$D$K$B$S$PE$A:L22UL41UL21$X:L11$S22US41US21$IEEE1$IW$USESV6$~STKCKD$USESV7$~SHL$OTIME$ROPI$IEEEJ$EBA8$UX$STANDARDLIB$REQ8$PRES8$EABIv2 0x00000000   Number         0  anon$$obj.o ABSOLUTE
    __ARM_use_no_argv                        0x00000000   Number         0  main.o ABSOLUTE
    _printf_flags                            0x00000000   Number         0  printf_stubs.o ABSOLUTE
    _printf_return_value                     0x00000000   Number         0  printf_stubs.o ABSOLUTE
    _printf_sizespec                         0x00000000   Number         0  printf_stubs.o ABSOLUTE
    _printf_widthprec                        0x00000000   Number         0  printf_stubs.o ABSOLUTE
    __ARM_exceptions_init                     - Undefined Weak Reference
    __alloca_initialize                       - Undefined Weak Reference
    __arm_preinit_                            - Undefined Weak Reference
    __cpp_initialize__aeabi_                  - Undefined Weak Reference
    __cxa_finalize                            - Undefined Weak Reference
    __sigvec_lookup                           - Undefined Weak Reference
    _atexit_init                              - Undefined Weak Reference
    _call_atexit_fns                          - Undefined Weak Reference
    _clock_init                               - Undefined Weak Reference
    _fp_trap_init                             - Undefined Weak Reference
    _fp_trap_shutdown                         - Undefined Weak Reference
    _get_lc_collate                           - Undefined Weak Reference
    _get_lc_monetary                          - Undefined Weak Reference
    _get_lc_time                              - Undefined Weak Reference
    _getenv_init                              - Undefined Weak Reference
    _handle_redirection                       - Undefined Weak Reference
    _init_alloc                               - Undefined Weak Reference
    _init_user_alloc                          - Undefined Weak Reference
    _initio                                   - Undefined Weak Reference
    _printf_truncate_signed                   - Undefined Weak Reference
    _printf_truncate_unsigned                 - Undefined Weak Reference
    _rand_init                                - Undefined Weak Reference
    _signal_finish                            - Undefined Weak Reference
    _signal_init                              - Undefined Weak Reference
    _terminate_alloc                          - Undefined Weak Reference
    _terminate_user_alloc                     - Undefined Weak Reference
    _terminateio                              - Undefined Weak Reference
    __Vectors_Size                           0x000000ec   Number         0  startup_stm32f10x_md.o ABSOLUTE
    __Vectors                                0x08000000   Data           4  startup_stm32f10x_md.o(RESET)
    __Vectors_End                            0x080000ec   Data           0  startup_stm32f10x_md.o(RESET)
    __main                                   0x080000ed   Thumb Code     8  __main.o(!!!main)
    __scatterload                            0x080000f5   Thumb Code     0  __scatter.o(!!!scatter)
    __scatterload_rt2                        0x080000f5   Thumb Code    44  __scatter.o(!!!scatter)
    __scatterload_rt2_thumb_only             0x080000f5   Thumb Code     0  __scatter.o(!!!scatter)
    __scatterload_null                       0x08000103   Thumb Code     0  __scatter.o(!!!scatter)
    __decompress                             0x08000129   Thumb Code   100  __dclz77c.o(!!dclz77c)
    __decompress2                            0x08000129   Thumb Code     0  __dclz77c.o(!!dclz77c)
    __scatterload_zeroinit                   0x0800018d   Thumb Code    28  __scatter_zi.o(!!handler_zi)
    _printf_f                                0x080001a9   Thumb Code     0  _printf_f.o(.ARM.Collect$$_printf_percent$$00000003)
    _printf_percent                          0x080001a9   Thumb Code     0  _printf_percent.o(.ARM.Collect$$_printf_percent$$00000000)
    _printf_d                                0x080001af   Thumb Code     0  _printf_d.o(.ARM.Collect$$_printf_percent$$00000009)
    _printf_percent_end                      0x080001b5   Thumb Code     0  _printf_percent_end.o(.ARM.Collect$$_printf_percent$$00000017)
    __rt_lib_init                            0x080001b9   Thumb Code     0  libinit.o(.ARM.Collect$$libinit$$00000000)
    __rt_lib_init_fp_1                       0x080001bb   Thumb Code     0  libinit2.o(.ARM.Collect$$libinit$$00000002)
    __rt_lib_init_heap_1                     0x080001bb   Thumb Code     0  libinit2.o(.ARM.Collect$$libinit$$0000000A)
    __rt_lib_init_lc_common                  0x080001bb   Thumb Code     0  libinit2.o(.ARM.Collect$$libinit$$0000000F)
    __rt_lib_init_preinit_1                  0x080001bb   Thumb Code     0  libinit2.o(.ARM.Collect$$libinit$$00000004)
    __rt_lib_init_rand_1                     0x080001bb   Thumb Code     0  libinit2.o(.ARM.Collect$$libinit$$0000000E)
    __rt_lib_init_user_alloc_1               0x080001bb   Thumb Code     0  libinit2.o(.ARM.Collect$$libinit$$0000000C)
    __rt_lib_init_lc_collate_1               0x080001c1   Thumb Code     0  libinit2.o(.ARM.Collect$$libinit$$00000011)
    __rt_lib_init_lc_ctype_2                 0x080001c1   Thumb Code     0  libinit2.o(.ARM.Collect$$libinit$$00000012)
    __rt_lib_init_lc_ctype_1                 0x080001cd   Thumb Code     0  libinit2.o(.ARM.Collect$$libinit$$00000013)
    __rt_lib_init_lc_monetary_1              0x080001cd   Thumb Code     0  libinit2.o(.ARM.Collect$$libinit$$00000015)
    __rt_lib_init_lc_numeric_2               0x080001cd   Thumb Code     0  libinit2.o(.ARM.Collect$$libinit$$00000016)
    __rt_lib_init_alloca_1                   0x080001d7   Thumb Code     0  libinit2.o(.ARM.Collect$$libinit$$0000002E)
    __rt_lib_init_argv_1                     0x080001d7   Thumb Code     0  libinit2.o(.ARM.Collect$$libinit$$0000002C)
    __rt_lib_init_atexit_1                   0x080001d7   Thumb Code     0  libinit2.o(.ARM.Collect$$libinit$$0000001B)
    __rt_lib_init_clock_1                    0x080001d7   Thumb Code     0  libinit2.o(.ARM.Collect$$libinit$$00000021)
    __rt_lib_init_cpp_1                      0x080001d7   Thumb Code     0  libinit2.o(.ARM.Collect$$libinit$$00000032)
    __rt_lib_init_exceptions_1               0x080001d7   Thumb Code     0  libinit2.o(.ARM.Collect$$libinit$$00000030)
    __rt_lib_init_fp_trap_1                  0x080001d7   Thumb Code     0  libinit2.o(.ARM.Collect$$libinit$$0000001F)
    __rt_lib_init_getenv_1                   0x080001d7   Thumb Code     0  libinit2.o(.ARM.Collect$$libinit$$00000023)
    __rt_lib_init_lc_numeric_1               0x080001d7   Thumb Code     0  libinit2.o(.ARM.Collect$$libinit$$00000017)
    __rt_lib_init_lc_time_1                  0x080001d7   Thumb Code     0  libinit2.o(.ARM.Collect$$libinit$$00000019)
    __rt_lib_init_return                     0x080001d7   Thumb Code     0  libinit2.o(.ARM.Collect$$libinit$$00000033)
    __rt_lib_init_signal_1                   0x080001d7   Thumb Code     0  libinit2.o(.ARM.Collect$$libinit$$0000001D)
    __rt_lib_init_stdio_1                    0x080001d7   Thumb Code     0  libinit2.o(.ARM.Collect$$libinit$$00000025)
    __rt_lib_shutdown                        0x080001d9   Thumb Code     0  libshutdown.o(.ARM.Collect$$libshutdown$$00000000)
    __rt_lib_shutdown_cpp_1                  0x080001db   Thumb Code     0  libshutdown2.o(.ARM.Collect$$libshutdown$$00000002)
    __rt_lib_shutdown_fp_trap_1              0x080001db   Thumb Code     0  libshutdown2.o(.ARM.Collect$$libshutdown$$00000007)
    __rt_lib_shutdown_heap_1                 0x080001db   Thumb Code     0  libshutdown2.o(.ARM.Collect$$libshutdown$$0000000F)
    __rt_lib_shutdown_return                 0x080001db   Thumb Code     0  libshutdown2.o(.ARM.Collect$$libshutdown$$00000010)
    __rt_lib_shutdown_signal_1               0x080001db   Thumb Code     0  libshutdown2.o(.ARM.Collect$$libshutdown$$0000000A)
    __rt_lib_shutdown_stdio_1                0x080001db   Thumb Code     0  libshutdown2.o(.ARM.Collect$$libshutdown$$00000004)
    __rt_lib_shutdown_user_alloc_1           0x080001db   Thumb Code     0  libshutdown2.o(.ARM.Collect$$libshutdown$$0000000C)
    __rt_entry                               0x080001dd   Thumb Code     0  __rtentry.o(.ARM.Collect$$rtentry$$00000000)
    __rt_entry_presh_1                       0x080001dd   Thumb Code     0  __rtentry2.o(.ARM.Collect$$rtentry$$00000002)
    __rt_entry_sh                            0x080001dd   Thumb Code     0  __rtentry4.o(.ARM.Collect$$rtentry$$00000004)
    __rt_entry_li                            0x080001e3   Thumb Code     0  __rtentry2.o(.ARM.Collect$$rtentry$$0000000A)
    __rt_entry_postsh_1                      0x080001e3   Thumb Code     0  __rtentry2.o(.ARM.Collect$$rtentry$$00000009)
    __rt_entry_main                          0x080001e7   Thumb Code     0  __rtentry2.o(.ARM.Collect$$rtentry$$0000000D)
    __rt_entry_postli_1                      0x080001e7   Thumb Code     0  __rtentry2.o(.ARM.Collect$$rtentry$$0000000C)
    __rt_exit                                0x080001ef   Thumb Code     0  rtexit.o(.ARM.Collect$$rtexit$$00000000)
    __rt_exit_ls                             0x080001f1   Thumb Code     0  rtexit2.o(.ARM.Collect$$rtexit$$00000003)
    __rt_exit_prels_1                        0x080001f1   Thumb Code     0  rtexit2.o(.ARM.Collect$$rtexit$$00000002)
    __rt_exit_exit                           0x080001f5   Thumb Code     0  rtexit2.o(.ARM.Collect$$rtexit$$00000004)
    Reset_Handler                            0x080001fd   Thumb Code     8  startup_stm32f10x_md.o(.text)
    ADC1_2_IRQHandler                        0x08000217   Thumb Code     0  startup_stm32f10x_md.o(.text)
    CAN1_RX1_IRQHandler                      0x08000217   Thumb Code     0  startup_stm32f10x_md.o(.text)
    CAN1_SCE_IRQHandler                      0x08000217   Thumb Code     0  startup_stm32f10x_md.o(.text)
    DMA1_Channel1_IRQHandler                 0x08000217   Thumb Code     0  startup_stm32f10x_md.o(.text)
    DMA1_Channel2_IRQHandler                 0x08000217   Thumb Code     0  startup_stm32f10x_md.o(.text)
    DMA1_Channel3_IRQHandler                 0x08000217   Thumb Code     0  startup_stm32f10x_md.o(.text)
    DMA1_Channel4_IRQHandler                 0x08000217   Thumb Code     0  startup_stm32f10x_md.o(.text)
    DMA1_Channel5_IRQHandler                 0x08000217   Thumb Code     0  startup_stm32f10x_md.o(.text)
    DMA1_Channel6_IRQHandler                 0x08000217   Thumb Code     0  startup_stm32f10x_md.o(.text)
    DMA1_Channel7_IRQHandler                 0x08000217   Thumb Code     0  startup_stm32f10x_md.o(.text)
    EXTI0_IRQHandler                         0x08000217   Thumb Code     0  startup_stm32f10x_md.o(.text)
    EXTI15_10_IRQHandler                     0x08000217   Thumb Code     0  startup_stm32f10x_md.o(.text)
    EXTI1_IRQHandler                         0x08000217   Thumb Code     0  startup_stm32f10x_md.o(.text)
    EXTI2_IRQHandler                         0x08000217   Thumb Code     0  startup_stm32f10x_md.o(.text)
    EXTI3_IRQHandler                         0x08000217   Thumb Code     0  startup_stm32f10x_md.o(.text)
    EXTI4_IRQHandler                         0x08000217   Thumb Code     0  startup_stm32f10x_md.o(.text)
    EXTI9_5_IRQHandler                       0x08000217   Thumb Code     0  startup_stm32f10x_md.o(.text)
    FLASH_IRQHandler                         0x08000217   Thumb Code     0  startup_stm32f10x_md.o(.text)
    I2C1_ER_IRQHandler                       0x08000217   Thumb Code     0  startup_stm32f10x_md.o(.text)
    I2C1_EV_IRQHandler                       0x08000217   Thumb Code     0  startup_stm32f10x_md.o(.text)
    I2C2_ER_IRQHandler                       0x08000217   Thumb Code     0  startup_stm32f10x_md.o(.text)
    I2C2_EV_IRQHandler                       0x08000217   Thumb Code     0  startup_stm32f10x_md.o(.text)
    PVD_IRQHandler                           0x08000217   Thumb Code     0  startup_stm32f10x_md.o(.text)
    RCC_IRQHandler                           0x08000217   Thumb Code     0  startup_stm32f10x_md.o(.text)
    RTCAlarm_IRQHandler                      0x08000217   Thumb Code     0  startup_stm32f10x_md.o(.text)
    SPI1_IRQHandler                          0x08000217   Thumb Code     0  startup_stm32f10x_md.o(.text)
    SPI2_IRQHandler                          0x08000217   Thumb Code     0  startup_stm32f10x_md.o(.text)
    TAMPER_IRQHandler                        0x08000217   Thumb Code     0  startup_stm32f10x_md.o(.text)
    TIM1_BRK_IRQHandler                      0x08000217   Thumb Code     0  startup_stm32f10x_md.o(.text)
    TIM1_CC_IRQHandler                       0x08000217   Thumb Code     0  startup_stm32f10x_md.o(.text)
    TIM1_TRG_COM_IRQHandler                  0x08000217   Thumb Code     0  startup_stm32f10x_md.o(.text)
    TIM1_UP_IRQHandler                       0x08000217   Thumb Code     0  startup_stm32f10x_md.o(.text)
    TIM2_IRQHandler                          0x08000217   Thumb Code     0  startup_stm32f10x_md.o(.text)
    TIM3_IRQHandler                          0x08000217   Thumb Code     0  startup_stm32f10x_md.o(.text)
    TIM4_IRQHandler                          0x08000217   Thumb Code     0  startup_stm32f10x_md.o(.text)
    USART3_IRQHandler                        0x08000217   Thumb Code     0  startup_stm32f10x_md.o(.text)
    USBWakeUp_IRQHandler                     0x08000217   Thumb Code     0  startup_stm32f10x_md.o(.text)
    USB_HP_CAN1_TX_IRQHandler                0x08000217   Thumb Code     0  startup_stm32f10x_md.o(.text)
    USB_LP_CAN1_RX0_IRQHandler               0x08000217   Thumb Code     0  startup_stm32f10x_md.o(.text)
    WWDG_IRQHandler                          0x08000217   Thumb Code     0  startup_stm32f10x_md.o(.text)
    __user_initial_stackheap                 0x08000219   Thumb Code     0  startup_stm32f10x_md.o(.text)
    __2sprintf                               0x0800023d   Thumb Code    34  noretval__2sprintf.o(.text)
    _printf_pre_padding                      0x08000265   Thumb Code    44  _printf_pad.o(.text)
    _printf_post_padding                     0x08000291   Thumb Code    34  _printf_pad.o(.text)
    _printf_int_dec                          0x080002b5   Thumb Code   104  _printf_dec.o(.text)
    __printf                                 0x0800032d   Thumb Code   308  __printf_flags_wp.o(.text)
    atoi                                     0x08000465   Thumb Code    26  atoi.o(.text)
    strstr                                   0x0800047f   Thumb Code    36  strstr.o(.text)
    __aeabi_memcpy4                          0x080004a3   Thumb Code     0  rt_memcpy_w.o(.text)
    __aeabi_memcpy8                          0x080004a3   Thumb Code     0  rt_memcpy_w.o(.text)
    __rt_memcpy_w                            0x080004a3   Thumb Code   100  rt_memcpy_w.o(.text)
    _memcpy_lastbytes_aligned                0x080004eb   Thumb Code     0  rt_memcpy_w.o(.text)
    __aeabi_memclr4                          0x08000507   Thumb Code     0  rt_memclr_w.o(.text)
    __aeabi_memclr8                          0x08000507   Thumb Code     0  rt_memclr_w.o(.text)
    __rt_memclr_w                            0x08000507   Thumb Code    78  rt_memclr_w.o(.text)
    _memset_w                                0x0800050b   Thumb Code     0  rt_memclr_w.o(.text)
    __use_two_region_memory                  0x08000555   Thumb Code     2  heapauxi.o(.text)
    __rt_heap_escrow$2region                 0x08000557   Thumb Code     2  heapauxi.o(.text)
    __rt_heap_expand$2region                 0x08000559   Thumb Code     2  heapauxi.o(.text)
    __aeabi_errno_addr                       0x0800055d   Thumb Code     8  rt_errno_addr_intlibspace.o(.text)
    __errno$intlibspace                      0x0800055d   Thumb Code     0  rt_errno_addr_intlibspace.o(.text)
    __rt_errno_addr$intlibspace              0x0800055d   Thumb Code     0  rt_errno_addr_intlibspace.o(.text)
    _printf_int_common                       0x08000565   Thumb Code   178  _printf_intcommon.o(.text)
    __lib_sel_fp_printf                      0x08000617   Thumb Code     2  _printf_fp_dec.o(.text)
    _printf_fp_dec_real                      0x080007c5   Thumb Code   620  _printf_fp_dec.o(.text)
    _printf_char_common                      0x08000a3b   Thumb Code    32  _printf_char_common.o(.text)
    _sputc                                   0x08000a61   Thumb Code    10  _sputc.o(.text)
    strtol                                   0x08000a6b   Thumb Code   112  strtol.o(.text)
    __user_libspace                          0x08000add   Thumb Code     8  libspace.o(.text)
    __user_perproc_libspace                  0x08000add   Thumb Code     0  libspace.o(.text)
    __user_perthread_libspace                0x08000add   Thumb Code     0  libspace.o(.text)
    __rt_ctype_table                         0x08000ae5   Thumb Code    16  rt_ctype_table.o(.text)
    __rt_locale                              0x08000af5   Thumb Code     8  rt_locale_intlibspace.o(.text)
    _ll_udiv10                               0x08000afd   Thumb Code   138  lludiv10.o(.text)
    _printf_fp_infnan                        0x08000b89   Thumb Code   112  _printf_fp_infnan.o(.text)
    _strtoul                                 0x08000c09   Thumb Code   158  _strtoul.o(.text)
    _btod_etento                             0x08000ca9   Thumb Code   216  bigflt0.o(.text)
    __user_setup_stackheap                   0x08000d85   Thumb Code    74  sys_stackheap_outer.o(.text)
    _chval                                   0x08000dcf   Thumb Code    28  _chval.o(.text)
    exit                                     0x08000deb   Thumb Code    18  exit.o(.text)
    strcmp                                   0x08000dfd   Thumb Code   128  strcmpv7m.o(.text)
    _sys_exit                                0x08000e7d   Thumb Code     8  sys_exit.o(.text)
    __I$use$semihosting                      0x08000e89   Thumb Code     0  use_no_semi.o(.text)
    __use_no_semihosting_swi                 0x08000e89   Thumb Code     2  use_no_semi.o(.text)
    __semihosting_library_function           0x08000e8b   Thumb Code     0  indicate_semi.o(.text)
    _btod_d2e                                0x08000e8b   Thumb Code    62  btod.o(CL$$btod_d2e)
    _d2e_denorm_low                          0x08000ec9   Thumb Code    70  btod.o(CL$$btod_d2e_denorm_low)
    _d2e_norm_op1                            0x08000f0f   Thumb Code    96  btod.o(CL$$btod_d2e_norm_op1)
    __btod_div_common                        0x08000f6f   Thumb Code   696  btod.o(CL$$btod_div_common)
    _e2e                                     0x080012a7   Thumb Code   198  btod.o(CL$$btod_e2e)
    _btod_ediv                               0x0800136d   Thumb Code    40  btod.o(CL$$btod_ediv)
    _btod_emul                               0x08001395   Thumb Code    40  btod.o(CL$$btod_emul)
    __btod_mult_common                       0x080013bd   Thumb Code   580  btod.o(CL$$btod_mult_common)
    ADC_ClearFlag                            0x08001601   Thumb Code     6  stm32f10x_adc.o(i.ADC_ClearFlag)
    ADC_Cmd                                  0x08001607   Thumb Code    22  stm32f10x_adc.o(i.ADC_Cmd)
    ADC_GetConversionValue                   0x0800161d   Thumb Code     8  stm32f10x_adc.o(i.ADC_GetConversionValue)
    ADC_GetFlagStatus                        0x08001625   Thumb Code    18  stm32f10x_adc.o(i.ADC_GetFlagStatus)
    ADC_Init                                 0x08001639   Thumb Code    70  stm32f10x_adc.o(i.ADC_Init)
    ADC_RegularChannelConfig                 0x08001689   Thumb Code   184  stm32f10x_adc.o(i.ADC_RegularChannelConfig)
    ADC_SoftwareStartConvCmd                 0x08001741   Thumb Code    22  stm32f10x_adc.o(i.ADC_SoftwareStartConvCmd)
    BKP_DeInit                               0x08001757   Thumb Code    16  stm32f10x_bkp.o(i.BKP_DeInit)
    BKP_ReadBackupRegister                   0x08001769   Thumb Code    24  stm32f10x_bkp.o(i.BKP_ReadBackupRegister)
    BKP_WriteBackupRegister                  0x08001785   Thumb Code    22  stm32f10x_bkp.o(i.BKP_WriteBackupRegister)
    BusFault_Handler                         0x080017a1   Thumb Code     4  stm32f10x_it.o(i.BusFault_Handler)
    DebugMon_Handler                         0x080017a5   Thumb Code     2  stm32f10x_it.o(i.DebugMon_Handler)
    GPIO_Init                                0x080017a7   Thumb Code   278  stm32f10x_gpio.o(i.GPIO_Init)
    GPIO_PinRemapConfig                      0x080018bd   Thumb Code   138  stm32f10x_gpio.o(i.GPIO_PinRemapConfig)
    HardFault_Handler                        0x0800194d   Thumb Code     4  stm32f10x_it.o(i.HardFault_Handler)
    IIC_Ack                                  0x08001951   Thumb Code    48  gpio_iic.o(i.IIC_Ack)
    IIC_Init                                 0x08001989   Thumb Code    82  gpio_iic.o(i.IIC_Init)
    IIC_NAck                                 0x080019f5   Thumb Code    48  gpio_iic.o(i.IIC_NAck)
    IIC_Recv_Byte                            0x08001a2d   Thumb Code    86  gpio_iic.o(i.IIC_Recv_Byte)
    IIC_Sda_In                               0x08001a8d   Thumb Code    12  gpio_iic.o(i.IIC_Sda_In)
    IIC_Sda_Out                              0x08001aa1   Thumb Code    12  gpio_iic.o(i.IIC_Sda_Out)
    IIC_Send_Byte                            0x08001ab5   Thumb Code    70  gpio_iic.o(i.IIC_Send_Byte)
    IIC_Start                                0x08001b05   Thumb Code    46  gpio_iic.o(i.IIC_Start)
    IIC_Stop                                 0x08001b3d   Thumb Code    50  gpio_iic.o(i.IIC_Stop)
    IIC_Wait_Ack                             0x08001b79   Thumb Code    68  gpio_iic.o(i.IIC_Wait_Ack)
    IWDG_Enable                              0x08001bc5   Thumb Code    10  stm32f10x_iwdg.o(i.IWDG_Enable)
    IWDG_ReloadCounter                       0x08001bd5   Thumb Code    10  stm32f10x_iwdg.o(i.IWDG_ReloadCounter)
    IWDG_SetPrescaler                        0x08001be5   Thumb Code     6  stm32f10x_iwdg.o(i.IWDG_SetPrescaler)
    IWDG_SetReload                           0x08001bf1   Thumb Code     6  stm32f10x_iwdg.o(i.IWDG_SetReload)
    IWDG_WriteAccessCmd                      0x08001bfd   Thumb Code     6  stm32f10x_iwdg.o(i.IWDG_WriteAccessCmd)
    MemManage_Handler                        0x08001c09   Thumb Code     4  stm32f10x_it.o(i.MemManage_Handler)
    NMI_Handler                              0x08001c0d   Thumb Code     2  stm32f10x_it.o(i.NMI_Handler)
    NVIC_Configuration                       0x08001c0f   Thumb Code    40  rtc.o(i.NVIC_Configuration)
    NVIC_Init                                0x08001c39   Thumb Code   100  misc.o(i.NVIC_Init)
    NVIC_PriorityGroupConfig                 0x08001ca9   Thumb Code    10  misc.o(i.NVIC_PriorityGroupConfig)
    OLED_Clear                               0x08001cbd   Thumb Code    64  oled.o(i.OLED_Clear)
    OLED_Init                                0x08001cfd   Thumb Code   232  oled.o(i.OLED_Init)
    OLED_Set_Pos                             0x08001de5   Thumb Code    74  oled.o(i.OLED_Set_Pos)
    OLED_ShowChar                            0x08001e31   Thumb Code   154  oled.o(i.OLED_ShowChar)
    OLED_ShowFIre                            0x08001ed5   Thumb Code    98  oled.o(i.OLED_ShowFIre)
    OLED_ShowString                          0x08001f3d   Thumb Code    58  oled.o(i.OLED_ShowString)
    OLED_ShowTEmp                            0x08001f79   Thumb Code    98  oled.o(i.OLED_ShowTEmp)
    OLED_WR_Byte                             0x08001fe1   Thumb Code    24  oled.o(i.OLED_WR_Byte)
    PWR_BackupAccessCmd                      0x08001ff9   Thumb Code     6  stm32f10x_pwr.o(i.PWR_BackupAccessCmd)
    PendSV_Handler                           0x08002005   Thumb Code     2  stm32f10x_it.o(i.PendSV_Handler)
    RCC_APB1PeriphClockCmd                   0x08002009   Thumb Code    26  stm32f10x_rcc.o(i.RCC_APB1PeriphClockCmd)
    RCC_APB2PeriphClockCmd                   0x08002029   Thumb Code    26  stm32f10x_rcc.o(i.RCC_APB2PeriphClockCmd)
    RCC_BackupResetCmd                       0x08002049   Thumb Code     6  stm32f10x_rcc.o(i.RCC_BackupResetCmd)
    RCC_GetClocksFreq                        0x08002055   Thumb Code   192  stm32f10x_rcc.o(i.RCC_GetClocksFreq)
    RCC_GetFlagStatus                        0x08002129   Thumb Code    56  stm32f10x_rcc.o(i.RCC_GetFlagStatus)
    RCC_LSEConfig                            0x08002165   Thumb Code    46  stm32f10x_rcc.o(i.RCC_LSEConfig)
    RCC_RTCCLKCmd                            0x08002199   Thumb Code     6  stm32f10x_rcc.o(i.RCC_RTCCLKCmd)
    RCC_RTCCLKConfig                         0x080021a5   Thumb Code    12  stm32f10x_rcc.o(i.RCC_RTCCLKConfig)
    RTC_ClearITPendingBit                    0x080021b5   Thumb Code    12  stm32f10x_rtc.o(i.RTC_ClearITPendingBit)
    RTC_Configuration                        0x080021c5   Thumb Code    96  rtc.o(i.RTC_Configuration)
    RTC_EnterConfigMode                      0x08002225   Thumb Code    14  stm32f10x_rtc.o(i.RTC_EnterConfigMode)
    RTC_ExitConfigMode                       0x08002239   Thumb Code    16  stm32f10x_rtc.o(i.RTC_ExitConfigMode)
    RTC_GetCounter                           0x0800224d   Thumb Code    16  stm32f10x_rtc.o(i.RTC_GetCounter)
    RTC_GetITStatus                          0x08002261   Thumb Code    32  stm32f10x_rtc.o(i.RTC_GetITStatus)
    RTC_IRQHandler                           0x08002285   Thumb Code    26  rtc.o(i.RTC_IRQHandler)
    RTC_ITConfig                             0x080022a5   Thumb Code    26  stm32f10x_rtc.o(i.RTC_ITConfig)
    RTC_SetCounter                           0x080022c5   Thumb Code    24  stm32f10x_rtc.o(i.RTC_SetCounter)
    RTC_SetPrescaler                         0x080022e1   Thumb Code    26  stm32f10x_rtc.o(i.RTC_SetPrescaler)
    RTC_WaitForLastTask                      0x08002301   Thumb Code    16  stm32f10x_rtc.o(i.RTC_WaitForLastTask)
    RTC_WaitForSynchro                       0x08002315   Thumb Code    30  stm32f10x_rtc.o(i.RTC_WaitForSynchro)
    SVC_Handler                              0x08002339   Thumb Code     2  stm32f10x_it.o(i.SVC_Handler)
    SysTick_CLKSourceConfig                  0x08002425   Thumb Code    40  misc.o(i.SysTick_CLKSourceConfig)
    SysTick_Handler                          0x0800244d   Thumb Code     2  stm32f10x_it.o(i.SysTick_Handler)
    SystemInit                               0x08002451   Thumb Code    78  system_stm32f10x.o(i.SystemInit)
    USART1_IRQHandler                        0x080024b1   Thumb Code   106  usart1.o(i.USART1_IRQHandler)
    USART2_IRQHandler                        0x08002531   Thumb Code    42  usart2.o(i.USART2_IRQHandler)
    USART_ClearFlag                          0x08002561   Thumb Code    18  stm32f10x_usart.o(i.USART_ClearFlag)
    USART_ClearITPendingBit                  0x08002573   Thumb Code    30  stm32f10x_usart.o(i.USART_ClearITPendingBit)
    USART_Cmd                                0x08002591   Thumb Code    24  stm32f10x_usart.o(i.USART_Cmd)
    USART_GetFlagStatus                      0x080025a9   Thumb Code    26  stm32f10x_usart.o(i.USART_GetFlagStatus)
    USART_GetITStatus                        0x080025c3   Thumb Code    84  stm32f10x_usart.o(i.USART_GetITStatus)
    USART_ITConfig                           0x08002617   Thumb Code    74  stm32f10x_usart.o(i.USART_ITConfig)
    USART_Init                               0x08002661   Thumb Code   210  stm32f10x_usart.o(i.USART_Init)
    USART_ReceiveData                        0x08002739   Thumb Code    10  stm32f10x_usart.o(i.USART_ReceiveData)
    USART_SendData                           0x08002743   Thumb Code     8  stm32f10x_usart.o(i.USART_SendData)
    UsageFault_Handler                       0x0800274b   Thumb Code     4  stm32f10x_it.o(i.UsageFault_Handler)
    Write_IIC_Command                        0x0800274f   Thumb Code    44  oled.o(i.Write_IIC_Command)
    Write_IIC_Data                           0x0800277b   Thumb Code    44  oled.o(i.Write_IIC_Data)
    __ARM_fpclassify                         0x080027a7   Thumb Code    40  fpclassify.o(i.__ARM_fpclassify)
    _is_digit                                0x080027cf   Thumb Code    14  __printf_wp.o(i._is_digit)
    adc_get_value                            0x080027dd   Thumb Code    10  mq5.o(i.adc_get_value)
    adc_init                                 0x080027ed   Thumb Code   110  mq5.o(i.adc_init)
    adc_start                                0x08002869   Thumb Code    12  mq5.o(i.adc_start)
    adc_wait                                 0x08002879   Thumb Code    26  mq5.o(i.adc_wait)
    buzzer_init                              0x08002899   Thumb Code    44  buzzer.o(i.buzzer_init)
    buzzer_off                               0x080028cd   Thumb Code     8  buzzer.o(i.buzzer_off)
    buzzer_on                                0x080028d9   Thumb Code     8  buzzer.o(i.buzzer_on)
    conv_time                                0x080028e5   Thumb Code   224  rtc.o(i.conv_time)
    dataHandler                              0x080029cd   Thumb Code   394  esp8266.o(i.dataHandler)
    delay_init                               0x08002b85   Thumb Code    42  delay.o(i.delay_init)
    delay_ms                                 0x08002bb9   Thumb Code    56  delay.o(i.delay_ms)
    delay_us                                 0x08002bf1   Thumb Code    72  delay.o(i.delay_us)
    delay_xms                                0x08002c3d   Thumb Code    72  delay.o(i.delay_xms)
    digit_show_data                          0x08002c89   Thumb Code   134  ldt.o(i.digit_show_data)
    download_sensor_status                   0x08002d21   Thumb Code    92  iot.o(i.download_sensor_status)
    esp8266_connect                          0x08002d85   Thumb Code    92  esp8266.o(i.esp8266_connect)
    esp8266_disconnect                       0x08002dfd   Thumb Code    12  esp8266.o(i.esp8266_disconnect)
    esp8266_init                             0x08002e19   Thumb Code     8  esp8266.o(i.esp8266_init)
    esp8266_link_wifi                        0x08002e21   Thumb Code   166  esp8266.o(i.esp8266_link_wifi)
    esp8266_send                             0x08002f25   Thumb Code    76  esp8266.o(i.esp8266_send)
    fan_init                                 0x08002f89   Thumb Code    44  fan.o(i.fan_init)
    fan_off                                  0x08002fbd   Thumb Code     8  fan.o(i.fan_off)
    fan_on                                   0x08002fc9   Thumb Code     8  fan.o(i.fan_on)
    fire_get_state                           0x08002fd5   Thumb Code     8  fire.o(i.fire_get_state)
    fire_init                                0x08002fe1   Thumb Code    32  fire.o(i.fire_init)
    get_time                                 0x08003005   Thumb Code    16  rtc.o(i.get_time)
    hc138_out_data                           0x08003019   Thumb Code   100  ldt.o(i.hc138_out_data)
    hc595_send_data                          0x08003089   Thumb Code    58  ldt.o(i.hc595_send_data)
    iwdg_feed_dog                            0x08003101   Thumb Code     8  iwdg.o(i.iwdg_feed_dog)
    iwdg_init                                0x08003109   Thumb Code    34  iwdg.o(i.iwdg_init)
    ldt_init                                 0x0800312d   Thumb Code   106  ldt.o(i.ldt_init)
    led_init                                 0x080031bd   Thumb Code    56  led.o(i.led_init)
    led_off                                  0x08003201   Thumb Code    46  led.o(i.led_off)
    led_on                                   0x08003235   Thumb Code    46  led.o(i.led_on)
    main                                     0x08003269   Thumb Code   838  main.o(i.main)
    mq5_get_value                            0x08003665   Thumb Code    16  mq5.o(i.mq5_get_value)
    mq5_init                                 0x08003675   Thumb Code     8  mq5.o(i.mq5_init)
    recv_handler                             0x0800367d   Thumb Code   102  main.o(i.recv_handler)
    rtc_init                                 0x08003701   Thumb Code    82  rtc.o(i.rtc_init)
    set_time                                 0x08003755   Thumb Code   182  rtc.o(i.set_time)
    set_wifi_recv_handler                    0x0800381d   Thumb Code     6  esp8266.o(i.set_wifi_recv_handler)
    sht_init                                 0x08003829   Thumb Code     8  sht.o(i.sht_init)
    sht_read_data                            0x08003831   Thumb Code   188  sht.o(i.sht_read_data)
    sht_write_mode                           0x080038fd   Thumb Code    66  sht.o(i.sht_write_mode)
    sht_write_read_cmd                       0x0800393f   Thumb Code    54  sht.o(i.sht_write_read_cmd)
    upload_sensor_data                       0x08003975   Thumb Code   106  iot.o(i.upload_sensor_data)
    upload_sensor_status                     0x080039e9   Thumb Code   108  iot.o(i.upload_sensor_status)
    usart_2_init                             0x08003a5d   Thumb Code   174  usart2.o(i.usart_2_init)
    usart_2_send_byte                        0x08003b15   Thumb Code    36  usart2.o(i.usart_2_send_byte)
    usart_2_send_data                        0x08003b3d   Thumb Code    22  usart2.o(i.usart_2_send_data)
    _get_lc_numeric                          0x08003b55   Thumb Code    44  lc_numeric_c.o(locale$$code)
    _get_lc_ctype                            0x08003b81   Thumb Code    44  lc_ctype_c.o(locale$$code)
    __aeabi_dadd                             0x08003bad   Thumb Code     0  daddsub_clz.o(x$fpl$dadd)
    _dadd                                    0x08003bad   Thumb Code   332  daddsub_clz.o(x$fpl$dadd)
    __fpl_dcmp_Inf                           0x08003cfd   Thumb Code    24  dcmpi.o(x$fpl$dcmpinf)
    __aeabi_ddiv                             0x08003d15   Thumb Code     0  ddiv.o(x$fpl$ddiv)
    _ddiv                                    0x08003d15   Thumb Code   552  ddiv.o(x$fpl$ddiv)
    __aeabi_i2d                              0x08003fc5   Thumb Code     0  dflt_clz.o(x$fpl$dflt)
    _dflt                                    0x08003fc5   Thumb Code    46  dflt_clz.o(x$fpl$dflt)
    __aeabi_ui2d                             0x08003ff3   Thumb Code     0  dflt_clz.o(x$fpl$dfltu)
    _dfltu                                   0x08003ff3   Thumb Code    38  dflt_clz.o(x$fpl$dfltu)
    __aeabi_cdcmple                          0x08004019   Thumb Code     0  dleqf.o(x$fpl$dleqf)
    _dcmple                                  0x08004019   Thumb Code   120  dleqf.o(x$fpl$dleqf)
    __fpl_dcmple_InfNaN                      0x0800407b   Thumb Code     0  dleqf.o(x$fpl$dleqf)
    __aeabi_dmul                             0x08004091   Thumb Code     0  dmul.o(x$fpl$dmul)
    _dmul                                    0x08004091   Thumb Code   332  dmul.o(x$fpl$dmul)
    __fpl_dnaninf                            0x080041e5   Thumb Code   156  dnaninf.o(x$fpl$dnaninf)
    __fpl_dretinf                            0x08004281   Thumb Code    12  dretinf.o(x$fpl$dretinf)
    __aeabi_cdrcmple                         0x0800428d   Thumb Code     0  drleqf.o(x$fpl$drleqf)
    _drcmple                                 0x0800428d   Thumb Code   108  drleqf.o(x$fpl$drleqf)
    __aeabi_dsub                             0x080042f9   Thumb Code     0  daddsub_clz.o(x$fpl$dsub)
    _dsub                                    0x080042f9   Thumb Code   464  daddsub_clz.o(x$fpl$dsub)
    _printf_fp_dec                           0x080044cd   Thumb Code     4  printf1.o(x$fpl$printf1)
    __I$use$fp                               0x080044d0   Number         0  usenofp.o(x$fpl$usenofp)
    monthTable                               0x08004ce8   Data          12  rtc.o(.constdata)
    Region$$Table$$Base                      0x080056b8   Number         0  anon$$obj.o(Region$$Table)
    Region$$Table$$Limit                     0x080056d8   Number         0  anon$$obj.o(Region$$Table)
    __ctype                                  0x08005701   Data           0  lc_ctype_c.o(locale$$data)
    u1_h                                     0x20000018   Data           4  usart1.o(.data)
    GPIO_InitForSCL                          0x20000024   Data           4  gpio_iic.o(.data)
    GPIO_InitForSDAOut                       0x20000028   Data           4  gpio_iic.o(.data)
    GPIO_InitForSDAIn                        0x2000002c   Data           4  gpio_iic.o(.data)
    wifi_handler                             0x20000600   Data           4  esp8266.o(.data)
    __libspace_start                         0x20000e94   Data          96  libspace.o(.bss)
    __temporary_stack_top$libspace           0x20000ef4   Data           0  libspace.o(.bss)



==============================================================================

Memory Map of the image

  Image Entry point : 0x080001fd

  Load Region LR_1 (Base: 0x08000000, Size: 0x000063e0, Max: 0xffffffff, ABSOLUTE, COMPRESSED[0x00005964])

    Execution Region ER_RO (Base: 0x08000000, Size: 0x00005804, Max: 0xffffffff, ABSOLUTE)

    Base Addr    Size         Type   Attr      Idx    E Section Name        Object

    0x08000000   0x000000ec   Data   RO           19    RESET               startup_stm32f10x_md.o
    0x080000ec   0x00000008   Code   RO         2387  * !!!main             c_w.l(__main.o)
    0x080000f4   0x00000034   Code   RO         2647    !!!scatter          c_w.l(__scatter.o)
    0x08000128   0x00000064   Code   RO         2645    !!dclz77c           c_w.l(__dclz77c.o)
    0x0800018c   0x0000001c   Code   RO         2649    !!handler_zi        c_w.l(__scatter_zi.o)
    0x080001a8   0x00000000   Code   RO         2374    .ARM.Collect$$_printf_percent$$00000000  c_w.l(_printf_percent.o)
    0x080001a8   0x00000006   Code   RO         2373    .ARM.Collect$$_printf_percent$$00000003  c_w.l(_printf_f.o)
    0x080001ae   0x00000006   Code   RO         2372    .ARM.Collect$$_printf_percent$$00000009  c_w.l(_printf_d.o)
    0x080001b4   0x00000004   Code   RO         2427    .ARM.Collect$$_printf_percent$$00000017  c_w.l(_printf_percent_end.o)
    0x080001b8   0x00000002   Code   RO         2518    .ARM.Collect$$libinit$$00000000  c_w.l(libinit.o)
    0x080001ba   0x00000000   Code   RO         2520    .ARM.Collect$$libinit$$00000002  c_w.l(libinit2.o)
    0x080001ba   0x00000000   Code   RO         2522    .ARM.Collect$$libinit$$00000004  c_w.l(libinit2.o)
    0x080001ba   0x00000000   Code   RO         2525    .ARM.Collect$$libinit$$0000000A  c_w.l(libinit2.o)
    0x080001ba   0x00000000   Code   RO         2527    .ARM.Collect$$libinit$$0000000C  c_w.l(libinit2.o)
    0x080001ba   0x00000000   Code   RO         2529    .ARM.Collect$$libinit$$0000000E  c_w.l(libinit2.o)
    0x080001ba   0x00000006   Code   RO         2530    .ARM.Collect$$libinit$$0000000F  c_w.l(libinit2.o)
    0x080001c0   0x00000000   Code   RO         2532    .ARM.Collect$$libinit$$00000011  c_w.l(libinit2.o)
    0x080001c0   0x0000000c   Code   RO         2533    .ARM.Collect$$libinit$$00000012  c_w.l(libinit2.o)
    0x080001cc   0x00000000   Code   RO         2534    .ARM.Collect$$libinit$$00000013  c_w.l(libinit2.o)
    0x080001cc   0x00000000   Code   RO         2536    .ARM.Collect$$libinit$$00000015  c_w.l(libinit2.o)
    0x080001cc   0x0000000a   Code   RO         2537    .ARM.Collect$$libinit$$00000016  c_w.l(libinit2.o)
    0x080001d6   0x00000000   Code   RO         2538    .ARM.Collect$$libinit$$00000017  c_w.l(libinit2.o)
    0x080001d6   0x00000000   Code   RO         2540    .ARM.Collect$$libinit$$00000019  c_w.l(libinit2.o)
    0x080001d6   0x00000000   Code   RO         2542    .ARM.Collect$$libinit$$0000001B  c_w.l(libinit2.o)
    0x080001d6   0x00000000   Code   RO         2544    .ARM.Collect$$libinit$$0000001D  c_w.l(libinit2.o)
    0x080001d6   0x00000000   Code   RO         2546    .ARM.Collect$$libinit$$0000001F  c_w.l(libinit2.o)
    0x080001d6   0x00000000   Code   RO         2548    .ARM.Collect$$libinit$$00000021  c_w.l(libinit2.o)
    0x080001d6   0x00000000   Code   RO         2550    .ARM.Collect$$libinit$$00000023  c_w.l(libinit2.o)
    0x080001d6   0x00000000   Code   RO         2552    .ARM.Collect$$libinit$$00000025  c_w.l(libinit2.o)
    0x080001d6   0x00000000   Code   RO         2556    .ARM.Collect$$libinit$$0000002C  c_w.l(libinit2.o)
    0x080001d6   0x00000000   Code   RO         2558    .ARM.Collect$$libinit$$0000002E  c_w.l(libinit2.o)
    0x080001d6   0x00000000   Code   RO         2560    .ARM.Collect$$libinit$$00000030  c_w.l(libinit2.o)
    0x080001d6   0x00000000   Code   RO         2562    .ARM.Collect$$libinit$$00000032  c_w.l(libinit2.o)
    0x080001d6   0x00000002   Code   RO         2563    .ARM.Collect$$libinit$$00000033  c_w.l(libinit2.o)
    0x080001d8   0x00000002   Code   RO         2593    .ARM.Collect$$libshutdown$$00000000  c_w.l(libshutdown.o)
    0x080001da   0x00000000   Code   RO         2604    .ARM.Collect$$libshutdown$$00000002  c_w.l(libshutdown2.o)
    0x080001da   0x00000000   Code   RO         2606    .ARM.Collect$$libshutdown$$00000004  c_w.l(libshutdown2.o)
    0x080001da   0x00000000   Code   RO         2609    .ARM.Collect$$libshutdown$$00000007  c_w.l(libshutdown2.o)
    0x080001da   0x00000000   Code   RO         2612    .ARM.Collect$$libshutdown$$0000000A  c_w.l(libshutdown2.o)
    0x080001da   0x00000000   Code   RO         2614    .ARM.Collect$$libshutdown$$0000000C  c_w.l(libshutdown2.o)
    0x080001da   0x00000000   Code   RO         2617    .ARM.Collect$$libshutdown$$0000000F  c_w.l(libshutdown2.o)
    0x080001da   0x00000002   Code   RO         2618    .ARM.Collect$$libshutdown$$00000010  c_w.l(libshutdown2.o)
    0x080001dc   0x00000000   Code   RO         2413    .ARM.Collect$$rtentry$$00000000  c_w.l(__rtentry.o)
    0x080001dc   0x00000000   Code   RO         2441    .ARM.Collect$$rtentry$$00000002  c_w.l(__rtentry2.o)
    0x080001dc   0x00000006   Code   RO         2453    .ARM.Collect$$rtentry$$00000004  c_w.l(__rtentry4.o)
    0x080001e2   0x00000000   Code   RO         2443    .ARM.Collect$$rtentry$$00000009  c_w.l(__rtentry2.o)
    0x080001e2   0x00000004   Code   RO         2444    .ARM.Collect$$rtentry$$0000000A  c_w.l(__rtentry2.o)
    0x080001e6   0x00000000   Code   RO         2446    .ARM.Collect$$rtentry$$0000000C  c_w.l(__rtentry2.o)
    0x080001e6   0x00000008   Code   RO         2447    .ARM.Collect$$rtentry$$0000000D  c_w.l(__rtentry2.o)
    0x080001ee   0x00000002   Code   RO         2564    .ARM.Collect$$rtexit$$00000000  c_w.l(rtexit.o)
    0x080001f0   0x00000000   Code   RO         2571    .ARM.Collect$$rtexit$$00000002  c_w.l(rtexit2.o)
    0x080001f0   0x00000004   Code   RO         2572    .ARM.Collect$$rtexit$$00000003  c_w.l(rtexit2.o)
    0x080001f4   0x00000006   Code   RO         2573    .ARM.Collect$$rtexit$$00000004  c_w.l(rtexit2.o)
    0x080001fa   0x00000002   PAD
    0x080001fc   0x00000040   Code   RO           20  * .text               startup_stm32f10x_md.o
    0x0800023c   0x00000028   Code   RO         2344    .text               c_w.l(noretval__2sprintf.o)
    0x08000264   0x0000004e   Code   RO         2348    .text               c_w.l(_printf_pad.o)
    0x080002b2   0x00000002   PAD
    0x080002b4   0x00000078   Code   RO         2350    .text               c_w.l(_printf_dec.o)
    0x0800032c   0x00000138   Code   RO         2364    .text               c_w.l(__printf_flags_wp.o)
    0x08000464   0x0000001a   Code   RO         2375    .text               c_w.l(atoi.o)
    0x0800047e   0x00000024   Code   RO         2377    .text               c_w.l(strstr.o)
    0x080004a2   0x00000064   Code   RO         2381    .text               c_w.l(rt_memcpy_w.o)
    0x08000506   0x0000004e   Code   RO         2383    .text               c_w.l(rt_memclr_w.o)
    0x08000554   0x00000006   Code   RO         2385    .text               c_w.l(heapauxi.o)
    0x0800055a   0x00000002   PAD
    0x0800055c   0x00000008   Code   RO         2417    .text               c_w.l(rt_errno_addr_intlibspace.o)
    0x08000564   0x000000b2   Code   RO         2419    .text               c_w.l(_printf_intcommon.o)
    0x08000616   0x0000041a   Code   RO         2421    .text               c_w.l(_printf_fp_dec.o)
    0x08000a30   0x00000030   Code   RO         2423    .text               c_w.l(_printf_char_common.o)
    0x08000a60   0x0000000a   Code   RO         2425    .text               c_w.l(_sputc.o)
    0x08000a6a   0x00000070   Code   RO         2428    .text               c_w.l(strtol.o)
    0x08000ada   0x00000002   PAD
    0x08000adc   0x00000008   Code   RO         2437    .text               c_w.l(libspace.o)
    0x08000ae4   0x00000010   Code   RO         2455    .text               c_w.l(rt_ctype_table.o)
    0x08000af4   0x00000008   Code   RO         2460    .text               c_w.l(rt_locale_intlibspace.o)
    0x08000afc   0x0000008a   Code   RO         2462    .text               c_w.l(lludiv10.o)
    0x08000b86   0x00000002   PAD
    0x08000b88   0x00000080   Code   RO         2464    .text               c_w.l(_printf_fp_infnan.o)
    0x08000c08   0x0000009e   Code   RO         2468    .text               c_w.l(_strtoul.o)
    0x08000ca6   0x00000002   PAD
    0x08000ca8   0x000000dc   Code   RO         2470    .text               c_w.l(bigflt0.o)
    0x08000d84   0x0000004a   Code   RO         2502    .text               c_w.l(sys_stackheap_outer.o)
    0x08000dce   0x0000001c   Code   RO         2504    .text               c_w.l(_chval.o)
    0x08000dea   0x00000012   Code   RO         2509    .text               c_w.l(exit.o)
    0x08000dfc   0x00000080   Code   RO         2511    .text               c_w.l(strcmpv7m.o)
    0x08000e7c   0x0000000c   Code   RO         2583    .text               c_w.l(sys_exit.o)
    0x08000e88   0x00000002   Code   RO         2594    .text               c_w.l(use_no_semi.o)
    0x08000e8a   0x00000000   Code   RO         2596    .text               c_w.l(indicate_semi.o)
    0x08000e8a   0x0000003e   Code   RO         2473    CL$$btod_d2e        c_w.l(btod.o)
    0x08000ec8   0x00000046   Code   RO         2475    CL$$btod_d2e_denorm_low  c_w.l(btod.o)
    0x08000f0e   0x00000060   Code   RO         2474    CL$$btod_d2e_norm_op1  c_w.l(btod.o)
    0x08000f6e   0x00000338   Code   RO         2483    CL$$btod_div_common  c_w.l(btod.o)
    0x080012a6   0x000000c6   Code   RO         2480    CL$$btod_e2e        c_w.l(btod.o)
    0x0800136c   0x00000028   Code   RO         2477    CL$$btod_ediv       c_w.l(btod.o)
    0x08001394   0x00000028   Code   RO         2476    CL$$btod_emul       c_w.l(btod.o)
    0x080013bc   0x00000244   Code   RO         2482    CL$$btod_mult_common  c_w.l(btod.o)
    0x08001600   0x00000006   Code   RO          941    i.ADC_ClearFlag     stm32f10x_adc.o
    0x08001606   0x00000016   Code   RO          943    i.ADC_Cmd           stm32f10x_adc.o
    0x0800161c   0x00000008   Code   RO          952    i.ADC_GetConversionValue  stm32f10x_adc.o
    0x08001624   0x00000012   Code   RO          954    i.ADC_GetFlagStatus  stm32f10x_adc.o
    0x08001636   0x00000002   PAD
    0x08001638   0x00000050   Code   RO          961    i.ADC_Init          stm32f10x_adc.o
    0x08001688   0x000000b8   Code   RO          965    i.ADC_RegularChannelConfig  stm32f10x_adc.o
    0x08001740   0x00000016   Code   RO          968    i.ADC_SoftwareStartConvCmd  stm32f10x_adc.o
    0x08001756   0x00000010   Code   RO         1161    i.BKP_DeInit        stm32f10x_bkp.o
    0x08001766   0x00000002   PAD
    0x08001768   0x0000001c   Code   RO         1166    i.BKP_ReadBackupRegister  stm32f10x_bkp.o
    0x08001784   0x0000001c   Code   RO         1170    i.BKP_WriteBackupRegister  stm32f10x_bkp.o
    0x080017a0   0x00000004   Code   RO         2243    i.BusFault_Handler  stm32f10x_it.o
    0x080017a4   0x00000002   Code   RO         2244    i.DebugMon_Handler  stm32f10x_it.o
    0x080017a6   0x00000116   Code   RO          313    i.GPIO_Init         stm32f10x_gpio.o
    0x080018bc   0x00000090   Code   RO          315    i.GPIO_PinRemapConfig  stm32f10x_gpio.o
    0x0800194c   0x00000004   Code   RO         2245    i.HardFault_Handler  stm32f10x_it.o
    0x08001950   0x00000038   Code   RO         1573    i.IIC_Ack           gpio_iic.o
    0x08001988   0x0000006c   Code   RO         1574    i.IIC_Init          gpio_iic.o
    0x080019f4   0x00000038   Code   RO         1575    i.IIC_NAck          gpio_iic.o
    0x08001a2c   0x00000060   Code   RO         1576    i.IIC_Recv_Byte     gpio_iic.o
    0x08001a8c   0x00000014   Code   RO         1577    i.IIC_Sda_In        gpio_iic.o
    0x08001aa0   0x00000014   Code   RO         1578    i.IIC_Sda_Out       gpio_iic.o
    0x08001ab4   0x00000050   Code   RO         1579    i.IIC_Send_Byte     gpio_iic.o
    0x08001b04   0x00000038   Code   RO         1580    i.IIC_Start         gpio_iic.o
    0x08001b3c   0x0000003c   Code   RO         1581    i.IIC_Stop          gpio_iic.o
    0x08001b78   0x0000004c   Code   RO         1582    i.IIC_Wait_Ack      gpio_iic.o
    0x08001bc4   0x00000010   Code   RO          511    i.IWDG_Enable       stm32f10x_iwdg.o
    0x08001bd4   0x00000010   Code   RO          513    i.IWDG_ReloadCounter  stm32f10x_iwdg.o
    0x08001be4   0x0000000c   Code   RO          514    i.IWDG_SetPrescaler  stm32f10x_iwdg.o
    0x08001bf0   0x0000000c   Code   RO          515    i.IWDG_SetReload    stm32f10x_iwdg.o
    0x08001bfc   0x0000000c   Code   RO          516    i.IWDG_WriteAccessCmd  stm32f10x_iwdg.o
    0x08001c08   0x00000004   Code   RO         2246    i.MemManage_Handler  stm32f10x_it.o
    0x08001c0c   0x00000002   Code   RO         2247    i.NMI_Handler       stm32f10x_it.o
    0x08001c0e   0x00000028   Code   RO         2084    i.NVIC_Configuration  rtc.o
    0x08001c36   0x00000002   PAD
    0x08001c38   0x00000070   Code   RO          421    i.NVIC_Init         misc.o
    0x08001ca8   0x00000014   Code   RO          422    i.NVIC_PriorityGroupConfig  misc.o
    0x08001cbc   0x00000040   Code   RO         1681    i.OLED_Clear        oled.o
    0x08001cfc   0x000000e8   Code   RO         1685    i.OLED_Init         oled.o
    0x08001de4   0x0000004a   Code   RO         1687    i.OLED_Set_Pos      oled.o
    0x08001e2e   0x00000002   PAD
    0x08001e30   0x000000a4   Code   RO         1689    i.OLED_ShowChar     oled.o
    0x08001ed4   0x00000068   Code   RO         1690    i.OLED_ShowFIre     oled.o
    0x08001f3c   0x0000003a   Code   RO         1693    i.OLED_ShowString   oled.o
    0x08001f76   0x00000002   PAD
    0x08001f78   0x00000068   Code   RO         1694    i.OLED_ShowTEmp     oled.o
    0x08001fe0   0x00000018   Code   RO         1696    i.OLED_WR_Byte      oled.o
    0x08001ff8   0x0000000c   Code   RO         1237    i.PWR_BackupAccessCmd  stm32f10x_pwr.o
    0x08002004   0x00000002   Code   RO         2248    i.PendSV_Handler    stm32f10x_it.o
    0x08002006   0x00000002   PAD
    0x08002008   0x00000020   Code   RO           26    i.RCC_APB1PeriphClockCmd  stm32f10x_rcc.o
    0x08002028   0x00000020   Code   RO           28    i.RCC_APB2PeriphClockCmd  stm32f10x_rcc.o
    0x08002048   0x0000000c   Code   RO           31    i.RCC_BackupResetCmd  stm32f10x_rcc.o
    0x08002054   0x000000d4   Code   RO           36    i.RCC_GetClocksFreq  stm32f10x_rcc.o
    0x08002128   0x0000003c   Code   RO           37    i.RCC_GetFlagStatus  stm32f10x_rcc.o
    0x08002164   0x00000034   Code   RO           44    i.RCC_LSEConfig     stm32f10x_rcc.o
    0x08002198   0x0000000c   Code   RO           51    i.RCC_RTCCLKCmd     stm32f10x_rcc.o
    0x080021a4   0x00000010   Code   RO           52    i.RCC_RTCCLKConfig  stm32f10x_rcc.o
    0x080021b4   0x00000010   Code   RO         1298    i.RTC_ClearITPendingBit  stm32f10x_rtc.o
    0x080021c4   0x00000060   Code   RO         2085    i.RTC_Configuration  rtc.o
    0x08002224   0x00000014   Code   RO         1299    i.RTC_EnterConfigMode  stm32f10x_rtc.o
    0x08002238   0x00000014   Code   RO         1300    i.RTC_ExitConfigMode  stm32f10x_rtc.o
    0x0800224c   0x00000014   Code   RO         1301    i.RTC_GetCounter    stm32f10x_rtc.o
    0x08002260   0x00000024   Code   RO         1304    i.RTC_GetITStatus   stm32f10x_rtc.o
    0x08002284   0x00000020   Code   RO         2086    i.RTC_IRQHandler    rtc.o
    0x080022a4   0x00000020   Code   RO         1305    i.RTC_ITConfig      stm32f10x_rtc.o
    0x080022c4   0x0000001c   Code   RO         1307    i.RTC_SetCounter    stm32f10x_rtc.o
    0x080022e0   0x00000020   Code   RO         1308    i.RTC_SetPrescaler  stm32f10x_rtc.o
    0x08002300   0x00000014   Code   RO         1309    i.RTC_WaitForLastTask  stm32f10x_rtc.o
    0x08002314   0x00000024   Code   RO         1310    i.RTC_WaitForSynchro  stm32f10x_rtc.o
    0x08002338   0x00000002   Code   RO         2249    i.SVC_Handler       stm32f10x_it.o
    0x0800233a   0x00000008   Code   RO         2306    i.SetSysClock       system_stm32f10x.o
    0x08002342   0x00000002   PAD
    0x08002344   0x000000e0   Code   RO         2307    i.SetSysClockTo72   system_stm32f10x.o
    0x08002424   0x00000028   Code   RO          425    i.SysTick_CLKSourceConfig  misc.o
    0x0800244c   0x00000002   Code   RO         2250    i.SysTick_Handler   stm32f10x_it.o
    0x0800244e   0x00000002   PAD
    0x08002450   0x00000060   Code   RO         2309    i.SystemInit        system_stm32f10x.o
    0x080024b0   0x00000080   Code   RO         1521    i.USART1_IRQHandler  usart1.o
    0x08002530   0x00000030   Code   RO         2144    i.USART2_IRQHandler  usart2.o
    0x08002560   0x00000012   Code   RO          553    i.USART_ClearFlag   stm32f10x_usart.o
    0x08002572   0x0000001e   Code   RO          554    i.USART_ClearITPendingBit  stm32f10x_usart.o
    0x08002590   0x00000018   Code   RO          557    i.USART_Cmd         stm32f10x_usart.o
    0x080025a8   0x0000001a   Code   RO          560    i.USART_GetFlagStatus  stm32f10x_usart.o
    0x080025c2   0x00000054   Code   RO          561    i.USART_GetITStatus  stm32f10x_usart.o
    0x08002616   0x0000004a   Code   RO          563    i.USART_ITConfig    stm32f10x_usart.o
    0x08002660   0x000000d8   Code   RO          564    i.USART_Init        stm32f10x_usart.o
    0x08002738   0x0000000a   Code   RO          571    i.USART_ReceiveData  stm32f10x_usart.o
    0x08002742   0x00000008   Code   RO          574    i.USART_SendData    stm32f10x_usart.o
    0x0800274a   0x00000004   Code   RO         2251    i.UsageFault_Handler  stm32f10x_it.o
    0x0800274e   0x0000002c   Code   RO         1698    i.Write_IIC_Command  oled.o
    0x0800277a   0x0000002c   Code   RO         1699    i.Write_IIC_Data    oled.o
    0x080027a6   0x00000028   Code   RO         2500    i.__ARM_fpclassify  m_ws.l(fpclassify.o)
    0x080027ce   0x0000000e   Code   RO         2362    i._is_digit         c_w.l(__printf_wp.o)
    0x080027dc   0x00000010   Code   RO         1946    i.adc_get_value     mq5.o
    0x080027ec   0x0000007c   Code   RO         1947    i.adc_init          mq5.o
    0x08002868   0x00000010   Code   RO         1948    i.adc_start         mq5.o
    0x08002878   0x00000020   Code   RO         1949    i.adc_wait          mq5.o
    0x08002898   0x00000034   Code   RO         1417    i.buzzer_init       buzzer.o
    0x080028cc   0x0000000c   Code   RO         1418    i.buzzer_off        buzzer.o
    0x080028d8   0x0000000c   Code   RO         1419    i.buzzer_on         buzzer.o
    0x080028e4   0x000000e8   Code   RO         2087    i.conv_time         rtc.o
    0x080029cc   0x000001b8   Code   RO         1991    i.dataHandler       esp8266.o
    0x08002b84   0x00000034   Code   RO         1465    i.delay_init        delay.o
    0x08002bb8   0x00000038   Code   RO         1466    i.delay_ms          delay.o
    0x08002bf0   0x0000004c   Code   RO         1467    i.delay_us          delay.o
    0x08002c3c   0x0000004c   Code   RO         1468    i.delay_xms         delay.o
    0x08002c88   0x00000098   Code   RO         1913    i.digit_show_data   ldt.o
    0x08002d20   0x00000064   Code   RO         2056    i.download_sensor_status  iot.o
    0x08002d84   0x00000078   Code   RO         1992    i.esp8266_connect   esp8266.o
    0x08002dfc   0x0000001c   Code   RO         1993    i.esp8266_disconnect  esp8266.o
    0x08002e18   0x00000008   Code   RO         1994    i.esp8266_init      esp8266.o
    0x08002e20   0x00000104   Code   RO         1995    i.esp8266_link_wifi  esp8266.o
    0x08002f24   0x00000064   Code   RO         1996    i.esp8266_send      esp8266.o
    0x08002f88   0x00000034   Code   RO         1886    i.fan_init          fan.o
    0x08002fbc   0x0000000c   Code   RO         1887    i.fan_off           fan.o
    0x08002fc8   0x0000000c   Code   RO         1888    i.fan_on            fan.o
    0x08002fd4   0x0000000c   Code   RO         1865    i.fire_get_state    fire.o
    0x08002fe0   0x00000024   Code   RO         1866    i.fire_init         fire.o
    0x08003004   0x00000014   Code   RO         2088    i.get_time          rtc.o
    0x08003018   0x00000070   Code   RO         1914    i.hc138_out_data    ldt.o
    0x08003088   0x00000044   Code   RO         1915    i.hc595_send_data   ldt.o
    0x080030cc   0x00000034   Code   RO         2089    i.isLeapYear        rtc.o
    0x08003100   0x00000008   Code   RO         1500    i.iwdg_feed_dog     iwdg.o
    0x08003108   0x00000022   Code   RO         1501    i.iwdg_init         iwdg.o
    0x0800312a   0x00000002   PAD
    0x0800312c   0x00000090   Code   RO         1916    i.ldt_init          ldt.o
    0x080031bc   0x00000044   Code   RO         1387    i.led_init          led.o
    0x08003200   0x00000034   Code   RO         1388    i.led_off           led.o
    0x08003234   0x00000034   Code   RO         1389    i.led_on            led.o
    0x08003268   0x000003fc   Code   RO         2216    i.main              main.o
    0x08003664   0x00000010   Code   RO         1950    i.mq5_get_value     mq5.o
    0x08003674   0x00000008   Code   RO         1951    i.mq5_init          mq5.o
    0x0800367c   0x00000084   Code   RO         2217    i.recv_handler      main.o
    0x08003700   0x00000052   Code   RO         2090    i.rtc_init          rtc.o
    0x08003752   0x00000002   PAD
    0x08003754   0x000000c8   Code   RO         2091    i.set_time          rtc.o
    0x0800381c   0x0000000c   Code   RO         1997    i.set_wifi_recv_handler  esp8266.o
    0x08003828   0x00000008   Code   RO         1645    i.sht_init          sht.o
    0x08003830   0x000000cc   Code   RO         1646    i.sht_read_data     sht.o
    0x080038fc   0x00000042   Code   RO         1647    i.sht_write_mode    sht.o
    0x0800393e   0x00000036   Code   RO         1648    i.sht_write_read_cmd  sht.o
    0x08003974   0x00000074   Code   RO         2057    i.upload_sensor_data  iot.o
    0x080039e8   0x00000074   Code   RO         2058    i.upload_sensor_status  iot.o
    0x08003a5c   0x000000b8   Code   RO         2146    i.usart_2_init      usart2.o
    0x08003b14   0x00000028   Code   RO         2148    i.usart_2_send_byte  usart2.o
    0x08003b3c   0x00000016   Code   RO         2149    i.usart_2_send_data  usart2.o
    0x08003b52   0x00000002   PAD
    0x08003b54   0x0000002c   Code   RO         2496    locale$$code        c_w.l(lc_numeric_c.o)
    0x08003b80   0x0000002c   Code   RO         2507    locale$$code        c_w.l(lc_ctype_c.o)
    0x08003bac   0x00000150   Code   RO         2389    x$fpl$dadd          fz_ws.l(daddsub_clz.o)
    0x08003cfc   0x00000018   Code   RO         2430    x$fpl$dcmpinf       fz_ws.l(dcmpi.o)
    0x08003d14   0x000002b0   Code   RO         2396    x$fpl$ddiv          fz_ws.l(ddiv.o)
    0x08003fc4   0x0000002e   Code   RO         2400    x$fpl$dflt          fz_ws.l(dflt_clz.o)
    0x08003ff2   0x00000026   Code   RO         2399    x$fpl$dfltu         fz_ws.l(dflt_clz.o)
    0x08004018   0x00000078   Code   RO         2405    x$fpl$dleqf         fz_ws.l(dleqf.o)
    0x08004090   0x00000154   Code   RO         2407    x$fpl$dmul          fz_ws.l(dmul.o)
    0x080041e4   0x0000009c   Code   RO         2432    x$fpl$dnaninf       fz_ws.l(dnaninf.o)
    0x08004280   0x0000000c   Code   RO         2434    x$fpl$dretinf       fz_ws.l(dretinf.o)
    0x0800428c   0x0000006c   Code   RO         2409    x$fpl$drleqf        fz_ws.l(drleqf.o)
    0x080042f8   0x000001d4   Code   RO         2391    x$fpl$dsub          fz_ws.l(daddsub_clz.o)
    0x080044cc   0x00000004   Code   RO         2411    x$fpl$printf1       fz_ws.l(printf1.o)
    0x080044d0   0x00000000   Code   RO         2436    x$fpl$usenofp       fz_ws.l(usenofp.o)
    0x080044d0   0x00000818   Data   RO         1702    .constdata          oled.o
    0x08004ce8   0x0000000c   Data   RO         2093    .constdata          rtc.o
    0x08004cf4   0x00000834   Data   RO         2218    .constdata          main.o
    0x08005528   0x00000011   Data   RO         2365    .constdata          c_w.l(__printf_flags_wp.o)
    0x08005539   0x00000003   PAD
    0x0800553c   0x00000094   Data   RO         2471    .constdata          c_w.l(bigflt0.o)
    0x080055d0   0x000000e8   Data   RO         2059    .conststring        iot.o
    0x080056b8   0x00000020   Data   RO         2643    Region$$Table       anon$$obj.o
    0x080056d8   0x0000001c   Data   RO         2495    locale$$data        c_w.l(lc_numeric_c.o)
    0x080056f4   0x00000110   Data   RO         2506    locale$$data        c_w.l(lc_ctype_c.o)


    Execution Region ER_RW (Base: 0x20000000, Size: 0x00000bdc, Max: 0xffffffff, ABSOLUTE, COMPRESSED[0x00000160])

    Base Addr    Size         Type   Attr      Idx    E Section Name        Object

    0x20000000   0x00000014   Data   RW           56    .data               stm32f10x_rcc.o
    0x20000014   0x00000004   Data   RW         1469    .data               delay.o
    0x20000018   0x0000000c   Data   RW         1528    .data               usart1.o
    0x20000024   0x0000000c   Data   RW         1583    .data               gpio_iic.o
    0x20000030   0x000005c0   Data   RW         1703    .data               oled.o
    0x200005f0   0x00000028   Data   RW         1999    .data               esp8266.o
    0x20000618   0x000005c4   Data   RW         2219    .data               main.o


    Execution Region ER_ZI (Base: 0x20000bdc, Size: 0x0000091c, Max: 0xffffffff, ABSOLUTE)

    Base Addr    Size         Type   Attr      Idx    E Section Name        Object

    0x20000bdc   0x00000080   Zero   RW         1527    .bss                usart1.o
    0x20000c5c   0x0000021b   Zero   RW         1998    .bss                esp8266.o
    0x20000e77   0x00000001   PAD
    0x20000e78   0x0000001c   Zero   RW         2092    .bss                rtc.o
    0x20000e94   0x00000060   Zero   RW         2438    .bss                c_w.l(libspace.o)
    0x20000ef4   0x00000004   PAD
    0x20000ef8   0x00000200   Zero   RW           18    HEAP                startup_stm32f10x_md.o
    0x200010f8   0x00000400   Zero   RW           17    STACK               startup_stm32f10x_md.o


==============================================================================

Image component sizes


      Code (inc. data)   RO Data    RW Data    ZI Data      Debug   Object Name

        76         16          0          0          0       1267   buzzer.o
         0          0          0          0          0       4540   core_cm3.o
       260         18          0          4          0       2211   delay.o
       968        222          0         40        539       4886   esp8266.o
        76         16          0          0          0       1230   fan.o
        48          8          0          0          0        881   fire.o
       628        106          0         12          0       5252   gpio_iic.o
       332         26        232          0          0       2285   iot.o
        42          0          0          0          0        912   iwdg.o
       476         78          0          0          0       2160   ldt.o
       172         24          0          0          0       1394   led.o
      1152        212       2100       1476          0       2178   main.o
       172         22          0          0          0       1921   misc.o
       212         30          0          0          0       2705   mq5.o
       912         22       2072       1472          0       7306   oled.o
       754         36         12          0         28       5112   rtc.o
       332         16          0          0          0       2013   sht.o
        64         26        236          0       1536        796   startup_stm32f10x_md.o
       340         10          0          0          0       6108   stm32f10x_adc.o
        72         10          0          0          0       2560   stm32f10x_bkp.o
       422          6          0          0          0       2694   stm32f10x_gpio.o
        26          0          0          0          0       3766   stm32f10x_it.o
        68         30          0          0          0       2314   stm32f10x_iwdg.o
        12          6          0          0          0        482   stm32f10x_pwr.o
       428         58          0         20          0     242606   stm32f10x_rcc.o
       260         48          0          0          0       4852   stm32f10x_rtc.o
       490          6          0          0          0       7045   stm32f10x_usart.o
       328         28          0          0          0       1885   system_stm32f10x.o
       128         22          0         12        128       1167   usart1.o
       294         20          0          0          0       2123   usart2.o

    ----------------------------------------------------------------------
      9566       1122       4684       3036       2232     326651   Object Totals
         0          0         32          0          0          0   (incl. Generated)
        22          0          0          0          1          0   (incl. Padding)

    ----------------------------------------------------------------------

      Code (inc. data)   RO Data    RW Data    ZI Data      Debug   Library Member Name

       100          0          0          0          0          0   __dclz77c.o
         8          0          0          0          0         68   __main.o
       312          4         17          0          0         92   __printf_flags_wp.o
        14          0          0          0          0         68   __printf_wp.o
         0          0          0          0          0          0   __rtentry.o
        12          0          0          0          0          0   __rtentry2.o
         6          0          0          0          0          0   __rtentry4.o
        52          8          0          0          0          0   __scatter.o
        28          0          0          0          0          0   __scatter_zi.o
        28          0          0          0          0         68   _chval.o
        48          6          0          0          0         96   _printf_char_common.o
         6          0          0          0          0          0   _printf_d.o
       120         16          0          0          0         92   _printf_dec.o
         6          0          0          0          0          0   _printf_f.o
      1050          0          0          0          0        216   _printf_fp_dec.o
       128         16          0          0          0         84   _printf_fp_infnan.o
       178          0          0          0          0         88   _printf_intcommon.o
        78          0          0          0          0        108   _printf_pad.o
         0          0          0          0          0          0   _printf_percent.o
         4          0          0          0          0          0   _printf_percent_end.o
        10          0          0          0          0         68   _sputc.o
       158          0          0          0          0         92   _strtoul.o
        26          0          0          0          0         80   atoi.o
       220          4        148          0          0         96   bigflt0.o
      1910        128          0          0          0        672   btod.o
        18          0          0          0          0         80   exit.o
         6          0          0          0          0        152   heapauxi.o
         0          0          0          0          0          0   indicate_semi.o
        44         10        272          0          0         76   lc_ctype_c.o
        44         10         28          0          0         76   lc_numeric_c.o
         2          0          0          0          0          0   libinit.o
        30          0          0          0          0          0   libinit2.o
         2          0          0          0          0          0   libshutdown.o
         2          0          0          0          0          0   libshutdown2.o
         8          4          0          0         96         68   libspace.o
       138          0          0          0          0         80   lludiv10.o
        40          6          0          0          0         84   noretval__2sprintf.o
        16          4          0          0          0         76   rt_ctype_table.o
         8          4          0          0          0         68   rt_errno_addr_intlibspace.o
         8          4          0          0          0         68   rt_locale_intlibspace.o
        78          0          0          0          0         80   rt_memclr_w.o
       100          0          0          0          0         80   rt_memcpy_w.o
         2          0          0          0          0          0   rtexit.o
        10          0          0          0          0          0   rtexit2.o
       128          0          0          0          0         68   strcmpv7m.o
        36          0          0          0          0         80   strstr.o
       112          0          0          0          0         88   strtol.o
        12          4          0          0          0         68   sys_exit.o
        74          0          0          0          0         80   sys_stackheap_outer.o
         2          0          0          0          0         68   use_no_semi.o
       804         16          0          0          0        272   daddsub_clz.o
        24          0          0          0          0         68   dcmpi.o
       688        140          0          0          0        208   ddiv.o
        84          0          0          0          0        136   dflt_clz.o
       120          4          0          0          0         92   dleqf.o
       340         12          0          0          0        104   dmul.o
       156          4          0          0          0         92   dnaninf.o
        12          0          0          0          0         68   dretinf.o
       108          0          0          0          0         80   drleqf.o
         4          0          0          0          0         68   printf1.o
         0          0          0          0          0          0   usenofp.o
        40          0          0          0          0         68   fpclassify.o

    ----------------------------------------------------------------------
      7814        404        468          0        100       4684   Library Totals
        12          0          3          0          4          0   (incl. Padding)

    ----------------------------------------------------------------------

      Code (inc. data)   RO Data    RW Data    ZI Data      Debug   Library Name

      5422        228        465          0         96       3428   c_w.l
      2340        176          0          0          0       1188   fz_ws.l
        40          0          0          0          0         68   m_ws.l

    ----------------------------------------------------------------------
      7814        404        468          0        100       4684   Library Totals

    ----------------------------------------------------------------------

==============================================================================


      Code (inc. data)   RO Data    RW Data    ZI Data      Debug   

     17380       1526       5152       3036       2332     321971   Grand Totals
     17380       1526       5152        352       2332     321971   ELF Image Totals (compressed)
     17380       1526       5152        352          0          0   ROM Totals

==============================================================================

    Total RO  Size (Code + RO Data)                22532 (  22.00kB)
    Total RW  Size (RW Data + ZI Data)              5368 (   5.24kB)
    Total ROM Size (Code + RO Data + RW Data)      22884 (  22.35kB)

==============================================================================

