Component: ARM Compiler 5.06 update 2 (build 183) Tool: armlink [4d35b7]

==============================================================================

Section Cross References

    startup_stm32f10x_md.o(STACK) refers (Special) to heapauxi.o(.text) for __use_two_region_memory
    startup_stm32f10x_md.o(HEAP) refers (Special) to heapauxi.o(.text) for __use_two_region_memory
    startup_stm32f10x_md.o(RESET) refers (Special) to heapauxi.o(.text) for __use_two_region_memory
    startup_stm32f10x_md.o(RESET) refers to startup_stm32f10x_md.o(STACK) for __initial_sp
    startup_stm32f10x_md.o(RESET) refers to startup_stm32f10x_md.o(.text) for Reset_Handler
    startup_stm32f10x_md.o(RESET) refers to stm32f10x_it.o(i.NMI_Handler) for NMI_Handler
    startup_stm32f10x_md.o(RESET) refers to stm32f10x_it.o(i.HardFault_Handler) for HardFault_Handler
    startup_stm32f10x_md.o(RESET) refers to stm32f10x_it.o(i.MemManage_Handler) for MemManage_Handler
    startup_stm32f10x_md.o(RESET) refers to stm32f10x_it.o(i.BusFault_Handler) for BusFault_Handler
    startup_stm32f10x_md.o(RESET) refers to stm32f10x_it.o(i.UsageFault_Handler) for UsageFault_Handler
    startup_stm32f10x_md.o(RESET) refers to stm32f10x_it.o(i.SVC_Handler) for SVC_Handler
    startup_stm32f10x_md.o(RESET) refers to stm32f10x_it.o(i.DebugMon_Handler) for DebugMon_Handler
    startup_stm32f10x_md.o(RESET) refers to stm32f10x_it.o(i.PendSV_Handler) for PendSV_Handler
    startup_stm32f10x_md.o(RESET) refers to stm32f10x_it.o(i.SysTick_Handler) for SysTick_Handler
    startup_stm32f10x_md.o(RESET) refers to eint.o(i.EXTI0_IRQHandler) for EXTI0_IRQHandler
    startup_stm32f10x_md.o(RESET) refers to eint.o(i.EXTI9_5_IRQHandler) for EXTI9_5_IRQHandler
    startup_stm32f10x_md.o(RESET) refers to usart1.o(i.USART1_IRQHandler) for USART1_IRQHandler
    startup_stm32f10x_md.o(.text) refers (Special) to heapauxi.o(.text) for __use_two_region_memory
    startup_stm32f10x_md.o(.text) refers to system_stm32f10x.o(i.SystemInit) for SystemInit
    startup_stm32f10x_md.o(.text) refers to __main.o(!!!main) for __main
    startup_stm32f10x_md.o(.text) refers to startup_stm32f10x_md.o(HEAP) for Heap_Mem
    startup_stm32f10x_md.o(.text) refers to startup_stm32f10x_md.o(STACK) for Stack_Mem
    stm32f10x_rcc.o(i.RCC_GetClocksFreq) refers to stm32f10x_rcc.o(.data) for APBAHBPrescTable
    stm32f10x_rcc.o(i.RCC_WaitForHSEStartUp) refers to stm32f10x_rcc.o(i.RCC_GetFlagStatus) for RCC_GetFlagStatus
    stm32f10x_gpio.o(i.GPIO_AFIODeInit) refers to stm32f10x_rcc.o(i.RCC_APB2PeriphResetCmd) for RCC_APB2PeriphResetCmd
    stm32f10x_gpio.o(i.GPIO_DeInit) refers to stm32f10x_rcc.o(i.RCC_APB2PeriphResetCmd) for RCC_APB2PeriphResetCmd
    stm32f10x_usart.o(i.USART_DeInit) refers to stm32f10x_rcc.o(i.RCC_APB2PeriphResetCmd) for RCC_APB2PeriphResetCmd
    stm32f10x_usart.o(i.USART_DeInit) refers to stm32f10x_rcc.o(i.RCC_APB1PeriphResetCmd) for RCC_APB1PeriphResetCmd
    stm32f10x_usart.o(i.USART_Init) refers to stm32f10x_rcc.o(i.RCC_GetClocksFreq) for RCC_GetClocksFreq
    stm32f10x_i2c.o(i.I2C_DeInit) refers to stm32f10x_rcc.o(i.RCC_APB1PeriphResetCmd) for RCC_APB1PeriphResetCmd
    stm32f10x_i2c.o(i.I2C_Init) refers to stm32f10x_rcc.o(i.RCC_GetClocksFreq) for RCC_GetClocksFreq
    stm32f10x_adc.o(i.ADC_DeInit) refers to stm32f10x_rcc.o(i.RCC_APB2PeriphResetCmd) for RCC_APB2PeriphResetCmd
    led.o(i.led_init) refers to stm32f10x_rcc.o(i.RCC_APB2PeriphClockCmd) for RCC_APB2PeriphClockCmd
    led.o(i.led_init) refers to stm32f10x_gpio.o(i.GPIO_Init) for GPIO_Init
    buzzer.o(i.buzzer_init) refers to stm32f10x_rcc.o(i.RCC_APB2PeriphClockCmd) for RCC_APB2PeriphClockCmd
    buzzer.o(i.buzzer_init) refers to stm32f10x_gpio.o(i.GPIO_Init) for GPIO_Init
    button.o(i.button_init) refers to stm32f10x_rcc.o(i.RCC_APB2PeriphClockCmd) for RCC_APB2PeriphClockCmd
    button.o(i.button_init) refers to stm32f10x_gpio.o(i.GPIO_Init) for GPIO_Init
    delay.o(i.delay_init) refers to misc.o(i.SysTick_CLKSourceConfig) for SysTick_CLKSourceConfig
    delay.o(i.delay_init) refers to delay.o(.data) for fac_us
    delay.o(i.delay_ms) refers to delay.o(i.delay_xms) for delay_xms
    delay.o(i.delay_us) refers to delay.o(.data) for fac_us
    delay.o(i.delay_xms) refers to delay.o(.data) for fac_ms
    eint.o(i.EXTI0_IRQHandler) refers to delay.o(i.delay_ms) for delay_ms
    eint.o(i.EXTI0_IRQHandler) refers to button.o(i.button_status) for button_status
    eint.o(i.EXTI0_IRQHandler) refers to stm32f10x_exti.o(i.EXTI_ClearITPendingBit) for EXTI_ClearITPendingBit
    eint.o(i.EXTI0_IRQHandler) refers to eint.o(.data) for eint_h2
    eint.o(i.EXTI9_5_IRQHandler) refers to stm32f10x_exti.o(i.EXTI_GetITStatus) for EXTI_GetITStatus
    eint.o(i.EXTI9_5_IRQHandler) refers to delay.o(i.delay_ms) for delay_ms
    eint.o(i.EXTI9_5_IRQHandler) refers to button.o(i.button_status) for button_status
[...]
    ../clib/angel/rt.s                       0x00000000   Number         0  rt_locale.o ABSOLUTE
    ../clib/angel/rt.s                       0x00000000   Number         0  rt_raise.o ABSOLUTE
    ../clib/angel/rt.s                       0x00000000   Number         0  rt_locale_intlibspace.o ABSOLUTE
    ../clib/angel/scatter.s                  0x00000000   Number         0  __scatter.o ABSOLUTE
    ../clib/angel/startup.s                  0x00000000   Number         0  __main.o ABSOLUTE
    ../clib/angel/sys.s                      0x00000000   Number         0  indicate_semi.o ABSOLUTE
    ../clib/angel/sys.s                      0x00000000   Number         0  use_no_semi.o ABSOLUTE
    ../clib/angel/sys.s                      0x00000000   Number         0  sys_stackheap_outer.o ABSOLUTE
    ../clib/angel/sys.s                      0x00000000   Number         0  libspace.o ABSOLUTE
    ../clib/angel/sysapp.c                   0x00000000   Number         0  sys_command.o ABSOLUTE
    ../clib/angel/sysapp.c                   0x00000000   Number         0  sys_exit.o ABSOLUTE
    ../clib/angel/sysapp.c                   0x00000000   Number         0  sys_wrch.o ABSOLUTE
    ../clib/armsys.c                         0x00000000   Number         0  argv_veneer.o ABSOLUTE
    ../clib/armsys.c                         0x00000000   Number         0  no_argv.o ABSOLUTE
    ../clib/armsys.c                         0x00000000   Number         0  _get_argv_nomalloc.o ABSOLUTE
    ../clib/armsys.c                         0x00000000   Number         0  argv_veneer.o ABSOLUTE
    ../clib/bigflt.c                         0x00000000   Number         0  bigflt0.o ABSOLUTE
    ../clib/btod.s                           0x00000000   Number         0  btod.o ABSOLUTE
    ../clib/heapalloc.c                      0x00000000   Number         0  hrguard.o ABSOLUTE
    ../clib/heapaux.c                        0x00000000   Number         0  heapauxi.o ABSOLUTE
    ../clib/libinit.s                        0x00000000   Number         0  libshutdown.o ABSOLUTE
    ../clib/libinit.s                        0x00000000   Number         0  libinit2.o ABSOLUTE
    ../clib/libinit.s                        0x00000000   Number         0  libinit.o ABSOLUTE
    ../clib/libinit.s                        0x00000000   Number         0  libshutdown2.o ABSOLUTE
    ../clib/locale.s                         0x00000000   Number         0  lc_numeric_c.o ABSOLUTE
    ../clib/longlong.s                       0x00000000   Number         0  lludiv10.o ABSOLUTE
    ../clib/memcpset.s                       0x00000000   Number         0  strcmpv7m.o ABSOLUTE
    ../clib/memcpset.s                       0x00000000   Number         0  rt_memclr_w.o ABSOLUTE
    ../clib/misc.s                           0x00000000   Number         0  printf_stubs.o ABSOLUTE
    ../clib/printf.c                         0x00000000   Number         0  noretval__2sprintf.o ABSOLUTE
    ../clib/printf.c                         0x00000000   Number         0  _printf_fp_dec.o ABSOLUTE
    ../clib/printf.c                         0x00000000   Number         0  __printf_flags_ss_wp.o ABSOLUTE
    ../clib/printf.c                         0x00000000   Number         0  __printf_nopercent.o ABSOLUTE
    ../clib/printf.c                         0x00000000   Number         0  __2sprintf.o ABSOLUTE
    ../clib/printf.c                         0x00000000   Number         0  _printf_fp_infnan.o ABSOLUTE
    ../clib/printf.c                         0x00000000   Number         0  __printf_flags_wp.o ABSOLUTE
    ../clib/printf.c                         0x00000000   Number         0  __printf_wp.o ABSOLUTE
    ../clib/printf.c                         0x00000000   Number         0  __printf_flags_ss.o ABSOLUTE
    ../clib/printf.c                         0x00000000   Number         0  _sputc.o ABSOLUTE
    ../clib/printf.c                         0x00000000   Number         0  __printf_ss.o ABSOLUTE
    ../clib/printf.c                         0x00000000   Number         0  __printf_flags.o ABSOLUTE
    ../clib/printf.c                         0x00000000   Number         0  __printf.o ABSOLUTE
    ../clib/printf.c                         0x00000000   Number         0  __printf_ss_wp.o ABSOLUTE
    ../clib/printf.c                         0x00000000   Number         0  _printf_char_common.o ABSOLUTE
    ../clib/printf_percent.s                 0x00000000   Number         0  _printf_percent_end.o ABSOLUTE
    ../clib/printf_percent.s                 0x00000000   Number         0  _printf_f.o ABSOLUTE
    ../clib/printf_percent.s                 0x00000000   Number         0  _printf_percent.o ABSOLUTE
    ../clib/signal.c                         0x00000000   Number         0  defsig_rtmem_formal.o ABSOLUTE
    ../clib/signal.c                         0x00000000   Number         0  defsig_rtmem_outer.o ABSOLUTE
    ../clib/signal.c                         0x00000000   Number         0  defsig_rtmem_inner.o ABSOLUTE
    ../clib/signal.c                         0x00000000   Number         0  defsig_other.o ABSOLUTE
    ../clib/signal.c                         0x00000000   Number         0  defsig_segv_inner.o ABSOLUTE
    ../clib/signal.c                         0x00000000   Number         0  defsig_pvfn_inner.o ABSOLUTE
    ../clib/signal.c                         0x00000000   Number         0  defsig_general.o ABSOLUTE
    ../clib/signal.c                         0x00000000   Number         0  defsig_fpe_inner.o ABSOLUTE
    ../clib/signal.c                         0x00000000   Number         0  defsig_rtred_inner.o ABSOLUTE
    ../clib/signal.c                         0x00000000   Number         0  defsig_abrt_inner.o ABSOLUTE
    ../clib/signal.c                         0x00000000   Number         0  defsig_exit.o ABSOLUTE
    ../clib/signal.c                         0x00000000   Number         0  defsig_cppl_inner.o ABSOLUTE
    ../clib/signal.c                         0x00000000   Number         0  defsig_stak_inner.o ABSOLUTE
    ../clib/signal.c                         0x00000000   Number         0  __raise.o ABSOLUTE
    ../clib/signal.s                         0x00000000   Number         0  defsig.o ABSOLUTE
    ../clib/stdlib.c                         0x00000000   Number         0  exit.o ABSOLUTE
    ../clib/string.c                         0x00000000   Number         0  strlen.o ABSOLUTE
    ../fplib/daddsub.s                       0x00000000   Number         0  daddsub_clz.o ABSOLUTE
    ../fplib/dcmpi.s                         0x00000000   Number         0  dcmpi.o ABSOLUTE
    ../fplib/ddiv.s                          0x00000000   Number         0  ddiv.o ABSOLUTE
    ../fplib/dflt.s                          0x00000000   Number         0  dflt_clz.o ABSOLUTE
    ../fplib/dleqf.s                         0x00000000   Number         0  dleqf.o ABSOLUTE
    ../fplib/dmul.s                          0x00000000   Number         0  dmul.o ABSOLUTE
    ../fplib/dnaninf.s                       0x00000000   Number         0  dnaninf.o ABSOLUTE
    ../fplib/dretinf.s                       0x00000000   Number         0  dretinf.o ABSOLUTE
    ../fplib/drleqf.s                        0x00000000   Number         0  drleqf.o ABSOLUTE
    ../fplib/fpinit.s                        0x00000000   Number         0  fpinit.o ABSOLUTE
    ../fplib/istatus.s                       0x00000000   Number         0  istatus.o ABSOLUTE
    ../fplib/printf1.s                       0x00000000   Number         0  printf1.o ABSOLUTE
    ../fplib/usenofp.s                       0x00000000   Number         0  usenofp.o ABSOLUTE
    ../mathlib/fpclassify.c                  0x00000000   Number         0  fpclassify.o ABSOLUTE
    ..\\cmsis\\core_cm3.c                    0x00000000   Number         0  core_cm3.o ABSOLUTE
    ..\cmsis\core_cm3.c                      0x00000000   Number         0  core_cm3.o ABSOLUTE
    ..\cmsis\startup_stm32f10x_md.s          0x00000000   Number         0  startup_stm32f10x_md.o ABSOLUTE
    ..\fwlib\src\misc.c                      0x00000000   Number         0  misc.o ABSOLUTE
    ..\fwlib\src\stm32f10x_adc.c             0x00000000   Number         0  stm32f10x_adc.o ABSOLUTE
    ..\fwlib\src\stm32f10x_exti.c            0x00000000   Number         0  stm32f10x_exti.o ABSOLUTE
    ..\fwlib\src\stm32f10x_gpio.c            0x00000000   Number         0  stm32f10x_gpio.o ABSOLUTE
    ..\fwlib\src\stm32f10x_i2c.c             0x00000000   Number         0  stm32f10x_i2c.o ABSOLUTE
    ..\fwlib\src\stm32f10x_iwdg.c            0x00000000   Number         0  stm32f10x_iwdg.o ABSOLUTE
    ..\fwlib\src\stm32f10x_rcc.c             0x00000000   Number         0  stm32f10x_rcc.o ABSOLUTE
    ..\fwlib\src\stm32f10x_usart.c           0x00000000   Number         0  stm32f10x_usart.o ABSOLUTE
    ..\mylib\button.c                        0x00000000   Number         0  button.o ABSOLUTE
    ..\mylib\buzzer.c                        0x00000000   Number         0  buzzer.o ABSOLUTE
    ..\mylib\delay.c                         0x00000000   Number         0  delay.o ABSOLUTE
    ..\mylib\dht11.c                         0x00000000   Number         0  dht11.o ABSOLUTE
    ..\mylib\eeprom.c                        0x00000000   Number         0  eeprom.o ABSOLUTE
    ..\mylib\eint.c                          0x00000000   Number         0  eint.o ABSOLUTE
    ..\mylib\fan.c                           0x00000000   Number         0  fan.o ABSOLUTE
    ..\mylib\fire.c                          0x00000000   Number         0  fire.o ABSOLUTE
    ..\mylib\gpio_iic.c                      0x00000000   Number         0  gpio_iic.o ABSOLUTE
    ..\mylib\iwdg.c                          0x00000000   Number         0  iwdg.o ABSOLUTE
    ..\mylib\ldt.c                           0x00000000   Number         0  ldt.o ABSOLUTE
    ..\mylib\led.c                           0x00000000   Number         0  led.o ABSOLUTE
    ..\mylib\mq5.c                           0x00000000   Number         0  mq5.o ABSOLUTE
    ..\mylib\oled.c                          0x00000000   Number         0  oled.o ABSOLUTE
    ..\mylib\sht.c                           0x00000000   Number         0  sht.o ABSOLUTE
    ..\mylib\usart1.c                        0x00000000   Number         0  usart1.o ABSOLUTE
    ..\user\main.c                           0x00000000   Number         0  main.o ABSOLUTE
    ..\user\stm32f10x_it.c                   0x00000000   Number         0  stm32f10x_it.o ABSOLUTE
    ..\user\system_stm32f10x.c               0x00000000   Number         0  system_stm32f10x.o ABSOLUTE
    dc.s                                     0x00000000   Number         0  dc.o ABSOLUTE
    RESET                                    0x08000000   Section      236  startup_stm32f10x_md.o(RESET)
    !!!main                                  0x080000ec   Section        8  __main.o(!!!main)
    !!!scatter                               0x080000f4   Section       52  __scatter.o(!!!scatter)
    !!dczerorl2                              0x08000128   Section       90  __dczerorl2.o(!!dczerorl2)
    !!handler_zi                             0x08000184   Section       28  __scatter_zi.o(!!handler_zi)
    .ARM.Collect$$_printf_percent$$00000000  0x080001a0   Section        0  _printf_percent.o(.ARM.Collect$$_printf_percent$$00000000)
    .ARM.Collect$$_printf_percent$$00000003  0x080001a0   Section        6  _printf_f.o(.ARM.Collect$$_printf_percent$$00000003)
    .ARM.Collect$$_printf_percent$$00000017  0x080001a6   Section        4  _printf_percent_end.o(.ARM.Collect$$_printf_percent$$00000017)
    .ARM.Collect$$libinit$$00000000          0x080001aa   Section        2  libinit.o(.ARM.Collect$$libinit$$00000000)
    .ARM.Collect$$libinit$$00000002          0x080001ac   Section        0  libinit2.o(.ARM.Collect$$libinit$$00000002)
    .ARM.Collect$$libinit$$00000004          0x080001ac   Section        0  libinit2.o(.ARM.Collect$$libinit$$00000004)
    .ARM.Collect$$libinit$$0000000A          0x080001ac   Section        0  libinit2.o(.ARM.Collect$$libinit$$0000000A)
    .ARM.Collect$$libinit$$0000000C          0x080001ac   Section        0  libinit2.o(.ARM.Collect$$libinit$$0000000C)
    .ARM.Collect$$libinit$$0000000E          0x080001ac   Section        0  libinit2.o(.ARM.Collect$$libinit$$0000000E)
    .ARM.Collect$$libinit$$0000000F          0x080001ac   Section        6  libinit2.o(.ARM.Collect$$libinit$$0000000F)
    .ARM.Collect$$libinit$$00000011          0x080001b2   Section        0  libinit2.o(.ARM.Collect$$libinit$$00000011)
    .ARM.Collect$$libinit$$00000013          0x080001b2   Section        0  libinit2.o(.ARM.Collect$$libinit$$00000013)
    .ARM.Collect$$libinit$$00000015          0x080001b2   Section        0  libinit2.o(.ARM.Collect$$libinit$$00000015)
    .ARM.Collect$$libinit$$00000016          0x080001b2   Section       10  libinit2.o(.ARM.Collect$$libinit$$00000016)
    .ARM.Collect$$libinit$$00000017          0x080001bc   Section        0  libinit2.o(.ARM.Collect$$libinit$$00000017)
    .ARM.Collect$$libinit$$00000019          0x080001bc   Section        0  libinit2.o(.ARM.Collect$$libinit$$00000019)
    .ARM.Collect$$libinit$$0000001B          0x080001bc   Section        0  libinit2.o(.ARM.Collect$$libinit$$0000001B)
    .ARM.Collect$$libinit$$0000001D          0x080001bc   Section        0  libinit2.o(.ARM.Collect$$libinit$$0000001D)
    .ARM.Collect$$libinit$$0000001F          0x080001bc   Section        0  libinit2.o(.ARM.Collect$$libinit$$0000001F)
    .ARM.Collect$$libinit$$00000021          0x080001bc   Section        0  libinit2.o(.ARM.Collect$$libinit$$00000021)
    .ARM.Collect$$libinit$$00000023          0x080001bc   Section        0  libinit2.o(.ARM.Collect$$libinit$$00000023)
    .ARM.Collect$$libinit$$00000025          0x080001bc   Section        0  libinit2.o(.ARM.Collect$$libinit$$00000025)
    .ARM.Collect$$libinit$$0000002C          0x080001bc   Section        0  libinit2.o(.ARM.Collect$$libinit$$0000002C)
    .ARM.Collect$$libinit$$0000002E          0x080001bc   Section        0  libinit2.o(.ARM.Collect$$libinit$$0000002E)
    .ARM.Collect$$libinit$$00000030          0x080001bc   Section        0  libinit2.o(.ARM.Collect$$libinit$$00000030)
    .ARM.Collect$$libinit$$00000032          0x080001bc   Section        0  libinit2.o(.ARM.Collect$$libinit$$00000032)
    .ARM.Collect$$libinit$$00000033          0x080001bc   Section        2  libinit2.o(.ARM.Collect$$libinit$$00000033)
    .ARM.Collect$$libshutdown$$00000000      0x080001be   Section        2  libshutdown.o(.ARM.Collect$$libshutdown$$00000000)
    .ARM.Collect$$libshutdown$$00000002      0x080001c0   Section        0  libshutdown2.o(.ARM.Collect$$libshutdown$$00000002)
    .ARM.Collect$$libshutdown$$00000004      0x080001c0   Section        0  libshutdown2.o(.ARM.Collect$$libshutdown$$00000004)
    .ARM.Collect$$libshutdown$$00000007      0x080001c0   Section        0  libshutdown2.o(.ARM.Collect$$libshutdown$$00000007)
    .ARM.Collect$$libshutdown$$0000000A      0x080001c0   Section        0  libshutdown2.o(.ARM.Collect$$libshutdown$$0000000A)
    .ARM.Collect$$libshutdown$$0000000C      0x080001c0   Section        0  libshutdown2.o(.ARM.Collect$$libshutdown$$0000000C)
    .ARM.Collect$$libshutdown$$0000000F      0x080001c0   Section        0  libshutdown2.o(.ARM.Collect$$libshutdown$$0000000F)
    .ARM.Collect$$libshutdown$$00000010      0x080001c0   Section        2  libshutdown2.o(.ARM.Collect$$libshutdown$$00000010)
    .ARM.Collect$$rtentry$$00000000          0x080001c2   Section        0  __rtentry.o(.ARM.Collect$$rtentry$$00000000)
    .ARM.Collect$$rtentry$$00000002          0x080001c2   Section        0  __rtentry2.o(.ARM.Collect$$rtentry$$00000002)
    .ARM.Collect$$rtentry$$00000004          0x080001c2   Section        6  __rtentry4.o(.ARM.Collect$$rtentry$$00000004)
    .ARM.Collect$$rtentry$$00000009          0x080001c8   Section        0  __rtentry2.o(.ARM.Collect$$rtentry$$00000009)
    .ARM.Collect$$rtentry$$0000000A          0x080001c8   Section        4  __rtentry2.o(.ARM.Collect$$rtentry$$0000000A)
    .ARM.Collect$$rtentry$$0000000C          0x080001cc   Section        0  __rtentry2.o(.ARM.Collect$$rtentry$$0000000C)
    .ARM.Collect$$rtentry$$0000000D          0x080001cc   Section        8  __rtentry2.o(.ARM.Collect$$rtentry$$0000000D)
    .ARM.Collect$$rtexit$$00000000           0x080001d4   Section        2  rtexit.o(.ARM.Collect$$rtexit$$00000000)
    .ARM.Collect$$rtexit$$00000002           0x080001d6   Section        0  rtexit2.o(.ARM.Collect$$rtexit$$00000002)
    .ARM.Collect$$rtexit$$00000003           0x080001d6   Section        4  rtexit2.o(.ARM.Collect$$rtexit$$00000003)
    .ARM.Collect$$rtexit$$00000004           0x080001da   Section        6  rtexit2.o(.ARM.Collect$$rtexit$$00000004)
    .text                                    0x080001e0   Section       64  startup_stm32f10x_md.o(.text)
    .text                                    0x08000220   Section        0  noretval__2sprintf.o(.text)
    .text                                    0x08000248   Section        0  __printf_flags_wp.o(.text)
    .text                                    0x08000380   Section       78  rt_memclr_w.o(.text)
    .text                                    0x080003ce   Section        0  heapauxi.o(.text)
    .text                                    0x080003d4   Section        0  _printf_fp_dec.o(.text)
    _fp_digits                               0x080003d7   Thumb Code   428  _printf_fp_dec.o(.text)
    .text                                    0x080007f0   Section        0  _printf_char_common.o(.text)
    _printf_input_char                       0x080007f1   Thumb Code    10  _printf_char_common.o(.text)
    .text                                    0x08000820   Section        0  _sputc.o(.text)
    .text                                    0x0800082c   Section        8  rt_locale_intlibspace.o(.text)
    .text                                    0x08000834   Section      138  lludiv10.o(.text)
    .text                                    0x080008c0   Section        0  _printf_fp_infnan.o(.text)
    .text                                    0x08000940   Section        0  bigflt0.o(.text)
    .text                                    0x08000a1c   Section        8  libspace.o(.text)
    .text                                    0x08000a24   Section       74  sys_stackheap_outer.o(.text)
    .text                                    0x08000a6e   Section        0  exit.o(.text)
    .text                                    0x08000a80   Section      128  strcmpv7m.o(.text)
    .text                                    0x08000b00   Section        0  sys_exit.o(.text)
    .text                                    0x08000b0c   Section        2  use_no_semi.o(.text)
    .text                                    0x08000b0e   Section        0  indicate_semi.o(.text)
    CL$$btod_d2e                             0x08000b0e   Section       62  btod.o(CL$$btod_d2e)
    CL$$btod_d2e_denorm_low                  0x08000b4c   Section       70  btod.o(CL$$btod_d2e_denorm_low)
    CL$$btod_d2e_norm_op1                    0x08000b92   Section       96  btod.o(CL$$btod_d2e_norm_op1)
    CL$$btod_div_common                      0x08000bf2   Section      824  btod.o(CL$$btod_div_common)
    CL$$btod_e2e                             0x08000f2a   Section      198  btod.o(CL$$btod_e2e)
    CL$$btod_ediv                            0x08000ff0   Section       40  btod.o(CL$$btod_ediv)
    CL$$btod_emul                            0x08001018   Section       40  btod.o(CL$$btod_emul)
    CL$$btod_mult_common                     0x08001040   Section      580  btod.o(CL$$btod_mult_common)
    i.ADC_ClearFlag                          0x08001284   Section        0  stm32f10x_adc.o(i.ADC_ClearFlag)
    i.ADC_Cmd                                0x0800128a   Section        0  stm32f10x_adc.o(i.ADC_Cmd)
    i.ADC_GetConversionValue                 0x080012a0   Section        0  stm32f10x_adc.o(i.ADC_GetConversionValue)
    i.ADC_GetFlagStatus                      0x080012a8   Section        0  stm32f10x_adc.o(i.ADC_GetFlagStatus)
    i.ADC_Init                               0x080012bc   Section        0  stm32f10x_adc.o(i.ADC_Init)
    i.ADC_RegularChannelConfig               0x0800130c   Section        0  stm32f10x_adc.o(i.ADC_RegularChannelConfig)
    i.ADC_SoftwareStartConvCmd               0x080013c4   Section        0  stm32f10x_adc.o(i.ADC_SoftwareStartConvCmd)
    i.BusFault_Handler                       0x080013da   Section        0  stm32f10x_it.o(i.BusFault_Handler)
    i.DebugMon_Handler                       0x080013de   Section        0  stm32f10x_it.o(i.DebugMon_Handler)
    i.EXTI0_IRQHandler                       0x080013e0   Section        0  eint.o(i.EXTI0_IRQHandler)
    i.EXTI9_5_IRQHandler                     0x08001414   Section        0  eint.o(i.EXTI9_5_IRQHandler)
    i.EXTI_ClearITPendingBit                 0x08001494   Section        0  stm32f10x_exti.o(i.EXTI_ClearITPendingBit)
    i.EXTI_GetITStatus                       0x080014a0   Section        0  stm32f10x_exti.o(i.EXTI_GetITStatus)
    i.EXTI_Init                              0x080014c8   Section        0  stm32f10x_exti.o(i.EXTI_Init)
    i.GPIO_EXTILineConfig                    0x0800155c   Section        0  stm32f10x_gpio.o(i.GPIO_EXTILineConfig)
    i.GPIO_Init                              0x0800159c   Section        0  stm32f10x_gpio.o(i.GPIO_Init)
    i.GPIO_PinRemapConfig                    0x080016b4   Section        0  stm32f10x_gpio.o(i.GPIO_PinRemapConfig)
    i.HardFault_Handler                      0x08001744   Section        0  stm32f10x_it.o(i.HardFault_Handler)
    i.IIC_Ack                                0x08001748   Section        0  gpio_iic.o(i.IIC_Ack)
    i.IIC_Init                               0x08001780   Section        0  gpio_iic.o(i.IIC_Init)
    i.IIC_NAck                               0x080017ec   Section        0  gpio_iic.o(i.IIC_NAck)
    i.IIC_Recv_Byte                          0x08001824   Section        0  gpio_iic.o(i.IIC_Recv_Byte)
    i.IIC_Sda_In                             0x08001884   Section        0  gpio_iic.o(i.IIC_Sda_In)
    i.IIC_Sda_Out                            0x08001898   Section        0  gpio_iic.o(i.IIC_Sda_Out)
    i.IIC_Send_Byte                          0x080018ac   Section        0  gpio_iic.o(i.IIC_Send_Byte)
    i.IIC_Start                              0x080018fc   Section        0  gpio_iic.o(i.IIC_Start)
    i.IIC_Stop                               0x08001934   Section        0  gpio_iic.o(i.IIC_Stop)
    i.IIC_Wait_Ack                           0x08001970   Section        0  gpio_iic.o(i.IIC_Wait_Ack)
    i.MemManage_Handler                      0x080019bc   Section        0  stm32f10x_it.o(i.MemManage_Handler)
    i.NMI_Handler                            0x080019c0   Section        0  stm32f10x_it.o(i.NMI_Handler)
    i.NVIC_Init                              0x080019c4   Section        0  misc.o(i.NVIC_Init)
    i.NVIC_PriorityGroupConfig               0x08001a34   Section        0  misc.o(i.NVIC_PriorityGroupConfig)
    i.OLED_Clear                             0x08001a48   Section        0  oled.o(i.OLED_Clear)
    i.OLED_Init                              0x08001a88   Section        0  oled.o(i.OLED_Init)
    i.OLED_Set_Pos                           0x08001b70   Section        0  oled.o(i.OLED_Set_Pos)
    i.OLED_ShowChar                          0x08001bbc   Section        0  oled.o(i.OLED_ShowChar)
    i.OLED_ShowFIre                          0x08001c60   Section        0  oled.o(i.OLED_ShowFIre)
    i.OLED_ShowString                        0x08001cc8   Section        0  oled.o(i.OLED_ShowString)
    i.OLED_ShowTEmp                          0x08001d04   Section        0  oled.o(i.OLED_ShowTEmp)
    i.OLED_WR_Byte                           0x08001d6c   Section        0  oled.o(i.OLED_WR_Byte)
    i.PendSV_Handler                         0x08001d84   Section        0  stm32f10x_it.o(i.PendSV_Handler)
    i.RCC_APB2PeriphClockCmd                 0x08001d88   Section        0  stm32f10x_rcc.o(i.RCC_APB2PeriphClockCmd)
    i.RCC_GetClocksFreq                      0x08001da8   Section        0  stm32f10x_rcc.o(i.RCC_GetClocksFreq)
    i.SVC_Handler                            0x08001e7c   Section        0  stm32f10x_it.o(i.SVC_Handler)
    i.SetSysClock                            0x08001e7e   Section        0  system_stm32f10x.o(i.SetSysClock)
    SetSysClock                              0x08001e7f   Thumb Code     8  system_stm32f10x.o(i.SetSysClock)
    i.SetSysClockTo72                        0x08001e88   Section        0  system_stm32f10x.o(i.SetSysClockTo72)
    SetSysClockTo72                          0x08001e89   Thumb Code   214  system_stm32f10x.o(i.SetSysClockTo72)
    i.SysTick_CLKSourceConfig                0x08001f68   Section        0  misc.o(i.SysTick_CLKSourceConfig)
    i.SysTick_Handler                        0x08001f90   Section        0  stm32f10x_it.o(i.SysTick_Handler)
    i.SystemInit                             0x08001f94   Section        0  system_stm32f10x.o(i.SystemInit)
    i.USART1_IRQHandler                      0x08001ff4   Section        0  usart1.o(i.USART1_IRQHandler)
    i.USART_ClearITPendingBit                0x08002074   Section        0  stm32f10x_usart.o(i.USART_ClearITPendingBit)
    i.USART_Cmd                              0x08002092   Section        0  stm32f10x_usart.o(i.USART_Cmd)
    i.USART_GetITStatus                      0x080020aa   Section        0  stm32f10x_usart.o(i.USART_GetITStatus)
    i.USART_ITConfig                         0x080020fe   Section        0  stm32f10x_usart.o(i.USART_ITConfig)
    i.USART_Init                             0x08002148   Section        0  stm32f10x_usart.o(i.USART_Init)
    i.USART_ReceiveData                      0x08002220   Section        0  stm32f10x_usart.o(i.USART_ReceiveData)
    i.UsageFault_Handler                     0x0800222a   Section        0  stm32f10x_it.o(i.UsageFault_Handler)
    i.Write_IIC_Command                      0x0800222e   Section        0  oled.o(i.Write_IIC_Command)
    i.Write_IIC_Data                         0x0800225a   Section        0  oled.o(i.Write_IIC_Data)
    i.__ARM_fpclassify                       0x08002286   Section        0  fpclassify.o(i.__ARM_fpclassify)
    i._is_digit                              0x080022ae   Section        0  __printf_wp.o(i._is_digit)
    i.adc_get_value                          0x080022bc   Section        0  mq5.o(i.adc_get_value)
    i.adc_init                               0x080022cc   Section        0  mq5.o(i.adc_init)
    i.adc_start                              0x08002348   Section        0  mq5.o(i.adc_start)
    i.adc_wait                               0x08002358   Section        0  mq5.o(i.adc_wait)
    i.button_init                            0x08002378   Section        0  button.o(i.button_init)
    i.button_status                          0x080023b8   Section        0  button.o(i.button_status)
    i.buzzer_init                            0x080023fc   Section        0  buzzer.o(i.buzzer_init)
    i.buzzer_off                             0x08002430   Section        0  buzzer.o(i.buzzer_off)
    i.buzzer_on                              0x0800243c   Section        0  buzzer.o(i.buzzer_on)
    i.delay_init                             0x08002448   Section        0  delay.o(i.delay_init)
    i.delay_ms                               0x0800247c   Section        0  delay.o(i.delay_ms)
    i.delay_us                               0x080024b4   Section        0  delay.o(i.delay_us)
    i.delay_xms                              0x08002500   Section        0  delay.o(i.delay_xms)
    i.digit_show_data                        0x0800254c   Section        0  ldt.o(i.digit_show_data)
    i.eeprom_init                            0x080025e4   Section        0  eeprom.o(i.eeprom_init)
    i.eint_init                              0x080025ec   Section        0  eint.o(i.eint_init)
    i.fan_init                               0x080026c0   Section        0  fan.o(i.fan_init)
    i.fire_get_state                         0x080026f4   Section        0  fire.o(i.fire_get_state)
    i.fire_init                              0x08002700   Section        0  fire.o(i.fire_init)
    i.hc138_out_data                         0x08002724   Section        0  ldt.o(i.hc138_out_data)
    i.hc595_send_data                        0x08002794   Section        0  ldt.o(i.hc595_send_data)
    i.ldt_init                               0x080027d8   Section        0  ldt.o(i.ldt_init)
    i.led_init                               0x08002868   Section        0  led.o(i.led_init)
    i.led_off                                0x080028ac   Section        0  led.o(i.led_off)
    i.led_on                                 0x080028e0   Section        0  led.o(i.led_on)
    i.main                                   0x08002914   Section        0  main.o(i.main)
    i.mq5_get_value                          0x08002a58   Section        0  mq5.o(i.mq5_get_value)
    i.mq5_init                               0x08002a68   Section        0  mq5.o(i.mq5_init)
    i.sht_init                               0x08002a70   Section        0  sht.o(i.sht_init)
    i.sht_read_data                          0x08002a78   Section        0  sht.o(i.sht_read_data)
    i.sht_write_mode                         0x08002b44   Section        0  sht.o(i.sht_write_mode)
    i.sht_write_read_cmd                     0x08002b86   Section        0  sht.o(i.sht_write_read_cmd)
    i.usart_1_init                           0x08002bbc   Section        0  usart1.o(i.usart_1_init)
    locale$$code                             0x08002c68   Section       44  lc_numeric_c.o(locale$$code)
    x$fpl$dadd                               0x08002c94   Section      336  daddsub_clz.o(x$fpl$dadd)
    _dadd1                                   0x08002ca5   Thumb Code     0  daddsub_clz.o(x$fpl$dadd)
    x$fpl$dcmpinf                            0x08002de4   Section       24  dcmpi.o(x$fpl$dcmpinf)
    x$fpl$ddiv                               0x08002dfc   Section      688  ddiv.o(x$fpl$ddiv)
    ddiv_entry                               0x08002e03   Thumb Code     0  ddiv.o(x$fpl$ddiv)
    x$fpl$dfltu                              0x080030ac   Section       38  dflt_clz.o(x$fpl$dfltu)
    x$fpl$dleqf                              0x080030d4   Section      120  dleqf.o(x$fpl$dleqf)
    x$fpl$dmul                               0x0800314c   Section      340  dmul.o(x$fpl$dmul)
    x$fpl$dnaninf                            0x080032a0   Section      156  dnaninf.o(x$fpl$dnaninf)
    x$fpl$dretinf                            0x0800333c   Section       12  dretinf.o(x$fpl$dretinf)
    x$fpl$drleqf                             0x08003348   Section      108  drleqf.o(x$fpl$drleqf)
    x$fpl$dsub                               0x080033b4   Section      468  daddsub_clz.o(x$fpl$dsub)
    _dsub1                                   0x080033c5   Thumb Code     0  daddsub_clz.o(x$fpl$dsub)
    x$fpl$printf1                            0x08003588   Section        4  printf1.o(x$fpl$printf1)
    .constdata                               0x0800358c   Section     2072  oled.o(.constdata)
    x$fpl$usenofp                            0x0800358c   Section        0  usenofp.o(x$fpl$usenofp)
    F6x8                                     0x0800358c   Data         552  oled.o(.constdata)
    F8X16                                    0x080037b4   Data        1520  oled.o(.constdata)
    .constdata                               0x08003da4   Section       17  __printf_flags_wp.o(.constdata)
    maptable                                 0x08003da4   Data          17  __printf_flags_wp.o(.constdata)
    .constdata                               0x08003db8   Section      148  bigflt0.o(.constdata)
    tenpwrs_x                                0x08003db8   Data          60  bigflt0.o(.constdata)
    tenpwrs_i                                0x08003df4   Data          64  bigflt0.o(.constdata)
    locale$$data                             0x08003e6c   Section       28  lc_numeric_c.o(locale$$data)
    __lcnum_c_name                           0x08003e70   Data           2  lc_numeric_c.o(locale$$data)
    __lcnum_c_start                          0x08003e78   Data           0  lc_numeric_c.o(locale$$data)
    __lcnum_c_point                          0x08003e84   Data           0  lc_numeric_c.o(locale$$data)
    __lcnum_c_thousands                      0x08003e86   Data           0  lc_numeric_c.o(locale$$data)
    __lcnum_c_grouping                       0x08003e87   Data           0  lc_numeric_c.o(locale$$data)
    __lcnum_c_end                            0x08003e88   Data           0  lc_numeric_c.o(locale$$data)
    .data                                    0x20000000   Section       20  stm32f10x_rcc.o(.data)
    APBAHBPrescTable                         0x20000000   Data          16  stm32f10x_rcc.o(.data)
    ADCPrescTable                            0x20000010   Data           4  stm32f10x_rcc.o(.data)
    .data                                    0x20000014   Section        4  delay.o(.data)
    fac_us                                   0x20000014   Data           1  delay.o(.data)
    fac_ms                                   0x20000016   Data           2  delay.o(.data)
    .data                                    0x20000018   Section       12  eint.o(.data)
    eint_h0                                  0x20000018   Data           4  eint.o(.data)
    eint_h1                                  0x2000001c   Data           4  eint.o(.data)
    eint_h2                                  0x20000020   Data           4  eint.o(.data)
    .data                                    0x20000024   Section       12  usart1.o(.data)
    i                                        0x20000028   Data           4  usart1.o(.data)
    recv_flag                                0x2000002c   Data           4  usart1.o(.data)
    .data                                    0x20000030   Section       12  gpio_iic.o(.data)
    .data                                    0x2000003c   Section     1472  oled.o(.data)
    Temp                                     0x2000003c   Data         128  oled.o(.data)
    Hum                                      0x200000bc   Data         128  oled.o(.data)
    T                                        0x2000013c   Data          64  oled.o(.data)
    Fire                                     0x2000017c   Data         128  oled.o(.data)
    Frame                                    0x200001fc   Data        1024  oled.o(.data)
    .bss                                     0x200005fc   Section      128  usart1.o(.bss)
    recv_str                                 0x200005fc   Data         128  usart1.o(.bss)
    .bss                                     0x2000067c   Section       96  libspace.o(.bss)
    HEAP                                     0x200006e0   Section      512  startup_stm32f10x_md.o(HEAP)
    Heap_Mem                                 0x200006e0   Data         512  startup_stm32f10x_md.o(HEAP)
    STACK                                    0x200008e0   Section     1024  startup_stm32f10x_md.o(STACK)
    Stack_Mem                                0x200008e0   Data        1024  startup_stm32f10x_md.o(STACK)
    __initial_sp                             0x20000ce0   Data           0  startup_stm32f10x_md.o(STACK)

    Global Symbols

    Symbol Name                              Value     Ov Type        Size  Object(Section)

    BuildAttributes$$THM_ISAv4$P$D$K$B$S$PE$A:L22UL41UL21$X:L11$S22US41US21$IEEE1$IW$USESV6$~STKCKD$USESV7$~SHL$OTIME$ROPI$IEEEJ$EBA8$UX$STANDARDLIB$REQ8$PRES8$EABIv2 0x00000000   Number         0  anon$$obj.o ABSOLUTE
    __ARM_use_no_argv                        0x00000000   Number         0  main.o ABSOLUTE
    _printf_flags                            0x00000000   Number         0  printf_stubs.o ABSOLUTE
    _printf_return_value                     0x00000000   Number         0  printf_stubs.o ABSOLUTE
    _printf_sizespec                         0x00000000   Number         0  printf_stubs.o ABSOLUTE
    _printf_widthprec                        0x00000000   Number         0  printf_stubs.o ABSOLUTE
    __ARM_exceptions_init                     - Undefined Weak Reference
    __alloca_initialize                       - Undefined Weak Reference
    __arm_preinit_                            - Undefined Weak Reference
    __cpp_initialize__aeabi_                  - Undefined Weak Reference
    __cxa_finalize                            - Undefined Weak Reference
    __sigvec_lookup                           - Undefined Weak Reference
    _atexit_init                              - Undefined Weak Reference
    _call_atexit_fns                          - Undefined Weak Reference
    _clock_init                               - Undefined Weak Reference
    _fp_trap_init                             - Undefined Weak Reference
    _fp_trap_shutdown                         - Undefined Weak Reference
    _get_lc_collate                           - Undefined Weak Reference
    _get_lc_ctype                             - Undefined Weak Reference
    _get_lc_monetary                          - Undefined Weak Reference
    _get_lc_time                              - Undefined Weak Reference
    _getenv_init                              - Undefined Weak Reference
    _handle_redirection                       - Undefined Weak Reference
    _init_alloc                               - Undefined Weak Reference
    _init_user_alloc                          - Undefined Weak Reference
    _initio                                   - Undefined Weak Reference
    _printf_post_padding                      - Undefined Weak Reference
    _printf_pre_padding                       - Undefined Weak Reference
    _rand_init                                - Undefined Weak Reference
    _signal_finish                            - Undefined Weak Reference
    _signal_init                              - Undefined Weak Reference
    _terminate_alloc                          - Undefined Weak Reference
    _terminate_user_alloc                     - Undefined Weak Reference
    _terminateio                              - Undefined Weak Reference
    __Vectors_Size                           0x000000ec   Number         0  startup_stm32f10x_md.o ABSOLUTE
    __Vectors                                0x08000000   Data           4  startup_stm32f10x_md.o(RESET)
    __Vectors_End                            0x080000ec   Data           0  startup_stm32f10x_md.o(RESET)
    __main                                   0x080000ed   Thumb Code     8  __main.o(!!!main)
    __scatterload                            0x080000f5   Thumb Code     0  __scatter.o(!!!scatter)
    __scatterload_rt2                        0x080000f5   Thumb Code    44  __scatter.o(!!!scatter)
    __scatterload_rt2_thumb_only             0x080000f5   Thumb Code     0  __scatter.o(!!!scatter)
    __scatterload_null                       0x08000103   Thumb Code     0  __scatter.o(!!!scatter)
    __decompress                             0x08000129   Thumb Code    90  __dczerorl2.o(!!dczerorl2)
    __decompress1                            0x08000129   Thumb Code     0  __dczerorl2.o(!!dczerorl2)
    __scatterload_zeroinit                   0x08000185   Thumb Code    28  __scatter_zi.o(!!handler_zi)
    _printf_f                                0x080001a1   Thumb Code     0  _printf_f.o(.ARM.Collect$$_printf_percent$$00000003)
    _printf_percent                          0x080001a1   Thumb Code     0  _printf_percent.o(.ARM.Collect$$_printf_percent$$00000000)
    _printf_percent_end                      0x080001a7   Thumb Code     0  _printf_percent_end.o(.ARM.Collect$$_printf_percent$$00000017)
    __rt_lib_init                            0x080001ab   Thumb Code     0  libinit.o(.ARM.Collect$$libinit$$00000000)
    __rt_lib_init_fp_1                       0x080001ad   Thumb Code     0  libinit2.o(.ARM.Collect$$libinit$$00000002)
    __rt_lib_init_heap_1                     0x080001ad   Thumb Code     0  libinit2.o(.ARM.Collect$$libinit$$0000000A)
    __rt_lib_init_lc_common                  0x080001ad   Thumb Code     0  libinit2.o(.ARM.Collect$$libinit$$0000000F)
    __rt_lib_init_preinit_1                  0x080001ad   Thumb Code     0  libinit2.o(.ARM.Collect$$libinit$$00000004)
    __rt_lib_init_rand_1                     0x080001ad   Thumb Code     0  libinit2.o(.ARM.Collect$$libinit$$0000000E)
    __rt_lib_init_user_alloc_1               0x080001ad   Thumb Code     0  libinit2.o(.ARM.Collect$$libinit$$0000000C)
    __rt_lib_init_lc_collate_1               0x080001b3   Thumb Code     0  libinit2.o(.ARM.Collect$$libinit$$00000011)
    __rt_lib_init_lc_ctype_1                 0x080001b3   Thumb Code     0  libinit2.o(.ARM.Collect$$libinit$$00000013)
    __rt_lib_init_lc_monetary_1              0x080001b3   Thumb Code     0  libinit2.o(.ARM.Collect$$libinit$$00000015)
    __rt_lib_init_lc_numeric_2               0x080001b3   Thumb Code     0  libinit2.o(.ARM.Collect$$libinit$$00000016)
    __rt_lib_init_alloca_1                   0x080001bd   Thumb Code     0  libinit2.o(.ARM.Collect$$libinit$$0000002E)
    __rt_lib_init_argv_1                     0x080001bd   Thumb Code     0  libinit2.o(.ARM.Collect$$libinit$$0000002C)
    __rt_lib_init_atexit_1                   0x080001bd   Thumb Code     0  libinit2.o(.ARM.Collect$$libinit$$0000001B)
    __rt_lib_init_clock_1                    0x080001bd   Thumb Code     0  libinit2.o(.ARM.Collect$$libinit$$00000021)
    __rt_lib_init_cpp_1                      0x080001bd   Thumb Code     0  libinit2.o(.ARM.Collect$$libinit$$00000032)
    __rt_lib_init_exceptions_1               0x080001bd   Thumb Code     0  libinit2.o(.ARM.Collect$$libinit$$00000030)
    __rt_lib_init_fp_trap_1                  0x080001bd   Thumb Code     0  libinit2.o(.ARM.Collect$$libinit$$0000001F)
    __rt_lib_init_getenv_1                   0x080001bd   Thumb Code     0  libinit2.o(.ARM.Collect$$libinit$$00000023)
    __rt_lib_init_lc_numeric_1               0x080001bd   Thumb Code     0  libinit2.o(.ARM.Collect$$libinit$$00000017)
    __rt_lib_init_lc_time_1                  0x080001bd   Thumb Code     0  libinit2.o(.ARM.Collect$$libinit$$00000019)
    __rt_lib_init_return                     0x080001bd   Thumb Code     0  libinit2.o(.ARM.Collect$$libinit$$00000033)
    __rt_lib_init_signal_1                   0x080001bd   Thumb Code     0  libinit2.o(.ARM.Collect$$libinit$$0000001D)
    __rt_lib_init_stdio_1                    0x080001bd   Thumb Code     0  libinit2.o(.ARM.Collect$$libinit$$00000025)
    __rt_lib_shutdown                        0x080001bf   Thumb Code     0  libshutdown.o(.ARM.Collect$$libshutdown$$00000000)
    __rt_lib_shutdown_cpp_1                  0x080001c1   Thumb Code     0  libshutdown2.o(.ARM.Collect$$libshutdown$$00000002)
    __rt_lib_shutdown_fp_trap_1              0x080001c1   Thumb Code     0  libshutdown2.o(.ARM.Collect$$libshutdown$$00000007)
    __rt_lib_shutdown_heap_1                 0x080001c1   Thumb Code     0  libshutdown2.o(.ARM.Collect$$libshutdown$$0000000F)
    __rt_lib_shutdown_return                 0x080001c1   Thumb Code     0  libshutdown2.o(.ARM.Collect$$libshutdown$$00000010)
    __rt_lib_shutdown_signal_1               0x080001c1   Thumb Code     0  libshutdown2.o(.ARM.Collect$$libshutdown$$0000000A)
    __rt_lib_shutdown_stdio_1                0x080001c1   Thumb Code     0  libshutdown2.o(.ARM.Collect$$libshutdown$$00000004)
    __rt_lib_shutdown_user_alloc_1           0x080001c1   Thumb Code     0  libshutdown2.o(.ARM.Collect$$libshutdown$$0000000C)
    __rt_entry                               0x080001c3   Thumb Code     0  __rtentry.o(.ARM.Collect$$rtentry$$00000000)
    __rt_entry_presh_1                       0x080001c3   Thumb Code     0  __rtentry2.o(.ARM.Collect$$rtentry$$00000002)
    __rt_entry_sh                            0x080001c3   Thumb Code     0  __rtentry4.o(.ARM.Collect$$rtentry$$00000004)
    __rt_entry_li                            0x080001c9   Thumb Code     0  __rtentry2.o(.ARM.Collect$$rtentry$$0000000A)
    __rt_entry_postsh_1                      0x080001c9   Thumb Code     0  __rtentry2.o(.ARM.Collect$$rtentry$$00000009)
    __rt_entry_main                          0x080001cd   Thumb Code     0  __rtentry2.o(.ARM.Collect$$rtentry$$0000000D)
    __rt_entry_postli_1                      0x080001cd   Thumb Code     0  __rtentry2.o(.ARM.Collect$$rtentry$$0000000C)
    __rt_exit                                0x080001d5   Thumb Code     0  rtexit.o(.ARM.Collect$$rtexit$$00000000)
    __rt_exit_ls                             0x080001d7   Thumb Code     0  rtexit2.o(.ARM.Collect$$rtexit$$00000003)
    __rt_exit_prels_1                        0x080001d7   Thumb Code     0  rtexit2.o(.ARM.Collect$$rtexit$$00000002)
    __rt_exit_exit                           0x080001db   Thumb Code     0  rtexit2.o(.ARM.Collect$$rtexit$$00000004)
    Reset_Handler                            0x080001e1   Thumb Code     8  startup_stm32f10x_md.o(.text)
    ADC1_2_IRQHandler                        0x080001fb   Thumb Code     0  startup_stm32f10x_md.o(.text)
    CAN1_RX1_IRQHandler                      0x080001fb   Thumb Code     0  startup_stm32f10x_md.o(.text)
    CAN1_SCE_IRQHandler                      0x080001fb   Thumb Code     0  startup_stm32f10x_md.o(.text)
    DMA1_Channel1_IRQHandler                 0x080001fb   Thumb Code     0  startup_stm32f10x_md.o(.text)
    DMA1_Channel2_IRQHandler                 0x080001fb   Thumb Code     0  startup_stm32f10x_md.o(.text)
    DMA1_Channel3_IRQHandler                 0x080001fb   Thumb Code     0  startup_stm32f10x_md.o(.text)
    DMA1_Channel4_IRQHandler                 0x080001fb   Thumb Code     0  startup_stm32f10x_md.o(.text)
    DMA1_Channel5_IRQHandler                 0x080001fb   Thumb Code     0  startup_stm32f10x_md.o(.text)
    DMA1_Channel6_IRQHandler                 0x080001fb   Thumb Code     0  startup_stm32f10x_md.o(.text)
    DMA1_Channel7_IRQHandler                 0x080001fb   Thumb Code     0  startup_stm32f10x_md.o(.text)
    EXTI15_10_IRQHandler                     0x080001fb   Thumb Code     0  startup_stm32f10x_md.o(.text)
    EXTI1_IRQHandler                         0x080001fb   Thumb Code     0  startup_stm32f10x_md.o(.text)
    EXTI2_IRQHandler                         0x080001fb   Thumb Code     0  startup_stm32f10x_md.o(.text)
    EXTI3_IRQHandler                         0x080001fb   Thumb Code     0  startup_stm32f10x_md.o(.text)
    EXTI4_IRQHandler                         0x080001fb   Thumb Code     0  startup_stm32f10x_md.o(.text)
    FLASH_IRQHandler                         0x080001fb   Thumb Code     0  startup_stm32f10x_md.o(.text)
    I2C1_ER_IRQHandler                       0x080001fb   Thumb Code     0  startup_stm32f10x_md.o(.text)
    I2C1_EV_IRQHandler                       0x080001fb   Thumb Code     0  startup_stm32f10x_md.o(.text)
    I2C2_ER_IRQHandler                       0x080001fb   Thumb Code     0  startup_stm32f10x_md.o(.text)
    I2C2_EV_IRQHandler                       0x080001fb   Thumb Code     0  startup_stm32f10x_md.o(.text)
    PVD_IRQHandler                           0x080001fb   Thumb Code     0  startup_stm32f10x_md.o(.text)
    RCC_IRQHandler                           0x080001fb   Thumb Code     0  startup_stm32f10x_md.o(.text)
    RTCAlarm_IRQHandler                      0x080001fb   Thumb Code     0  startup_stm32f10x_md.o(.text)
    RTC_IRQHandler                           0x080001fb   Thumb Code     0  startup_stm32f10x_md.o(.text)
    SPI1_IRQHandler                          0x080001fb   Thumb Code     0  startup_stm32f10x_md.o(.text)
    SPI2_IRQHandler                          0x080001fb   Thumb Code     0  startup_stm32f10x_md.o(.text)
    TAMPER_IRQHandler                        0x080001fb   Thumb Code     0  startup_stm32f10x_md.o(.text)
    TIM1_BRK_IRQHandler                      0x080001fb   Thumb Code     0  startup_stm32f10x_md.o(.text)
    TIM1_CC_IRQHandler                       0x080001fb   Thumb Code     0  startup_stm32f10x_md.o(.text)
    TIM1_TRG_COM_IRQHandler                  0x080001fb   Thumb Code     0  startup_stm32f10x_md.o(.text)
    TIM1_UP_IRQHandler                       0x080001fb   Thumb Code     0  startup_stm32f10x_md.o(.text)
    TIM2_IRQHandler                          0x080001fb   Thumb Code     0  startup_stm32f10x_md.o(.text)
    TIM3_IRQHandler                          0x080001fb   Thumb Code     0  startup_stm32f10x_md.o(.text)
    TIM4_IRQHandler                          0x080001fb   Thumb Code     0  startup_stm32f10x_md.o(.text)
    USART2_IRQHandler                        0x080001fb   Thumb Code     0  startup_stm32f10x_md.o(.text)
    USART3_IRQHandler                        0x080001fb   Thumb Code     0  startup_stm32f10x_md.o(.text)
    USBWakeUp_IRQHandler                     0x080001fb   Thumb Code     0  startup_stm32f10x_md.o(.text)
    USB_HP_CAN1_TX_IRQHandler                0x080001fb   Thumb Code     0  startup_stm32f10x_md.o(.text)
    USB_LP_CAN1_RX0_IRQHandler               0x080001fb   Thumb Code     0  startup_stm32f10x_md.o(.text)
    WWDG_IRQHandler                          0x080001fb   Thumb Code     0  startup_stm32f10x_md.o(.text)
    __user_initial_stackheap                 0x080001fd   Thumb Code     0  startup_stm32f10x_md.o(.text)
    __2sprintf                               0x08000221   Thumb Code    34  noretval__2sprintf.o(.text)
    __printf                                 0x08000249   Thumb Code   308  __printf_flags_wp.o(.text)
    __aeabi_memclr4                          0x08000381   Thumb Code     0  rt_memclr_w.o(.text)
    __aeabi_memclr8                          0x08000381   Thumb Code     0  rt_memclr_w.o(.text)
    __rt_memclr_w                            0x08000381   Thumb Code    78  rt_memclr_w.o(.text)
    _memset_w                                0x08000385   Thumb Code     0  rt_memclr_w.o(.text)
    __use_two_region_memory                  0x080003cf   Thumb Code     2  heapauxi.o(.text)
    __rt_heap_escrow$2region                 0x080003d1   Thumb Code     2  heapauxi.o(.text)
    __rt_heap_expand$2region                 0x080003d3   Thumb Code     2  heapauxi.o(.text)
    __lib_sel_fp_printf                      0x080003d5   Thumb Code     2  _printf_fp_dec.o(.text)
    _printf_fp_dec_real                      0x08000583   Thumb Code   620  _printf_fp_dec.o(.text)
    _printf_char_common                      0x080007fb   Thumb Code    32  _printf_char_common.o(.text)
    _sputc                                   0x08000821   Thumb Code    10  _sputc.o(.text)
    __rt_locale                              0x0800082d   Thumb Code     8  rt_locale_intlibspace.o(.text)
    _ll_udiv10                               0x08000835   Thumb Code   138  lludiv10.o(.text)
    _printf_fp_infnan                        0x080008c1   Thumb Code   112  _printf_fp_infnan.o(.text)
    _btod_etento                             0x08000941   Thumb Code   216  bigflt0.o(.text)
    __user_libspace                          0x08000a1d   Thumb Code     8  libspace.o(.text)
    __user_perproc_libspace                  0x08000a1d   Thumb Code     0  libspace.o(.text)
    __user_perthread_libspace                0x08000a1d   Thumb Code     0  libspace.o(.text)
    __user_setup_stackheap                   0x08000a25   Thumb Code    74  sys_stackheap_outer.o(.text)
    exit                                     0x08000a6f   Thumb Code    18  exit.o(.text)
    strcmp                                   0x08000a81   Thumb Code   128  strcmpv7m.o(.text)
    _sys_exit                                0x08000b01   Thumb Code     8  sys_exit.o(.text)
    __I$use$semihosting                      0x08000b0d   Thumb Code     0  use_no_semi.o(.text)
    __use_no_semihosting_swi                 0x08000b0d   Thumb Code     2  use_no_semi.o(.text)
    __semihosting_library_function           0x08000b0f   Thumb Code     0  indicate_semi.o(.text)
    _btod_d2e                                0x08000b0f   Thumb Code    62  btod.o(CL$$btod_d2e)
    _d2e_denorm_low                          0x08000b4d   Thumb Code    70  btod.o(CL$$btod_d2e_denorm_low)
    _d2e_norm_op1                            0x08000b93   Thumb Code    96  btod.o(CL$$btod_d2e_norm_op1)
    __btod_div_common                        0x08000bf3   Thumb Code   696  btod.o(CL$$btod_div_common)
    _e2e                                     0x08000f2b   Thumb Code   198  btod.o(CL$$btod_e2e)
    _btod_ediv                               0x08000ff1   Thumb Code    40  btod.o(CL$$btod_ediv)
    _btod_emul                               0x08001019   Thumb Code    40  btod.o(CL$$btod_emul)
    __btod_mult_common                       0x08001041   Thumb Code   580  btod.o(CL$$btod_mult_common)
    ADC_ClearFlag                            0x08001285   Thumb Code     6  stm32f10x_adc.o(i.ADC_ClearFlag)
    ADC_Cmd                                  0x0800128b   Thumb Code    22  stm32f10x_adc.o(i.ADC_Cmd)
    ADC_GetConversionValue                   0x080012a1   Thumb Code     8  stm32f10x_adc.o(i.ADC_GetConversionValue)
    ADC_GetFlagStatus                        0x080012a9   Thumb Code    18  stm32f10x_adc.o(i.ADC_GetFlagStatus)
    ADC_Init                                 0x080012bd   Thumb Code    70  stm32f10x_adc.o(i.ADC_Init)
    ADC_RegularChannelConfig                 0x0800130d   Thumb Code   184  stm32f10x_adc.o(i.ADC_RegularChannelConfig)
    ADC_SoftwareStartConvCmd                 0x080013c5   Thumb Code    22  stm32f10x_adc.o(i.ADC_SoftwareStartConvCmd)
    BusFault_Handler                         0x080013db   Thumb Code     4  stm32f10x_it.o(i.BusFault_Handler)
    DebugMon_Handler                         0x080013df   Thumb Code     2  stm32f10x_it.o(i.DebugMon_Handler)
    EXTI0_IRQHandler                         0x080013e1   Thumb Code    48  eint.o(i.EXTI0_IRQHandler)
    EXTI9_5_IRQHandler                       0x08001415   Thumb Code   120  eint.o(i.EXTI9_5_IRQHandler)
    EXTI_ClearITPendingBit                   0x08001495   Thumb Code     6  stm32f10x_exti.o(i.EXTI_ClearITPendingBit)
    EXTI_GetITStatus                         0x080014a1   Thumb Code    34  stm32f10x_exti.o(i.EXTI_GetITStatus)
    EXTI_Init                                0x080014c9   Thumb Code   142  stm32f10x_exti.o(i.EXTI_Init)
    GPIO_EXTILineConfig                      0x0800155d   Thumb Code    60  stm32f10x_gpio.o(i.GPIO_EXTILineConfig)
    GPIO_Init                                0x0800159d   Thumb Code   278  stm32f10x_gpio.o(i.GPIO_Init)
    GPIO_PinRemapConfig                      0x080016b5   Thumb Code   138  stm32f10x_gpio.o(i.GPIO_PinRemapConfig)
    HardFault_Handler                        0x08001745   Thumb Code     4  stm32f10x_it.o(i.HardFault_Handler)
    IIC_Ack                                  0x08001749   Thumb Code    48  gpio_iic.o(i.IIC_Ack)
    IIC_Init                                 0x08001781   Thumb Code    82  gpio_iic.o(i.IIC_Init)
    IIC_NAck                                 0x080017ed   Thumb Code    48  gpio_iic.o(i.IIC_NAck)
    IIC_Recv_Byte                            0x08001825   Thumb Code    86  gpio_iic.o(i.IIC_Recv_Byte)
    IIC_Sda_In                               0x08001885   Thumb Code    12  gpio_iic.o(i.IIC_Sda_In)
    IIC_Sda_Out                              0x08001899   Thumb Code    12  gpio_iic.o(i.IIC_Sda_Out)
    IIC_Send_Byte                            0x080018ad   Thumb Code    70  gpio_iic.o(i.IIC_Send_Byte)
    IIC_Start                                0x080018fd   Thumb Code    46  gpio_iic.o(i.IIC_Start)
    IIC_Stop                                 0x08001935   Thumb Code    50  gpio_iic.o(i.IIC_Stop)
    IIC_Wait_Ack                             0x08001971   Thumb Code    68  gpio_iic.o(i.IIC_Wait_Ack)
    MemManage_Handler                        0x080019bd   Thumb Code     4  stm32f10x_it.o(i.MemManage_Handler)
    NMI_Handler                              0x080019c1   Thumb Code     2  stm32f10x_it.o(i.NMI_Handler)
    NVIC_Init                                0x080019c5   Thumb Code   100  misc.o(i.NVIC_Init)
    NVIC_PriorityGroupConfig                 0x08001a35   Thumb Code    10  misc.o(i.NVIC_PriorityGroupConfig)
    OLED_Clear                               0x08001a49   Thumb Code    64  oled.o(i.OLED_Clear)
    OLED_Init                                0x08001a89   Thumb Code   232  oled.o(i.OLED_Init)
    OLED_Set_Pos                             0x08001b71   Thumb Code    74  oled.o(i.OLED_Set_Pos)
    OLED_ShowChar                            0x08001bbd   Thumb Code   154  oled.o(i.OLED_ShowChar)
    OLED_ShowFIre                            0x08001c61   Thumb Code    98  oled.o(i.OLED_ShowFIre)
    OLED_ShowString                          0x08001cc9   Thumb Code    58  oled.o(i.OLED_ShowString)
    OLED_ShowTEmp                            0x08001d05   Thumb Code    98  oled.o(i.OLED_ShowTEmp)
    OLED_WR_Byte                             0x08001d6d   Thumb Code    24  oled.o(i.OLED_WR_Byte)
    PendSV_Handler                           0x08001d85   Thumb Code     2  stm32f10x_it.o(i.PendSV_Handler)
    RCC_APB2PeriphClockCmd                   0x08001d89   Thumb Code    26  stm32f10x_rcc.o(i.RCC_APB2PeriphClockCmd)
    RCC_GetClocksFreq                        0x08001da9   Thumb Code   192  stm32f10x_rcc.o(i.RCC_GetClocksFreq)
    SVC_Handler                              0x08001e7d   Thumb Code     2  stm32f10x_it.o(i.SVC_Handler)
    SysTick_CLKSourceConfig                  0x08001f69   Thumb Code    40  misc.o(i.SysTick_CLKSourceConfig)
    SysTick_Handler                          0x08001f91   Thumb Code     2  stm32f10x_it.o(i.SysTick_Handler)
    SystemInit                               0x08001f95   Thumb Code    78  system_stm32f10x.o(i.SystemInit)
    USART1_IRQHandler                        0x08001ff5   Thumb Code   106  usart1.o(i.USART1_IRQHandler)
    USART_ClearITPendingBit                  0x08002075   Thumb Code    30  stm32f10x_usart.o(i.USART_ClearITPendingBit)
    USART_Cmd                                0x08002093   Thumb Code    24  stm32f10x_usart.o(i.USART_Cmd)
    USART_GetITStatus                        0x080020ab   Thumb Code    84  stm32f10x_usart.o(i.USART_GetITStatus)
    USART_ITConfig                           0x080020ff   Thumb Code    74  stm32f10x_usart.o(i.USART_ITConfig)
    USART_Init                               0x08002149   Thumb Code   210  stm32f10x_usart.o(i.USART_Init)
    USART_ReceiveData                        0x08002221   Thumb Code    10  stm32f10x_usart.o(i.USART_ReceiveData)
    UsageFault_Handler                       0x0800222b   Thumb Code     4  stm32f10x_it.o(i.UsageFault_Handler)
    Write_IIC_Command                        0x0800222f   Thumb Code    44  oled.o(i.Write_IIC_Command)
    Write_IIC_Data                           0x0800225b   Thumb Code    44  oled.o(i.Write_IIC_Data)
    __ARM_fpclassify                         0x08002287   Thumb Code    40  fpclassify.o(i.__ARM_fpclassify)
    _is_digit                                0x080022af   Thumb Code    14  __printf_wp.o(i._is_digit)
    adc_get_value                            0x080022bd   Thumb Code    10  mq5.o(i.adc_get_value)
    adc_init                                 0x080022cd   Thumb Code   110  mq5.o(i.adc_init)
    adc_start                                0x08002349   Thumb Code    12  mq5.o(i.adc_start)
    adc_wait                                 0x08002359   Thumb Code    26  mq5.o(i.adc_wait)
    button_init                              0x08002379   Thumb Code    54  button.o(i.button_init)
    button_status                            0x080023b9   Thumb Code    58  button.o(i.button_status)
    buzzer_init                              0x080023fd   Thumb Code    44  buzzer.o(i.buzzer_init)
    buzzer_off                               0x08002431   Thumb Code     8  buzzer.o(i.buzzer_off)
    buzzer_on                                0x0800243d   Thumb Code     8  buzzer.o(i.buzzer_on)
    delay_init                               0x08002449   Thumb Code    42  delay.o(i.delay_init)
    delay_ms                                 0x0800247d   Thumb Code    56  delay.o(i.delay_ms)
    delay_us                                 0x080024b5   Thumb Code    72  delay.o(i.delay_us)
    delay_xms                                0x08002501   Thumb Code    72  delay.o(i.delay_xms)
    digit_show_data                          0x0800254d   Thumb Code   134  ldt.o(i.digit_show_data)
    eeprom_init                              0x080025e5   Thumb Code     8  eeprom.o(i.eeprom_init)
    eint_init                                0x080025ed   Thumb Code   202  eint.o(i.eint_init)
    fan_init                                 0x080026c1   Thumb Code    44  fan.o(i.fan_init)
    fire_get_state                           0x080026f5   Thumb Code     8  fire.o(i.fire_get_state)
    fire_init                                0x08002701   Thumb Code    32  fire.o(i.fire_init)
    hc138_out_data                           0x08002725   Thumb Code   100  ldt.o(i.hc138_out_data)
    hc595_send_data                          0x08002795   Thumb Code    58  ldt.o(i.hc595_send_data)
    ldt_init                                 0x080027d9   Thumb Code   106  ldt.o(i.ldt_init)
    led_init                                 0x08002869   Thumb Code    56  led.o(i.led_init)
    led_off                                  0x080028ad   Thumb Code    46  led.o(i.led_off)
    led_on                                   0x080028e1   Thumb Code    46  led.o(i.led_on)
    main                                     0x08002915   Thumb Code   296  main.o(i.main)
    mq5_get_value                            0x08002a59   Thumb Code    16  mq5.o(i.mq5_get_value)
    mq5_init                                 0x08002a69   Thumb Code     8  mq5.o(i.mq5_init)
    sht_init                                 0x08002a71   Thumb Code     8  sht.o(i.sht_init)
    sht_read_data                            0x08002a79   Thumb Code   188  sht.o(i.sht_read_data)
    sht_write_mode                           0x08002b45   Thumb Code    66  sht.o(i.sht_write_mode)
    sht_write_read_cmd                       0x08002b87   Thumb Code    54  sht.o(i.sht_write_read_cmd)
    usart_1_init                             0x08002bbd   Thumb Code   162  usart1.o(i.usart_1_init)
    _get_lc_numeric                          0x08002c69   Thumb Code    44  lc_numeric_c.o(locale$$code)
    __aeabi_dadd                             0x08002c95   Thumb Code     0  daddsub_clz.o(x$fpl$dadd)
    _dadd                                    0x08002c95   Thumb Code   332  daddsub_clz.o(x$fpl$dadd)
    __fpl_dcmp_Inf                           0x08002de5   Thumb Code    24  dcmpi.o(x$fpl$dcmpinf)
    __aeabi_ddiv                             0x08002dfd   Thumb Code     0  ddiv.o(x$fpl$ddiv)
    _ddiv                                    0x08002dfd   Thumb Code   552  ddiv.o(x$fpl$ddiv)
    __aeabi_ui2d                             0x080030ad   Thumb Code     0  dflt_clz.o(x$fpl$dfltu)
    _dfltu                                   0x080030ad   Thumb Code    38  dflt_clz.o(x$fpl$dfltu)
    __aeabi_cdcmple                          0x080030d5   Thumb Code     0  dleqf.o(x$fpl$dleqf)
    _dcmple                                  0x080030d5   Thumb Code   120  dleqf.o(x$fpl$dleqf)
    __fpl_dcmple_InfNaN                      0x08003137   Thumb Code     0  dleqf.o(x$fpl$dleqf)
    __aeabi_dmul                             0x0800314d   Thumb Code     0  dmul.o(x$fpl$dmul)
    _dmul                                    0x0800314d   Thumb Code   332  dmul.o(x$fpl$dmul)
    __fpl_dnaninf                            0x080032a1   Thumb Code   156  dnaninf.o(x$fpl$dnaninf)
    __fpl_dretinf                            0x0800333d   Thumb Code    12  dretinf.o(x$fpl$dretinf)
    __aeabi_cdrcmple                         0x08003349   Thumb Code     0  drleqf.o(x$fpl$drleqf)
    _drcmple                                 0x08003349   Thumb Code   108  drleqf.o(x$fpl$drleqf)
    __aeabi_dsub                             0x080033b5   Thumb Code     0  daddsub_clz.o(x$fpl$dsub)
    _dsub                                    0x080033b5   Thumb Code   464  daddsub_clz.o(x$fpl$dsub)
    _printf_fp_dec                           0x08003589   Thumb Code     4  printf1.o(x$fpl$printf1)
    __I$use$fp                               0x0800358c   Number         0  usenofp.o(x$fpl$usenofp)
    Region$$Table$$Base                      0x08003e4c   Number         0  anon$$obj.o(Region$$Table)
    Region$$Table$$Limit                     0x08003e6c   Number         0  anon$$obj.o(Region$$Table)
    u1_h                                     0x20000024   Data           4  usart1.o(.data)
    GPIO_InitForSCL                          0x20000030   Data           4  gpio_iic.o(.data)
    GPIO_InitForSDAOut                       0x20000034   Data           4  gpio_iic.o(.data)
    GPIO_InitForSDAIn                        0x20000038   Data           4  gpio_iic.o(.data)
    __libspace_start                         0x2000067c   Data          96  libspace.o(.bss)
    __temporary_stack_top$libspace           0x200006dc   Data           0  libspace.o(.bss)



==============================================================================

Memory Map of the image

  Image Entry point : 0x080001e1

  Load Region LR_1 (Base: 0x08000000, Size: 0x00004484, Max: 0xffffffff, ABSOLUTE, COMPRESSED[0x00003fc4])

    Execution Region ER_RO (Base: 0x08000000, Size: 0x00003e88, Max: 0xffffffff, ABSOLUTE)

    Base Addr    Size         Type   Attr      Idx    E Section Name        Object

    0x08000000   0x000000ec   Data   RO           19    RESET               startup_stm32f10x_md.o
    0x080000ec   0x00000008   Code   RO         2049  * !!!main             c_w.l(__main.o)
    0x080000f4   0x00000034   Code   RO         2291    !!!scatter          c_w.l(__scatter.o)
    0x08000128   0x0000005a   Code   RO         2289    !!dczerorl2         c_w.l(__dczerorl2.o)
    0x08000182   0x00000002   PAD
    0x08000184   0x0000001c   Code   RO         2293    !!handler_zi        c_w.l(__scatter_zi.o)
    0x080001a0   0x00000000   Code   RO         2042    .ARM.Collect$$_printf_percent$$00000000  c_w.l(_printf_percent.o)
    0x080001a0   0x00000006   Code   RO         2041    .ARM.Collect$$_printf_percent$$00000003  c_w.l(_printf_f.o)
    0x080001a6   0x00000004   Code   RO         2082    .ARM.Collect$$_printf_percent$$00000017  c_w.l(_printf_percent_end.o)
    0x080001aa   0x00000002   Code   RO         2162    .ARM.Collect$$libinit$$00000000  c_w.l(libinit.o)
    0x080001ac   0x00000000   Code   RO         2164    .ARM.Collect$$libinit$$00000002  c_w.l(libinit2.o)
    0x080001ac   0x00000000   Code   RO         2166    .ARM.Collect$$libinit$$00000004  c_w.l(libinit2.o)
    0x080001ac   0x00000000   Code   RO         2169    .ARM.Collect$$libinit$$0000000A  c_w.l(libinit2.o)
    0x080001ac   0x00000000   Code   RO         2171    .ARM.Collect$$libinit$$0000000C  c_w.l(libinit2.o)
    0x080001ac   0x00000000   Code   RO         2173    .ARM.Collect$$libinit$$0000000E  c_w.l(libinit2.o)
    0x080001ac   0x00000006   Code   RO         2174    .ARM.Collect$$libinit$$0000000F  c_w.l(libinit2.o)
    0x080001b2   0x00000000   Code   RO         2176    .ARM.Collect$$libinit$$00000011  c_w.l(libinit2.o)
    0x080001b2   0x00000000   Code   RO         2178    .ARM.Collect$$libinit$$00000013  c_w.l(libinit2.o)
    0x080001b2   0x00000000   Code   RO         2180    .ARM.Collect$$libinit$$00000015  c_w.l(libinit2.o)
    0x080001b2   0x0000000a   Code   RO         2181    .ARM.Collect$$libinit$$00000016  c_w.l(libinit2.o)
    0x080001bc   0x00000000   Code   RO         2182    .ARM.Collect$$libinit$$00000017  c_w.l(libinit2.o)
    0x080001bc   0x00000000   Code   RO         2184    .ARM.Collect$$libinit$$00000019  c_w.l(libinit2.o)
    0x080001bc   0x00000000   Code   RO         2186    .ARM.Collect$$libinit$$0000001B  c_w.l(libinit2.o)
    0x080001bc   0x00000000   Code   RO         2188    .ARM.Collect$$libinit$$0000001D  c_w.l(libinit2.o)
    0x080001bc   0x00000000   Code   RO         2190    .ARM.Collect$$libinit$$0000001F  c_w.l(libinit2.o)
    0x080001bc   0x00000000   Code   RO         2192    .ARM.Collect$$libinit$$00000021  c_w.l(libinit2.o)
    0x080001bc   0x00000000   Code   RO         2194    .ARM.Collect$$libinit$$00000023  c_w.l(libinit2.o)
    0x080001bc   0x00000000   Code   RO         2196    .ARM.Collect$$libinit$$00000025  c_w.l(libinit2.o)
    0x080001bc   0x00000000   Code   RO         2200    .ARM.Collect$$libinit$$0000002C  c_w.l(libinit2.o)
    0x080001bc   0x00000000   Code   RO         2202    .ARM.Collect$$libinit$$0000002E  c_w.l(libinit2.o)
    0x080001bc   0x00000000   Code   RO         2204    .ARM.Collect$$libinit$$00000030  c_w.l(libinit2.o)
    0x080001bc   0x00000000   Code   RO         2206    .ARM.Collect$$libinit$$00000032  c_w.l(libinit2.o)
    0x080001bc   0x00000002   Code   RO         2207    .ARM.Collect$$libinit$$00000033  c_w.l(libinit2.o)
    0x080001be   0x00000002   Code   RO         2237    .ARM.Collect$$libshutdown$$00000000  c_w.l(libshutdown.o)
    0x080001c0   0x00000000   Code   RO         2248    .ARM.Collect$$libshutdown$$00000002  c_w.l(libshutdown2.o)
    0x080001c0   0x00000000   Code   RO         2250    .ARM.Collect$$libshutdown$$00000004  c_w.l(libshutdown2.o)
    0x080001c0   0x00000000   Code   RO         2253    .ARM.Collect$$libshutdown$$00000007  c_w.l(libshutdown2.o)
    0x080001c0   0x00000000   Code   RO         2256    .ARM.Collect$$libshutdown$$0000000A  c_w.l(libshutdown2.o)
    0x080001c0   0x00000000   Code   RO         2258    .ARM.Collect$$libshutdown$$0000000C  c_w.l(libshutdown2.o)
    0x080001c0   0x00000000   Code   RO         2261    .ARM.Collect$$libshutdown$$0000000F  c_w.l(libshutdown2.o)
    0x080001c0   0x00000002   Code   RO         2262    .ARM.Collect$$libshutdown$$00000010  c_w.l(libshutdown2.o)
    0x080001c2   0x00000000   Code   RO         2075    .ARM.Collect$$rtentry$$00000000  c_w.l(__rtentry.o)
    0x080001c2   0x00000000   Code   RO         2091    .ARM.Collect$$rtentry$$00000002  c_w.l(__rtentry2.o)
    0x080001c2   0x00000006   Code   RO         2103    .ARM.Collect$$rtentry$$00000004  c_w.l(__rtentry4.o)
    0x080001c8   0x00000000   Code   RO         2093    .ARM.Collect$$rtentry$$00000009  c_w.l(__rtentry2.o)
    0x080001c8   0x00000004   Code   RO         2094    .ARM.Collect$$rtentry$$0000000A  c_w.l(__rtentry2.o)
    0x080001cc   0x00000000   Code   RO         2096    .ARM.Collect$$rtentry$$0000000C  c_w.l(__rtentry2.o)
    0x080001cc   0x00000008   Code   RO         2097    .ARM.Collect$$rtentry$$0000000D  c_w.l(__rtentry2.o)
    0x080001d4   0x00000002   Code   RO         2208    .ARM.Collect$$rtexit$$00000000  c_w.l(rtexit.o)
    0x080001d6   0x00000000   Code   RO         2215    .ARM.Collect$$rtexit$$00000002  c_w.l(rtexit2.o)
    0x080001d6   0x00000004   Code   RO         2216    .ARM.Collect$$rtexit$$00000003  c_w.l(rtexit2.o)
    0x080001da   0x00000006   Code   RO         2217    .ARM.Collect$$rtexit$$00000004  c_w.l(rtexit2.o)
    0x080001e0   0x00000040   Code   RO           20  * .text               startup_stm32f10x_md.o
    0x08000220   0x00000028   Code   RO         2017    .text               c_w.l(noretval__2sprintf.o)
    0x08000248   0x00000138   Code   RO         2033    .text               c_w.l(__printf_flags_wp.o)
    0x08000380   0x0000004e   Code   RO         2045    .text               c_w.l(rt_memclr_w.o)
    0x080003ce   0x00000006   Code   RO         2047    .text               c_w.l(heapauxi.o)
    0x080003d4   0x0000041a   Code   RO         2076    .text               c_w.l(_printf_fp_dec.o)
    0x080007ee   0x00000002   PAD
    0x080007f0   0x00000030   Code   RO         2078    .text               c_w.l(_printf_char_common.o)
    0x08000820   0x0000000a   Code   RO         2080    .text               c_w.l(_sputc.o)
    0x0800082a   0x00000002   PAD
    0x0800082c   0x00000008   Code   RO         2108    .text               c_w.l(rt_locale_intlibspace.o)
    0x08000834   0x0000008a   Code   RO         2110    .text               c_w.l(lludiv10.o)
    0x080008be   0x00000002   PAD
    0x080008c0   0x00000080   Code   RO         2112    .text               c_w.l(_printf_fp_infnan.o)
    0x08000940   0x000000dc   Code   RO         2116    .text               c_w.l(bigflt0.o)
    0x08000a1c   0x00000008   Code   RO         2148    .text               c_w.l(libspace.o)
    0x08000a24   0x0000004a   Code   RO         2151    .text               c_w.l(sys_stackheap_outer.o)
    0x08000a6e   0x00000012   Code   RO         2153    .text               c_w.l(exit.o)
    0x08000a80   0x00000080   Code   RO         2155    .text               c_w.l(strcmpv7m.o)
    0x08000b00   0x0000000c   Code   RO         2227    .text               c_w.l(sys_exit.o)
    0x08000b0c   0x00000002   Code   RO         2238    .text               c_w.l(use_no_semi.o)
    0x08000b0e   0x00000000   Code   RO         2240    .text               c_w.l(indicate_semi.o)
    0x08000b0e   0x0000003e   Code   RO         2119    CL$$btod_d2e        c_w.l(btod.o)
    0x08000b4c   0x00000046   Code   RO         2121    CL$$btod_d2e_denorm_low  c_w.l(btod.o)
    0x08000b92   0x00000060   Code   RO         2120    CL$$btod_d2e_norm_op1  c_w.l(btod.o)
    0x08000bf2   0x00000338   Code   RO         2129    CL$$btod_div_common  c_w.l(btod.o)
    0x08000f2a   0x000000c6   Code   RO         2126    CL$$btod_e2e        c_w.l(btod.o)
    0x08000ff0   0x00000028   Code   RO         2123    CL$$btod_ediv       c_w.l(btod.o)
    0x08001018   0x00000028   Code   RO         2122    CL$$btod_emul       c_w.l(btod.o)
    0x08001040   0x00000244   Code   RO         2128    CL$$btod_mult_common  c_w.l(btod.o)
    0x08001284   0x00000006   Code   RO          941    i.ADC_ClearFlag     stm32f10x_adc.o
    0x0800128a   0x00000016   Code   RO          943    i.ADC_Cmd           stm32f10x_adc.o
    0x080012a0   0x00000008   Code   RO          952    i.ADC_GetConversionValue  stm32f10x_adc.o
    0x080012a8   0x00000012   Code   RO          954    i.ADC_GetFlagStatus  stm32f10x_adc.o
    0x080012ba   0x00000002   PAD
    0x080012bc   0x00000050   Code   RO          961    i.ADC_Init          stm32f10x_adc.o
    0x0800130c   0x000000b8   Code   RO          965    i.ADC_RegularChannelConfig  stm32f10x_adc.o
    0x080013c4   0x00000016   Code   RO          968    i.ADC_SoftwareStartConvCmd  stm32f10x_adc.o
    0x080013da   0x00000004   Code   RO         1916    i.BusFault_Handler  stm32f10x_it.o
    0x080013de   0x00000002   Code   RO         1917    i.DebugMon_Handler  stm32f10x_it.o
    0x080013e0   0x00000034   Code   RO         1272    i.EXTI0_IRQHandler  eint.o
    0x08001414   0x00000080   Code   RO         1273    i.EXTI9_5_IRQHandler  eint.o
    0x08001494   0x0000000c   Code   RO          458    i.EXTI_ClearITPendingBit  stm32f10x_exti.o
    0x080014a0   0x00000028   Code   RO          462    i.EXTI_GetITStatus  stm32f10x_exti.o
    0x080014c8   0x00000094   Code   RO          463    i.EXTI_Init         stm32f10x_exti.o
    0x0800155c   0x00000040   Code   RO          310    i.GPIO_EXTILineConfig  stm32f10x_gpio.o
    0x0800159c   0x00000116   Code   RO          313    i.GPIO_Init         stm32f10x_gpio.o
    0x080016b2   0x00000002   PAD
    0x080016b4   0x00000090   Code   RO          315    i.GPIO_PinRemapConfig  stm32f10x_gpio.o
    0x08001744   0x00000004   Code   RO         1918    i.HardFault_Handler  stm32f10x_it.o
    0x08001748   0x00000038   Code   RO         1425    i.IIC_Ack           gpio_iic.o
    0x08001780   0x0000006c   Code   RO         1426    i.IIC_Init          gpio_iic.o
    0x080017ec   0x00000038   Code   RO         1427    i.IIC_NAck          gpio_iic.o
    0x08001824   0x00000060   Code   RO         1428    i.IIC_Recv_Byte     gpio_iic.o
    0x08001884   0x00000014   Code   RO         1429    i.IIC_Sda_In        gpio_iic.o
    0x08001898   0x00000014   Code   RO         1430    i.IIC_Sda_Out       gpio_iic.o
    0x080018ac   0x00000050   Code   RO         1431    i.IIC_Send_Byte     gpio_iic.o
    0x080018fc   0x00000038   Code   RO         1432    i.IIC_Start         gpio_iic.o
    0x08001934   0x0000003c   Code   RO         1433    i.IIC_Stop          gpio_iic.o
    0x08001970   0x0000004c   Code   RO         1434    i.IIC_Wait_Ack      gpio_iic.o
    0x080019bc   0x00000004   Code   RO         1919    i.MemManage_Handler  stm32f10x_it.o
    0x080019c0   0x00000002   Code   RO         1920    i.NMI_Handler       stm32f10x_it.o
    0x080019c2   0x00000002   PAD
    0x080019c4   0x00000070   Code   RO          421    i.NVIC_Init         misc.o
    0x08001a34   0x00000014   Code   RO          422    i.NVIC_PriorityGroupConfig  misc.o
    0x08001a48   0x00000040   Code   RO         1581    i.OLED_Clear        oled.o
    0x08001a88   0x000000e8   Code   RO         1585    i.OLED_Init         oled.o
    0x08001b70   0x0000004a   Code   RO         1587    i.OLED_Set_Pos      oled.o
    0x08001bba   0x00000002   PAD
    0x08001bbc   0x000000a4   Code   RO         1589    i.OLED_ShowChar     oled.o
    0x08001c60   0x00000068   Code   RO         1590    i.OLED_ShowFIre     oled.o
    0x08001cc8   0x0000003a   Code   RO         1593    i.OLED_ShowString   oled.o
    0x08001d02   0x00000002   PAD
    0x08001d04   0x00000068   Code   RO         1594    i.OLED_ShowTEmp     oled.o
    0x08001d6c   0x00000018   Code   RO         1596    i.OLED_WR_Byte      oled.o
    0x08001d84   0x00000002   Code   RO         1921    i.PendSV_Handler    stm32f10x_it.o
    0x08001d86   0x00000002   PAD
    0x08001d88   0x00000020   Code   RO           28    i.RCC_APB2PeriphClockCmd  stm32f10x_rcc.o
    0x08001da8   0x000000d4   Code   RO           36    i.RCC_GetClocksFreq  stm32f10x_rcc.o
    0x08001e7c   0x00000002   Code   RO         1922    i.SVC_Handler       stm32f10x_it.o
    0x08001e7e   0x00000008   Code   RO         1979    i.SetSysClock       system_stm32f10x.o
    0x08001e86   0x00000002   PAD
    0x08001e88   0x000000e0   Code   RO         1980    i.SetSysClockTo72   system_stm32f10x.o
    0x08001f68   0x00000028   Code   RO          425    i.SysTick_CLKSourceConfig  misc.o
    0x08001f90   0x00000002   Code   RO         1923    i.SysTick_Handler   stm32f10x_it.o
    0x08001f92   0x00000002   PAD
    0x08001f94   0x00000060   Code   RO         1982    i.SystemInit        system_stm32f10x.o
    0x08001ff4   0x00000080   Code   RO         1328    i.USART1_IRQHandler  usart1.o
    0x08002074   0x0000001e   Code   RO          554    i.USART_ClearITPendingBit  stm32f10x_usart.o
    0x08002092   0x00000018   Code   RO          557    i.USART_Cmd         stm32f10x_usart.o
    0x080020aa   0x00000054   Code   RO          561    i.USART_GetITStatus  stm32f10x_usart.o
    0x080020fe   0x0000004a   Code   RO          563    i.USART_ITConfig    stm32f10x_usart.o
    0x08002148   0x000000d8   Code   RO          564    i.USART_Init        stm32f10x_usart.o
    0x08002220   0x0000000a   Code   RO          571    i.USART_ReceiveData  stm32f10x_usart.o
    0x0800222a   0x00000004   Code   RO         1924    i.UsageFault_Handler  stm32f10x_it.o
    0x0800222e   0x0000002c   Code   RO         1598    i.Write_IIC_Command  oled.o
    0x0800225a   0x0000002c   Code   RO         1599    i.Write_IIC_Data    oled.o
    0x08002286   0x00000028   Code   RO         2146    i.__ARM_fpclassify  m_ws.l(fpclassify.o)
    0x080022ae   0x0000000e   Code   RO         2031    i._is_digit         c_w.l(__printf_wp.o)
    0x080022bc   0x00000010   Code   RO         1843    i.adc_get_value     mq5.o
    0x080022cc   0x0000007c   Code   RO         1844    i.adc_init          mq5.o
    0x08002348   0x00000010   Code   RO         1845    i.adc_start         mq5.o
    0x08002358   0x00000020   Code   RO         1846    i.adc_wait          mq5.o
    0x08002378   0x00000040   Code   RO         1216    i.button_init       button.o
    0x080023b8   0x00000044   Code   RO         1217    i.button_status     button.o
    0x080023fc   0x00000034   Code   RO         1189    i.buzzer_init       buzzer.o
    0x08002430   0x0000000c   Code   RO         1190    i.buzzer_off        buzzer.o
    0x0800243c   0x0000000c   Code   RO         1191    i.buzzer_on         buzzer.o
    0x08002448   0x00000034   Code   RO         1237    i.delay_init        delay.o
    0x0800247c   0x00000038   Code   RO         1238    i.delay_ms          delay.o
    0x080024b4   0x0000004c   Code   RO         1239    i.delay_us          delay.o
    0x08002500   0x0000004c   Code   RO         1240    i.delay_xms         delay.o
    0x0800254c   0x00000098   Code   RO         1810    i.digit_show_data   ldt.o
    0x080025e4   0x00000008   Code   RO         1499    i.eeprom_init       eeprom.o
    0x080025ec   0x000000d4   Code   RO         1274    i.eint_init         eint.o
    0x080026c0   0x00000034   Code   RO         1783    i.fan_init          fan.o
    0x080026f4   0x0000000c   Code   RO         1762    i.fire_get_state    fire.o
    0x08002700   0x00000024   Code   RO         1763    i.fire_init         fire.o
    0x08002724   0x00000070   Code   RO         1811    i.hc138_out_data    ldt.o
    0x08002794   0x00000044   Code   RO         1812    i.hc595_send_data   ldt.o
    0x080027d8   0x00000090   Code   RO         1813    i.ldt_init          ldt.o
    0x08002868   0x00000044   Code   RO         1159    i.led_init          led.o
    0x080028ac   0x00000034   Code   RO         1160    i.led_off           led.o
    0x080028e0   0x00000034   Code   RO         1161    i.led_on            led.o
    0x08002914   0x00000144   Code   RO         1888    i.main              main.o
    0x08002a58   0x00000010   Code   RO         1847    i.mq5_get_value     mq5.o
    0x08002a68   0x00000008   Code   RO         1848    i.mq5_init          mq5.o
    0x08002a70   0x00000008   Code   RO         1545    i.sht_init          sht.o
    0x08002a78   0x000000cc   Code   RO         1546    i.sht_read_data     sht.o
    0x08002b44   0x00000042   Code   RO         1547    i.sht_write_mode    sht.o
    0x08002b86   0x00000036   Code   RO         1548    i.sht_write_read_cmd  sht.o
    0x08002bbc   0x000000ac   Code   RO         1330    i.usart_1_init      usart1.o
    0x08002c68   0x0000002c   Code   RO         2142    locale$$code        c_w.l(lc_numeric_c.o)
    0x08002c94   0x00000150   Code   RO         2051    x$fpl$dadd          fz_ws.l(daddsub_clz.o)
    0x08002de4   0x00000018   Code   RO         2083    x$fpl$dcmpinf       fz_ws.l(dcmpi.o)
    0x08002dfc   0x000002b0   Code   RO         2058    x$fpl$ddiv          fz_ws.l(ddiv.o)
    0x080030ac   0x00000026   Code   RO         2061    x$fpl$dfltu         fz_ws.l(dflt_clz.o)
    0x080030d2   0x00000002   PAD
    0x080030d4   0x00000078   Code   RO         2067    x$fpl$dleqf         fz_ws.l(dleqf.o)
    0x0800314c   0x00000154   Code   RO         2069    x$fpl$dmul          fz_ws.l(dmul.o)
    0x080032a0   0x0000009c   Code   RO         2085    x$fpl$dnaninf       fz_ws.l(dnaninf.o)
    0x0800333c   0x0000000c   Code   RO         2087    x$fpl$dretinf       fz_ws.l(dretinf.o)
    0x08003348   0x0000006c   Code   RO         2071    x$fpl$drleqf        fz_ws.l(drleqf.o)
    0x080033b4   0x000001d4   Code   RO         2053    x$fpl$dsub          fz_ws.l(daddsub_clz.o)
    0x08003588   0x00000004   Code   RO         2073    x$fpl$printf1       fz_ws.l(printf1.o)
    0x0800358c   0x00000000   Code   RO         2089    x$fpl$usenofp       fz_ws.l(usenofp.o)
    0x0800358c   0x00000818   Data   RO         1602    .constdata          oled.o
    0x08003da4   0x00000011   Data   RO         2034    .constdata          c_w.l(__printf_flags_wp.o)
    0x08003db5   0x00000003   PAD
    0x08003db8   0x00000094   Data   RO         2117    .constdata          c_w.l(bigflt0.o)
    0x08003e4c   0x00000020   Data   RO         2287    Region$$Table       anon$$obj.o
    0x08003e6c   0x0000001c   Data   RO         2141    locale$$data        c_w.l(lc_numeric_c.o)


    Execution Region ER_RW (Base: 0x20000000, Size: 0x000005fc, Max: 0xffffffff, ABSOLUTE, COMPRESSED[0x0000013c])

    Base Addr    Size         Type   Attr      Idx    E Section Name        Object

    0x20000000   0x00000014   Data   RW           56    .data               stm32f10x_rcc.o
    0x20000014   0x00000004   Data   RW         1241    .data               delay.o
    0x20000018   0x0000000c   Data   RW         1276    .data               eint.o
    0x20000024   0x0000000c   Data   RW         1335    .data               usart1.o
    0x20000030   0x0000000c   Data   RW         1435    .data               gpio_iic.o
    0x2000003c   0x000005c0   Data   RW         1603    .data               oled.o


    Execution Region ER_ZI (Base: 0x200005fc, Size: 0x000006e4, Max: 0xffffffff, ABSOLUTE)

    Base Addr    Size         Type   Attr      Idx    E Section Name        Object

    0x200005fc   0x00000080   Zero   RW         1334    .bss                usart1.o
    0x2000067c   0x00000060   Zero   RW         2149    .bss                c_w.l(libspace.o)
    0x200006dc   0x00000004   PAD
    0x200006e0   0x00000200   Zero   RW           18    HEAP                startup_stm32f10x_md.o
    0x200008e0   0x00000400   Zero   RW           17    STACK               startup_stm32f10x_md.o


==============================================================================

Image component sizes


      Code (inc. data)   RO Data    RW Data    ZI Data      Debug   Object Name

       132         20          0          0          0       1078   button.o
        76         16          0          0          0       1267   buzzer.o
         0          0          0          0          0       4540   core_cm3.o
       260         18          0          4          0       2211   delay.o
         8          0          0          0          0        426   eeprom.o
       392         22          0         12          0       2108   eint.o
        52          8          0          0          0        455   fan.o
        48          8          0          0          0        881   fire.o
       628        106          0         12          0       5252   gpio_iic.o
       476         78          0          0          0       2160   ldt.o
       172         24          0          0          0       1394   led.o
       324         28          0          0          0        811   main.o
       172         22          0          0          0       1921   misc.o
       212         30          0          0          0       2705   mq5.o
       912         22       2072       1472          0       7306   oled.o
       332         16          0          0          0       2013   sht.o
        64         26        236          0       1536        796   startup_stm32f10x_md.o
       340         10          0          0          0       6108   stm32f10x_adc.o
       200         18          0          0          0       1972   stm32f10x_exti.o
       486         10          0          0          0       3284   stm32f10x_gpio.o
        26          0          0          0          0       3766   stm32f10x_it.o
       244         26          0         20          0     241697   stm32f10x_rcc.o
       438          6          0          0          0       5408   stm32f10x_usart.o
       328         28          0          0          0       1885   system_stm32f10x.o
       300         32          0         12        128       1778   usart1.o

    ----------------------------------------------------------------------
      6638        574       2340       1532       1664     303222   Object Totals
         0          0         32          0          0          0   (incl. Generated)
        16          0          0          0          0          0   (incl. Padding)

    ----------------------------------------------------------------------

      Code (inc. data)   RO Data    RW Data    ZI Data      Debug   Library Member Name

        90          0          0          0          0          0   __dczerorl2.o
         8          0          0          0          0         68   __main.o
       312          4         17          0          0         92   __printf_flags_wp.o
        14          0          0          0          0         68   __printf_wp.o
         0          0          0          0          0          0   __rtentry.o
        12          0          0          0          0          0   __rtentry2.o
         6          0          0          0          0          0   __rtentry4.o
        52          8          0          0          0          0   __scatter.o
        28          0          0          0          0          0   __scatter_zi.o
        48          6          0          0          0         96   _printf_char_common.o
         6          0          0          0          0          0   _printf_f.o
      1050          0          0          0          0        216   _printf_fp_dec.o
       128         16          0          0          0         84   _printf_fp_infnan.o
         0          0          0          0          0          0   _printf_percent.o
         4          0          0          0          0          0   _printf_percent_end.o
        10          0          0          0          0         68   _sputc.o
       220          4        148          0          0         96   bigflt0.o
      1910        128          0          0          0        672   btod.o
        18          0          0          0          0         80   exit.o
         6          0          0          0          0        152   heapauxi.o
         0          0          0          0          0          0   indicate_semi.o
        44         10         28          0          0         76   lc_numeric_c.o
         2          0          0          0          0          0   libinit.o
        18          0          0          0          0          0   libinit2.o
         2          0          0          0          0          0   libshutdown.o
         2          0          0          0          0          0   libshutdown2.o
         8          4          0          0         96         68   libspace.o
       138          0          0          0          0         80   lludiv10.o
        40          6          0          0          0         84   noretval__2sprintf.o
         8          4          0          0          0         68   rt_locale_intlibspace.o
        78          0          0          0          0         80   rt_memclr_w.o
         2          0          0          0          0          0   rtexit.o
        10          0          0          0          0          0   rtexit2.o
       128          0          0          0          0         68   strcmpv7m.o
        12          4          0          0          0         68   sys_exit.o
        74          0          0          0          0         80   sys_stackheap_outer.o
         2          0          0          0          0         68   use_no_semi.o
       804         16          0          0          0        272   daddsub_clz.o
        24          0          0          0          0         68   dcmpi.o
       688        140          0          0          0        208   ddiv.o
        38          0          0          0          0         68   dflt_clz.o
       120          4          0          0          0         92   dleqf.o
       340         12          0          0          0        104   dmul.o
       156          4          0          0          0         92   dnaninf.o
        12          0          0          0          0         68   dretinf.o
       108          0          0          0          0         80   drleqf.o
         4          0          0          0          0         68   printf1.o
         0          0          0          0          0          0   usenofp.o
        40          0          0          0          0         68   fpclassify.o

    ----------------------------------------------------------------------
      6834        370        196          0        100       3620   Library Totals
        10          0          3          0          4          0   (incl. Padding)

    ----------------------------------------------------------------------

      Code (inc. data)   RO Data    RW Data    ZI Data      Debug   Library Name

      4490        194        193          0         96       2432   c_w.l
      2294        176          0          0          0       1120   fz_ws.l
        40          0          0          0          0         68   m_ws.l

    ----------------------------------------------------------------------
      6834        370        196          0        100       3620   Library Totals

    ----------------------------------------------------------------------

==============================================================================


      Code (inc. data)   RO Data    RW Data    ZI Data      Debug   

     13472        944       2536       1532       1764     300390   Grand Totals
     13472        944       2536        316       1764     300390   ELF Image Totals (compressed)
     13472        944       2536        316          0          0   ROM Totals

==============================================================================

    Total RO  Size (Code + RO Data)                16008 (  15.63kB)
    Total RW  Size (RW Data + ZI Data)              3296 (   3.22kB)
    Total ROM Size (Code + RO Data + RW Data)      16324 (  15.94kB)

==============================================================================

