<html>
<body>
<pre>
<h1>µVision Build Log</h1>
<h2>Tool Versions:</h2>
IDE-Version: ¦ÌVision V5.20.0.0
Copyright (C) 2016 ARM Ltd and ARM Germany GmbH. All rights reserved.
License Information: 1 1, 1, LIC=----
 
Tool Versions:
Toolchain:       MDK-Lite  Version: 5.20
Toolchain Path:  C:\Keil_v5\ARM\ARMCC\Bin
C Compiler:      Armcc.exe V5.06 update 2 (build 183)
Assembler:       Armasm.exe V5.06 update 2 (build 183)
Linker/Locator:  ArmLink.exe V5.06 update 2 (build 183)
Library Manager: ArmAr.exe V5.06 update 2 (build 183)
Hex Converter:   FromElf.exe V5.06 update 2 (build 183)
CPU DLL:         SARMCM3.DLL V5.20
Dialog DLL:      DCM.DLL V1.13.7.0
Target DLL:      STLink\ST-LINKIII-KEIL_SWO.dll V2.0.18.0
Dialog DLL:      TCM.DLL V1.14.9.0
 
<h2>Project:</h2>
C:\Users\12834\Desktop\graduation-project\code\project\test.uvprojx
Project File Date:  04/30/2020

<h2>Output:</h2>
*** Using Compiler 'V5.06 update 2 (build 183)', folder: 'C:\Keil_v5\ARM\ARMCC\Bin'
Rebuild target 'Target'
assembling startup_stm32f10x_md.s...
compiling core_cm3.c...
compiling stm32f10x_rcc.c...
compiling stm32f10x_gpio.c...
compiling misc.c...
compiling stm32f10x_exti.c...
compiling stm32f10x_iwdg.c...
compiling stm32f10x_usart.c...
compiling stm32f10x_i2c.c...
compiling stm32f10x_adc.c...
compiling led.c...
compiling buzzer.c...
compiling button.c...
compiling delay.c...
compiling eint.c...
compiling iwdg.c...
compiling usart1.c...
compiling dht11.c...
compiling gpio_iic.c...
compiling eeprom.c...
compiling sht.c...
compiling oled.c...
compiling fire.c...
compiling fan.c...
compiling ldt.c...
compiling mq5.c...
..\mylib\mq5.h(15): warning:  #1-D: last line of file ends without a newline
  #endif
..\mylib\mq5.c: 1 warning, 0 errors
compiling main.c...
..\mylib\mq5.h(15): warning:  #1-D: last line of file ends without a newline
  #endif
..\user\main.c: 1 warning, 0 errors
compiling stm32f10x_it.c...
compiling system_stm32f10x.c...
linking...
Program Size: Code=13492 RO-data=2536 RW-data=1532 ZI-data=1764  
".\Objects\test.axf" - 0 Error(s), 2 Warning(s).

<h2>Collection of Component include folders:</h2>
  C:\Users\12834\Desktop\graduation-project\code\project\RTE
  C:\Keil_v5\ARM\PACK\Keil\STM32F1xx_DFP\1.1.0\Device\Include

<h2>Collection of Component Files used:</h2>
Build Time Elapsed:  00:00:10
</pre>
</body>
</html>
